Microchip MPLAB XC8 Compiler V1.41 ()

Linker command line:

-W-3 --edf=/Applications/microchip/xc8/v1.41/dat/en_msgs.txt -cs \
  -h+dist/default/debug/CompleteCode_V1.X.debug.sym \
  --cmf=dist/default/debug/CompleteCode_V1.X.debug.cmf -z -Q18F4620 \
  -o/tmp/xcFgdmKPP -Mdist/default/debug/CompleteCode_V1.X.debug.map -E1 \
  -ver=XC8 -ASTACK=015Eh-0eeeh -pstack=STACK -ACODE=00h-0FCFFh \
  -ACONST=00h-0FCFFh -ASMALLCONST=01000h-010FFhx237 \
  -AMEDIUMCONST=01000h-0FCFFh -ACOMRAM=01h-07Fh \
  -AABS1=00h-0EEEh,0F00h-0F7Fh -ABIGRAM=01h-0EEEh,0F00h-0F7Fh \
  -ARAM=080h-0FFh,0100h-01FFhx13,0E00h-0EEEh,0F00h-0F7Fh -ABANK0=080h-0FFh \
  -ABANK1=0100h-01FFh -ABANK2=0200h-02FFh -ABANK3=0300h-03FFh \
  -ABANK4=0400h-04FFh -ABANK5=0500h-05FFh -ABANK6=0600h-06FFh \
  -ABANK7=0700h-07FFh -ABANK8=0800h-08FFh -ABANK9=0900h-09FFh \
  -ABANK10=0A00h-0AFFh -ABANK11=0B00h-0BFFh -ABANK12=0C00h-0CFFh \
  -ABANK13=0D00h-0DFFh -ABANK14=0E00h-0EEEh -ABANK15=0F00h-0F7Fh \
  -ASFR=0F80h-0F9Bh,0F9Dh-0FD3h,0FD5h-0FDAh,0FE0h-0FE2h,0FE8h-0FEAh,0FF0h-0FFBh \
  -preset_vec=00h,intcode=08h,intcodelo,powerup,init -pramtop=01000h \
  -psmallconst=SMALLCONST -pmediumconst=MEDIUMCONST -pconst=CONST \
  -AFARRAM=00h-00h -ACONFIG=0300000h-030000Dh -pconfig=CONFIG \
  -AIDLOC=0200000h-0200007h -pidloc=IDLOC -AEEDATA=0F00000h-0F003FFh \
  -peeprom_data=EEDATA \
  -prdata=COMRAM,nvrram=COMRAM,nvbit=COMRAM,rbss=COMRAM,rbit=COMRAM \
  -pfarbss=FARRAM,fardata=FARRAM,nvFARRAM=FARRAM \
  -pintsave_regs=BIGRAM,bigbss=BIGRAM,bigdata=BIGRAM -pbss=RAM \
  -pidata=CODE,irdata=CODE,ibigdata=CODE,ifardata=CODE -prparam=COMRAM \
  /tmp/xcur3xUzU.obj dist/default/debug/CompleteCode_V1.X.debug.obj 

Object code version is 3.11

Machine type is 18F4620

Call graph: (short form)




                Name                               Link     Load   Length Selector   Space Scale
/tmp/xcur3xUzU.obj
                init                                  E        E        4        4       0
                reset_vec                             0        0        6        0       0
                idloc                            200000   200000        8   200000       0
                config                           300000   300000        E   300000       0
dist/default/debug/CompleteCode_V1.X.debug.obj
                intcode                               8        8        6        4       0
                temp                                 7F       7F        1        1       1
                mediumconst                        FB90     FB90      170     7DC8       0
                text72                             5B02     5B02       56        4       0
                text71                             5F1C     5F1C        C        4       0
                text70                             5BEA     5BEA       46        4       0
                text69                             5432     5432       90        4       0
                text68                             5E9A     5E9A       24        4       0
                text67                             51B6     51B6       AE        4       0
                text66                             3DFC     3DFC      1AC        4       0
                text65                             5C72     5C72       40        4       0
                text64                             4D9A     4D9A       F4        4       0
                text63                             5546     5546       82        4       0
                text62                             58D8     58D8       66        4       0
                text61                             599E     599E       5C        4       0
                text60                             4A72     4A72      128        4       0
                text59                             4816     4816      132        4       0
                text58                             54C2     54C2       84        4       0
                text57                             5730     5730       70        4       0
                text56                             4CA6     4CA6       F4        4       0
                text55                             5E50     5E50       26        4       0
                text54                             3BB6     3BB6      246        4       0
                text53                             5EBE     5EBE       1E        4       0
                text52                             5F10     5F10        C        4       0
                text51                             32B2     32B2      3F0        4       0
                text50                             194C     194C      9B6        4       0
                text49                             4E8E     4E8E       E6        4       0
                text48                             5E76     5E76       24        4       0
                text47                             5AAA     5AAA       58        4       0
                text46                             5E2A     5E2A       26        4       0
                text45                             4948     4948      12A        4       0
                text44                             5A52     5A52       58        4       0
                text43                             2302     2302      6B6        4       0
                text42                             59FA     59FA       58        4       0
                text41                             2E66     2E66      44C        4       0
                intcode_body                       53A0     53A0       92        4       0
                text39                             5D1A     5D1A       32        4       0
                text38                             5C30     5C30       42        4       0
                text37                             50FA     50FA       BC        4       0
                text36                             593E     593E       60        4       0
                text35                             5EDC     5EDC       14        4       0
                text34                             5D7C     5D7C       2E        4       0
                text33                             5F3A     5F3A        8        4       0
                text32                             5F32     5F32        8        4       0
                text31                             5F28     5F28        A        4       0
                text30                             57A0     57A0       6A        4       0
                text29                             580A     580A       68        4       0
                text28                             5F00     5F00       10        4       0
                text27                             5BA4     5BA4       46        4       0
                text26                             4F74     4F74       C8        4       0
                text25                             5D4C     5D4C       30        4       0
                text24                             4B9A     4B9A      10C        4       0
                text23                             394E     394E      268        4       0
                text22                             5B58     5B58       4C        4       0
                text21                             46D2     46D2      144        4       0
                text20                             5306     5306       9A        4       0
                text19                             55C8     55C8       7C        4       0
                text18                             4146     4146      188        4       0
                text17                             3FA8     3FA8      19E        4       0
                text16                             503C     503C       BE        4       0
                text15                             5264     5264       A2        4       0
                text14                             42CE     42CE      15E        4       0
                text13                             5CB2     5CB2       36        4       0
                text12                             36A2     36A2      2AC        4       0
                text11                             5E00     5E00       2A        4       0
                text10                             5EF0     5EF0       10        4       0
                text9                              29B8     29B8      4AE        4       0
                text8                               D96      D96      BB6        4       0
                text7                              4586     4586      14C        4       0
                text6                              5DD6     5DD6       2A        4       0
                text5                              5872     5872       66        4       0
                text4                              5DAA     5DAA       2C        4       0
                text3                              442C     442C      15A        4       0
                text2                              56BA     56BA       76        4       0
                text1                              5644     5644       76        4       0
                text0                                12       12      D84        4       0
                cstackCOMRAM                          1        1       74        1       1
                cstackBANK0                          80       80       69       80       1
                cstackBANK1                         100      100       33      100       1
                bssBANK1                            133      133       2B      100       1
                bssBANK0                             E9       E9        9       80       1
                bssCOMRAM                            75       75        A        1       1
                cinit                              5CE8     5CE8       32        4       0

TOTAL           Name                               Link     Load   Length     Space
        CLASS   STACK          

        CLASS   CODE           
                intcode                               8        8        6         0
                init                                  E        E        4         0
                reset_vec                             0        0        6         0
                text72                             5B02     5B02       56         0
                text71                             5F1C     5F1C        C         0
                text70                             5BEA     5BEA       46         0
                text69                             5432     5432       90         0
                text68                             5E9A     5E9A       24         0
                text67                             51B6     51B6       AE         0
                text66                             3DFC     3DFC      1AC         0
                text65                             5C72     5C72       40         0
                text64                             4D9A     4D9A       F4         0
                text63                             5546     5546       82         0
                text62                             58D8     58D8       66         0
                text61                             599E     599E       5C         0
                text60                             4A72     4A72      128         0
                text59                             4816     4816      132         0
                text58                             54C2     54C2       84         0
                text57                             5730     5730       70         0
                text56                             4CA6     4CA6       F4         0
                text55                             5E50     5E50       26         0
                text54                             3BB6     3BB6      246         0
                text53                             5EBE     5EBE       1E         0
                text52                             5F10     5F10        C         0
                text51                             32B2     32B2      3F0         0
                text50                             194C     194C      9B6         0
                text49                             4E8E     4E8E       E6         0
                text48                             5E76     5E76       24         0
                text47                             5AAA     5AAA       58         0
                text46                             5E2A     5E2A       26         0
                text45                             4948     4948      12A         0
                text44                             5A52     5A52       58         0
                text43                             2302     2302      6B6         0
                text42                             59FA     59FA       58         0
                text41                             2E66     2E66      44C         0
                intcode_body                       53A0     53A0       92         0
                text39                             5D1A     5D1A       32         0
                text38                             5C30     5C30       42         0
                text37                             50FA     50FA       BC         0
                text36                             593E     593E       60         0
                text35                             5EDC     5EDC       14         0
                text34                             5D7C     5D7C       2E         0
                text33                             5F3A     5F3A        8         0
                text32                             5F32     5F32        8         0
                text31                             5F28     5F28        A         0
                text30                             57A0     57A0       6A         0
                text29                             580A     580A       68         0
                text28                             5F00     5F00       10         0
                text27                             5BA4     5BA4       46         0
                text26                             4F74     4F74       C8         0
                text25                             5D4C     5D4C       30         0
                text24                             4B9A     4B9A      10C         0
                text23                             394E     394E      268         0
                text22                             5B58     5B58       4C         0
                text21                             46D2     46D2      144         0
                text20                             5306     5306       9A         0
                text19                             55C8     55C8       7C         0
                text18                             4146     4146      188         0
                text17                             3FA8     3FA8      19E         0
                text16                             503C     503C       BE         0
                text15                             5264     5264       A2         0
                text14                             42CE     42CE      15E         0
                text13                             5CB2     5CB2       36         0
                text12                             36A2     36A2      2AC         0
                text11                             5E00     5E00       2A         0
                text10                             5EF0     5EF0       10         0
                text9                              29B8     29B8      4AE         0
                text8                               D96      D96      BB6         0
                text7                              4586     4586      14C         0
                text6                              5DD6     5DD6       2A         0
                text5                              5872     5872       66         0
                text4                              5DAA     5DAA       2C         0
                text3                              442C     442C      15A         0
                text2                              56BA     56BA       76         0
                text1                              5644     5644       76         0
                text0                                12       12      D84         0
                cinit                              5CE8     5CE8       32         0

        CLASS   CONST          

        CLASS   SMALLCONST     

        CLASS   MEDIUMCONST    
                mediumconst                        FB90     FB90      170         0

        CLASS   COMRAM         
                temp                                 7F       7F        1         1
                cstackCOMRAM                          1        1       74         1
                bssCOMRAM                            75       75        A         1

        CLASS   ABS1           

        CLASS   BIGRAM         

        CLASS   RAM            

        CLASS   BANK0          
                cstackBANK0                          80       80       69         1
                bssBANK0                             E9       E9        9         1

        CLASS   BANK1          
                cstackBANK1                         100      100       33         1
                bssBANK1                            133      133       2B         1

        CLASS   BANK2          

        CLASS   BANK3          

        CLASS   BANK4          

        CLASS   BANK5          

        CLASS   BANK6          

        CLASS   BANK7          

        CLASS   BANK8          

        CLASS   BANK9          

        CLASS   BANK10         

        CLASS   BANK11         

        CLASS   BANK12         

        CLASS   BANK13         

        CLASS   BANK14         

        CLASS   BANK15         

        CLASS   SFR            

        CLASS   FARRAM         

        CLASS   CONFIG         
                config                           300000   300000        E         0

        CLASS   IDLOC          
                idloc                            200000   200000        8         0

        CLASS   EEDATA         



SEGMENTS        Name                           Load    Length   Top    Selector   Space  Class

                reset_vec                      000000  000006  000006         0       0  CODE    
                cstackCOMRAM                   000001  00007F  000080         1       1  COMRAM  
                intcode                        000008  005F3A  005F42         4       0  CODE    
                cstackBANK0                    000080  000072  0000F2        80       1  BANK0   
                cstackBANK1                    000100  00005E  00015E       100       1  BANK1   
                mediumconst                    00FB90  000170  00FD00      7DC8       0  MEDIUMCO
                idloc                          200000  000008  200008    200000       0  IDLOC   
                config                         300000  00000E  30000E    300000       0  CONFIG  


UNUSED ADDRESS RANGES

        Name                Unused          Largest block    Delta
        BANK0            0000F2-0000FF                E
        BANK1            00015E-0001FF               A2
        BANK10           000A00-000AFF              100
        BANK11           000B00-000BFF              100
        BANK12           000C00-000CFF              100
        BANK13           000D00-000DFF              100
        BANK14           000E00-000EEE               EF
        BANK15           000F00-000F7F               80
        BANK2            000200-0002FF              100
        BANK3            000300-0003FF              100
        BANK4            000400-0004FF              100
        BANK5            000500-0005FF              100
        BANK6            000600-0006FF              100
        BANK7            000700-0007FF              100
        BANK8            000800-0008FF              100
        BANK9            000900-0009FF              100
        BIGRAM           0000F2-0000FF                E
                         00015E-000EEE              D91
                         000F00-000F7F               80
        CODE             000006-000007                2
                         005F42-00FB8F             9C4E
        CONST            000006-000007                2
                         005F42-00FB8F             9C4E
        EEDATA           F00000-F003FF              400
        MEDIUMCONST      005F42-00FB8F             9C4E
        RAM              0000F2-0000FF                E
                         00015E-000EEE              100
                         000F00-000F7F               80
        SFR              000F80-000F9B               1C
                         000F9D-000FD3               37
                         000FD5-000FDA                6
                         000FE0-000FE2                3
                         000FE8-000FEA                3
                         000FF0-000FFB                C
        SMALLCONST       005F42-00FB8F              100
        STACK            00015E-000EEE              D91

                                  Symbol Table

?___awdiv                           cstackBANK0  000086
?___awmod                           cstackBANK0  000080
?___ftadd                           cstackBANK0  0000AD
?___ftdiv                           cstackBANK0  0000A3
?___ftmul                           cstackBANK0  000094
?___ftneg                           cstackBANK0  000080
?___ftpack                          cstackBANK0  000080
?___ftsub                           cstackBANK0  0000B9
?___fttol                           cstackBANK0  0000AA
?___lldiv                           cstackBANK0  000080
?___llmod                           cstackBANK0  00008D
?___lltoft                          cstackBANK0  000088
?___lwtoft                          cstackBANK0  000088
?___wmul                            cstackBANK0  00008E
?__div_to_l_                        cstackBANK0  000080
?__tdiv_to_l_                       cstackBANK0  000080
?_abs                               cstackBANK0  0000B9
?_delay_1s_interrupt                cstackBANK0  000080
?_fround                            cstackBANK0  0000A3
?_printf                            cstackBANK0  0000BF
?_readADC                           cstackBANK0  0000BC
?_scale                             cstackBANK0  0000A3
?i2___awdiv                         cstackCOMRAM 000007
?i2___awmod                         cstackCOMRAM 000001
?i2___ftadd                         cstackCOMRAM 00002E
?i2___ftdiv                         cstackCOMRAM 000024
?i2___ftmul                         cstackCOMRAM 000015
?i2___ftneg                         cstackCOMRAM 000001
?i2___ftpack                        cstackCOMRAM 000001
?i2___ftsub                         cstackCOMRAM 00003A
?i2___fttol                         cstackCOMRAM 00002B
?i2___lldiv                         cstackCOMRAM 000001
?i2___llmod                         cstackCOMRAM 00000E
?i2___lltoft                        cstackCOMRAM 000009
?i2___lwtoft                        cstackCOMRAM 000009
?i2___wmul                          cstackCOMRAM 00000F
?i2__div_to_l_                      cstackCOMRAM 000001
?i2__tdiv_to_l_                     cstackCOMRAM 000001
?i2_abs                             cstackCOMRAM 00003A
?i2_fround                          cstackCOMRAM 000024
?i2_printf                          cstackCOMRAM 000040
?i2_readADC                         cstackCOMRAM 00003D
?i2_scale                           cstackCOMRAM 000024
Eeprom_ReadByte@address             cstackBANK0  000082
Eeprom_WriteByte@address            cstackBANK0  000083
Eeprom_WriteByte@data               cstackBANK0  000080
I2C_Master_Init@c                   cstackBANK0  00008D
I2C_Master_Read@a                   cstackBANK0  000081
I2C_Master_Read@temp                cstackBANK0  000082
I2C_Master_Write@d                  cstackBANK0  000081
_AA_or_9V                           bssBANK1     000153
_ACKDT                              (abs)        007E2D
_ACKEN                              (abs)        007E2C
_ADCON0                             (abs)        000FC2
_ADCON0bits                         (abs)        000FC2
_ADCON1                             (abs)        000FC1
_ADFM                               (abs)        007E07
_ADON                               (abs)        007E10
_ADRES                              (abs)        000FC3
_CMCONbits                          (abs)        000FB4
_CVRCON                             (abs)        000FB5
_EEADR                              (abs)        000FA9
_EEADRH                             (abs)        000FAA
_EECON1bits                         (abs)        000FA6
_EECON2                             (abs)        000FA7
_EEDATA                             (abs)        000FA8
_Eeprom_ReadByte                    text39       005D1A
_Eeprom_WriteByte                   text38       005C30
_I2C_Master_Init                    text36       00593E
_I2C_Master_Read                    text34       005D7C
_I2C_Master_Start                   text33       005F3A
_I2C_Master_Stop                    text32       005F32
_I2C_Master_Wait                    text35       005EDC
_I2C_Master_Write                   text31       005F28
_INTCONbits                         (abs)        000FF2
_IRQ                                intcode      000008
_LATA                               (abs)        000F89
_LATB                               (abs)        000F8A
_LATC                               (abs)        000F8B
_LATCbits                           (abs)        000F8B
_LATD                               (abs)        000F8C
_LATDbits                           (abs)        000F8C
_LATE                               (abs)        000F8D
_OSCCON                             (abs)        000FD3
_PEIE                               (abs)        007F96
_PEN                                (abs)        007E2A
_PIR2bits                           (abs)        000FA1
_PORTB                              (abs)        000F81
_PORTBbits                          (abs)        000F81
_RCEN                               (abs)        007E2B
_RSEN                               (abs)        007E29
_SEN                                (abs)        007E28
_SSPADD                             (abs)        000FC8
_SSPBUF                             (abs)        000FC9
_SSPCON1                            (abs)        000FC6
_SSPCON2                            (abs)        000FC5
_SSPSTAT                            (abs)        000FC7
_T1CON                              (abs)        000FCD
_T3CON                              (abs)        000FB1
_TMR1H                              (abs)        000FCF
_TMR1IE                             (abs)        007CE8
_TMR1IF                             (abs)        007CF0
_TMR1L                              (abs)        000FCE
_TMR1ON                             (abs)        007E68
_TMR3H                              (abs)        000FB3
_TMR3IE                             (abs)        007D01
_TMR3IF                             (abs)        007D09
_TMR3L                              (abs)        000FB2
_TMR3ON                             (abs)        007D88
_TRISA                              (abs)        000F92
_TRISB                              (abs)        000F93
_TRISC                              (abs)        000F94
_TRISC3                             (abs)        007CA3
_TRISC4                             (abs)        007CA4
_TRISD                              (abs)        000F95
_TRISE                              (abs)        000F96
__CFG_BOREN$SBORDIS                 (abs)        000000
__CFG_BORV$3                        (abs)        000000
__CFG_CCP2MX$PORTC                  (abs)        000000
__CFG_CP0$OFF                       (abs)        000000
__CFG_CP1$OFF                       (abs)        000000
__CFG_CP2$OFF                       (abs)        000000
__CFG_CP3$OFF                       (abs)        000000
__CFG_CPB$OFF                       (abs)        000000
__CFG_CPD$OFF                       (abs)        000000
__CFG_EBTR0$OFF                     (abs)        000000
__CFG_EBTR1$OFF                     (abs)        000000
__CFG_EBTR2$OFF                     (abs)        000000
__CFG_EBTR3$OFF                     (abs)        000000
__CFG_EBTRB$OFF                     (abs)        000000
__CFG_FCMEN$OFF                     (abs)        000000
__CFG_IESO$OFF                      (abs)        000000
__CFG_LPT1OSC$OFF                   (abs)        000000
__CFG_LVP$OFF                       (abs)        000000
__CFG_MCLRE$ON                      (abs)        000000
__CFG_OSC$HS                        (abs)        000000
__CFG_PBADEN$ON                     (abs)        000000
__CFG_PWRT$OFF                      (abs)        000000
__CFG_STVREN$ON                     (abs)        000000
__CFG_WDT$OFF                       (abs)        000000
__CFG_WDTPS$32768                   (abs)        000000
__CFG_WRT0$OFF                      (abs)        000000
__CFG_WRT1$OFF                      (abs)        000000
__CFG_WRT2$OFF                      (abs)        000000
__CFG_WRT3$OFF                      (abs)        000000
__CFG_WRTB$OFF                      (abs)        000000
__CFG_WRTC$OFF                      (abs)        000000
__CFG_WRTD$OFF                      (abs)        000000
__CFG_XINST$OFF                     (abs)        000000
__HRAM                              (abs)        000000
__Habs1                             abs1         000000
__Hbank0                            bank0        000000
__Hbank1                            bank1        000000
__Hbank10                           bank10       000000
__Hbank11                           bank11       000000
__Hbank12                           bank12       000000
__Hbank13                           bank13       000000
__Hbank14                           bank14       000000
__Hbank15                           bank15       000000
__Hbank2                            bank2        000000
__Hbank3                            bank3        000000
__Hbank4                            bank4        000000
__Hbank5                            bank5        000000
__Hbank6                            bank6        000000
__Hbank7                            bank7        000000
__Hbank8                            bank8        000000
__Hbank9                            bank9        000000
__Hbigbss                           bigbss       000000
__Hbigdata                          bigdata      000000
__Hbigram                           bigram       000000
__Hbss                              bss          000000
__HbssBANK0                         bssBANK0     000000
__HbssBANK1                         bssBANK1     000000
__HbssCOMRAM                        bssCOMRAM    000000
__Hcinit                            cinit        000000
__Hclrtext                          clrtext      000000
__Hcomram                           comram       000000
__Hconfig                           config       30000E
__Hconst                            const        000000
__HcstackBANK0                      cstackBANK0  000000
__HcstackBANK1                      cstackBANK1  000000
__HcstackCOMRAM                     cstackCOMRAM 000000
__Hdata                             data         000000
__Heeprom_data                      eeprom_data  000000
__Hfarbss                           farbss       000000
__Hfardata                          fardata      000000
__Hibigdata                         ibigdata     000000
__Hidata                            idata        000000
__Hidloc                            idloc        200008
__Hifardata                         ifardata     000000
__Hinit                             init         000012
__Hintcode                          intcode      00000E
__Hintcode_body                     intcode_body 000000
__Hintcodelo                        intcodelo    00000E
__Hintentry                         intentry     000000
__Hintret                           intret       000000
__Hintsave_regs                     intsave_regs 000000
__Hirdata                           irdata       000000
__Hmediumconst                      mediumconst  00FD00
__HnvFARRAM                         nvFARRAM     000000
__Hnvbit                            nvbit        000000
__Hnvrram                           nvrram       000000
__Hparam                            rparam       000000
__Hpowerup                          powerup      00000E
__Hram                              ram          000000
__Hramtop                           ramtop       001000
__Hrbit                             rbit         000000
__Hrbss                             rbss         000000
__Hrdata                            rdata        000000
__Hreset_vec                        reset_vec    000006
__Hrparam                           rparam       000000
__Hsfr                              sfr          000000
__Hsmallconst                       smallconst   000000
__Hspace_0                          (abs)        30000E
__Hspace_1                          (abs)        00015E
__Hspace_2                          (abs)        000000
__Hstack                            stack        000000
__Hstruct                           struct       000000
__Htemp                             temp         000080
__Htext                             text         000000
__Htext0                            text0        000000
__Htext1                            text1        000000
__Htext10                           text10       000000
__Htext11                           text11       000000
__Htext12                           text12       000000
__Htext13                           text13       000000
__Htext14                           text14       000000
__Htext15                           text15       000000
__Htext16                           text16       000000
__Htext17                           text17       000000
__Htext18                           text18       000000
__Htext19                           text19       000000
__Htext2                            text2        000000
__Htext20                           text20       000000
__Htext21                           text21       000000
__Htext22                           text22       000000
__Htext23                           text23       000000
__Htext24                           text24       000000
__Htext25                           text25       000000
__Htext26                           text26       000000
__Htext27                           text27       000000
__Htext28                           text28       000000
__Htext29                           text29       000000
__Htext3                            text3        000000
__Htext30                           text30       000000
__Htext31                           text31       000000
__Htext32                           text32       000000
__Htext33                           text33       000000
__Htext34                           text34       000000
__Htext35                           text35       000000
__Htext36                           text36       000000
__Htext37                           text37       000000
__Htext38                           text38       000000
__Htext39                           text39       000000
__Htext4                            text4        000000
__Htext41                           text41       000000
__Htext42                           text42       000000
__Htext43                           text43       000000
__Htext44                           text44       000000
__Htext45                           text45       000000
__Htext46                           text46       000000
__Htext47                           text47       000000
__Htext48                           text48       000000
__Htext49                           text49       000000
__Htext5                            text5        000000
__Htext50                           text50       000000
__Htext51                           text51       000000
__Htext52                           text52       000000
__Htext53                           text53       000000
__Htext54                           text54       000000
__Htext55                           text55       000000
__Htext56                           text56       000000
__Htext57                           text57       000000
__Htext58                           text58       000000
__Htext59                           text59       000000
__Htext6                            text6        000000
__Htext60                           text60       000000
__Htext61                           text61       000000
__Htext62                           text62       000000
__Htext63                           text63       000000
__Htext64                           text64       000000
__Htext65                           text65       000000
__Htext66                           text66       000000
__Htext67                           text67       000000
__Htext68                           text68       000000
__Htext69                           text69       000000
__Htext7                            text7        000000
__Htext70                           text70       000000
__Htext71                           text71       000000
__Htext72                           text72       000000
__Htext8                            text8        000000
__Htext9                            text9        000000
__LRAM                              (abs)        000001
__Labs1                             abs1         000000
__Lbank0                            bank0        000000
__Lbank1                            bank1        000000
__Lbank10                           bank10       000000
__Lbank11                           bank11       000000
__Lbank12                           bank12       000000
__Lbank13                           bank13       000000
__Lbank14                           bank14       000000
__Lbank15                           bank15       000000
__Lbank2                            bank2        000000
__Lbank3                            bank3        000000
__Lbank4                            bank4        000000
__Lbank5                            bank5        000000
__Lbank6                            bank6        000000
__Lbank7                            bank7        000000
__Lbank8                            bank8        000000
__Lbank9                            bank9        000000
__Lbigbss                           bigbss       000000
__Lbigdata                          bigdata      000000
__Lbigram                           bigram       000000
__Lbss                              bss          000000
__LbssBANK0                         bssBANK0     000000
__LbssBANK1                         bssBANK1     000000
__LbssCOMRAM                        bssCOMRAM    000000
__Lcinit                            cinit        000000
__Lclrtext                          clrtext      000000
__Lcomram                           comram       000000
__Lconfig                           config       300000
__Lconst                            const        000000
__LcstackBANK0                      cstackBANK0  000000
__LcstackBANK1                      cstackBANK1  000000
__LcstackCOMRAM                     cstackCOMRAM 000000
__Ldata                             data         000000
__Leeprom_data                      eeprom_data  000000
__Lfarbss                           farbss       000000
__Lfardata                          fardata      000000
__Libigdata                         ibigdata     000000
__Lidata                            idata        000000
__Lidloc                            idloc        200000
__Lifardata                         ifardata     000000
__Linit                             init         00000E
__Lintcode                          intcode      000008
__Lintcode_body                     intcode_body 000000
__Lintcodelo                        intcodelo    00000E
__Lintentry                         intentry     000000
__Lintret                           intret       000000
__Lintsave_regs                     intsave_regs 000000
__Lirdata                           irdata       000000
__Lmediumconst                      mediumconst  00FB90
__LnvFARRAM                         nvFARRAM     000000
__Lnvbit                            nvbit        000000
__Lnvrram                           nvrram       000000
__Lparam                            rparam       000000
__Lpowerup                          powerup      00000E
__Lram                              ram          000000
__Lramtop                           ramtop       001000
__Lrbit                             rbit         000000
__Lrbss                             rbss         000000
__Lrdata                            rdata        000000
__Lreset_vec                        reset_vec    000000
__Lrparam                           rparam       000000
__Lsfr                              sfr          000000
__Lsmallconst                       smallconst   000000
__Lspace_0                          (abs)        000000
__Lspace_1                          (abs)        000000
__Lspace_2                          (abs)        000000
__Lstack                            stack        000000
__Lstruct                           struct       000000
__Ltemp                             temp         00007F
__Ltext                             text         000000
__Ltext0                            text0        000000
__Ltext1                            text1        000000
__Ltext10                           text10       000000
__Ltext11                           text11       000000
__Ltext12                           text12       000000
__Ltext13                           text13       000000
__Ltext14                           text14       000000
__Ltext15                           text15       000000
__Ltext16                           text16       000000
__Ltext17                           text17       000000
__Ltext18                           text18       000000
__Ltext19                           text19       000000
__Ltext2                            text2        000000
__Ltext20                           text20       000000
__Ltext21                           text21       000000
__Ltext22                           text22       000000
__Ltext23                           text23       000000
__Ltext24                           text24       000000
__Ltext25                           text25       000000
__Ltext26                           text26       000000
__Ltext27                           text27       000000
__Ltext28                           text28       000000
__Ltext29                           text29       000000
__Ltext3                            text3        000000
__Ltext30                           text30       000000
__Ltext31                           text31       000000
__Ltext32                           text32       000000
__Ltext33                           text33       000000
__Ltext34                           text34       000000
__Ltext35                           text35       000000
__Ltext36                           text36       000000
__Ltext37                           text37       000000
__Ltext38                           text38       000000
__Ltext39                           text39       000000
__Ltext4                            text4        000000
__Ltext41                           text41       000000
__Ltext42                           text42       000000
__Ltext43                           text43       000000
__Ltext44                           text44       000000
__Ltext45                           text45       000000
__Ltext46                           text46       000000
__Ltext47                           text47       000000
__Ltext48                           text48       000000
__Ltext49                           text49       000000
__Ltext5                            text5        000000
__Ltext50                           text50       000000
__Ltext51                           text51       000000
__Ltext52                           text52       000000
__Ltext53                           text53       000000
__Ltext54                           text54       000000
__Ltext55                           text55       000000
__Ltext56                           text56       000000
__Ltext57                           text57       000000
__Ltext58                           text58       000000
__Ltext59                           text59       000000
__Ltext6                            text6        000000
__Ltext60                           text60       000000
__Ltext61                           text61       000000
__Ltext62                           text62       000000
__Ltext63                           text63       000000
__Ltext64                           text64       000000
__Ltext65                           text65       000000
__Ltext66                           text66       000000
__Ltext67                           text67       000000
__Ltext68                           text68       000000
__Ltext69                           text69       000000
__Ltext7                            text7        000000
__Ltext70                           text70       000000
__Ltext71                           text71       000000
__Ltext72                           text72       000000
__Ltext8                            text8        000000
__Ltext9                            text9        000000
__S0                                (abs)        30000E
__S1                                (abs)        00015E
__S2                                (abs)        000000
___awdiv                            text16       00503C
___awdiv@counter                    cstackBANK0  00008A
___awdiv@dividend                   cstackBANK0  000086
___awdiv@divisor                    cstackBANK0  000088
___awdiv@quotient                   cstackBANK0  00008C
___awdiv@sign                       cstackBANK0  00008B
___awmod                            text15       005264
___awmod@counter                    cstackBANK0  000084
___awmod@dividend                   cstackBANK0  000080
___awmod@divisor                    cstackBANK0  000082
___awmod@sign                       cstackBANK0  000085
___ftadd                            text23       00394E
___ftadd@exp1                       cstackBANK0  0000B8
___ftadd@exp2                       cstackBANK0  0000B7
___ftadd@f1                         cstackBANK0  0000AD
___ftadd@f2                         cstackBANK0  0000B0
___ftadd@sign                       cstackBANK0  0000B6
___ftdiv                            text7        004586
___ftdiv@cntr                       cstackBANK0  0000AC
___ftdiv@exp                        cstackBANK0  0000B0
___ftdiv@f1                         cstackBANK0  0000A3
___ftdiv@f2                         cstackBANK0  0000A6
___ftdiv@f3                         cstackBANK0  0000AD
___ftdiv@sign                       cstackBANK0  0000B1
___ftge                             text26       004F74
___ftge@ff1                         cstackBANK0  000080
___ftge@ff2                         cstackBANK0  000083
___ftmul                            text14       0042CE
___ftmul@cntr                       cstackBANK0  0000A1
___ftmul@exp                        cstackBANK0  00009D
___ftmul@f1                         cstackBANK0  000094
___ftmul@f2                         cstackBANK0  000097
___ftmul@f3_as_product              cstackBANK0  00009E
___ftmul@sign                       cstackBANK0  0000A2
___ftneg                            text25       005D4C
___ftneg@f1                         cstackBANK0  000080
___ftpack                           text24       004B9A
___ftpack@arg                       cstackBANK0  000080
___ftpack@exp                       cstackBANK0  000083
___ftpack@sign                      cstackBANK0  000084
___ftsub                            text22       005B58
___ftsub@f1                         cstackBANK0  0000B9
___ftsub@f2                         cstackBANK0  0000BC
___fttol                            text21       0046D2
___fttol@exp1                       cstackBANK0  0000B8
___fttol@f1                         cstackBANK0  0000AA
___fttol@lval                       cstackBANK0  0000B4
___fttol@sign1                      cstackBANK0  0000B3
___inthi_sp                         stack        000000
___intlo_sp                         stack        000000
___lldiv                            text37       0050FA
___lldiv@counter                    cstackBANK0  00008C
___lldiv@dividend                   cstackBANK0  000080
___lldiv@divisor                    cstackBANK0  000084
___lldiv@quotient                   cstackBANK0  000088
___llmod                            text20       005306
___llmod@counter                    cstackBANK0  000095
___llmod@dividend                   cstackBANK0  00008D
___llmod@divisor                    cstackBANK0  000091
___lltoft                           text19       0055C8
___lltoft@c                         cstackBANK0  000088
___lltoft@exp                       cstackBANK0  000090
___lwtoft                           text6        005DD6
___lwtoft@c                         cstackBANK0  000088
___param_bank                       (abs)        000000
___rparam_used                      (abs)        000001
___sp                               stack        000000
___wmul                             text13       005CB2
___wmul@multiplicand                cstackBANK0  000090
___wmul@multiplier                  cstackBANK0  00008E
___wmul@product                     cstackBANK0  000092
__accesstop                         (abs)        000080
__activetblptr                      (abs)        000002
__div_to_l_                         text18       004146
__div_to_l_@cntr                    cstackBANK0  00008A
__div_to_l_@exp1                    cstackBANK0  00008B
__div_to_l_@f1                      cstackBANK0  000080
__div_to_l_@f2                      cstackBANK0  000083
__div_to_l_@quot                    cstackBANK0  000086
__end_of_Eeprom_ReadByte            text39       005D4C
__end_of_Eeprom_WriteByte           text38       005C72
__end_of_I2C_Master_Init            text36       00599E
__end_of_I2C_Master_Read            text34       005DAA
__end_of_I2C_Master_Start           text33       005F42
__end_of_I2C_Master_Stop            text32       005F3A
__end_of_I2C_Master_Wait            text35       005EF0
__end_of_I2C_Master_Write           text31       005F32
__end_of_IRQ                        intcode_body 005432
__end_of___awdiv                    text16       0050FA
__end_of___awmod                    text15       005306
__end_of___ftadd                    text23       003BB6
__end_of___ftdiv                    text7        0046D2
__end_of___ftge                     text26       00503C
__end_of___ftmul                    text14       00442C
__end_of___ftneg                    text25       005D7C
__end_of___ftpack                   text24       004CA6
__end_of___ftsub                    text22       005BA4
__end_of___fttol                    text21       004816
__end_of___lldiv                    text37       0051B6
__end_of___llmod                    text20       0053A0
__end_of___lltoft                   text19       005644
__end_of___lwtoft                   text6        005E00
__end_of___wmul                     text13       005CE8
__end_of__div_to_l_                 text18       0042CE
__end_of__initialization            cinit        005D0C
__end_of__npowers_                  mediumconst  00FC07
__end_of__powers_                   mediumconst  00FBE0
__end_of__tdiv_to_l_                text17       004146
__end_of_abs                        text5        0058D8
__end_of_delay_1s_interrupt         text30       00580A
__end_of_dpowers                    mediumconst  00FBB9
__end_of_fround                     text12       00394E
__end_of_happynewyear               mediumconst  00FC3F
__end_of_hexpowers                  mediumconst  00FC27
__end_of_initLCD                    text27       005BEA
__end_of_isdigit                    text11       005E2A
__end_of_keys                       mediumconst  00FC38
__end_of_lcdInst                    text28       005F10
__end_of_lcdNibble                  text29       005872
__end_of_main                       text0        000D96
__end_of_printf                     text8        00194C
__end_of_putch                      text10       005F00
__end_of_read                       text4        005DD6
__end_of_readADC                    text3        004586
__end_of_scale                      text9        002E66
__end_of_servo_ISR_1                text43       0029B8
__end_of_servo_ISR_3                text41       0032B2
__end_of_set_external_interrupt1    text2        005730
__end_of_set_external_interrupt3    text1        0056BA
__end_ofi2___awdiv                  text58       005546
__end_ofi2___awmod                  text57       0057A0
__end_ofi2___ftadd                  text66       003FA8
__end_ofi2___ftdiv                  text49       004F74
__end_ofi2___ftge                   text69       0054C2
__end_ofi2___ftmul                  text56       004D9A
__end_ofi2___ftneg                  text68       005EBE
__end_ofi2___ftpack                 text67       005264
__end_ofi2___ftsub                  text65       005CB2
__end_ofi2___fttol                  text64       004E8E
__end_ofi2___lldiv                  text63       0055C8
__end_ofi2___llmod                  text62       00593E
__end_ofi2___lltoft                 text61       0059FA
__end_ofi2___lwtoft                 text48       005E9A
__end_ofi2___wmul                   text55       005E76
__end_ofi2__div_to_l_               text60       004B9A
__end_ofi2__tdiv_to_l_              text59       004948
__end_ofi2_abs                      text47       005B02
__end_ofi2_fround                   text54       003DFC
__end_ofi2_initLCD                  text70       005C30
__end_ofi2_isdigit                  text53       005EDC
__end_ofi2_lcdInst                  text71       005F28
__end_ofi2_lcdNibble                text72       005B58
__end_ofi2_printf                   text50       002302
__end_ofi2_putch                    text52       005F1C
__end_ofi2_read                     text46       005E50
__end_ofi2_readADC                  text45       004A72
__end_ofi2_scale                    text51       0036A2
__end_ofi2_set_external_interrupt1  text44       005AAA
__end_ofi2_set_external_interrupt3  text42       005A52
__initialization                    cinit        005CE8
__mediumconst                       mediumconst  00FB90
__npowers_                          mediumconst  00FBE0
__pbssBANK0                         bssBANK0     0000E9
__pbssBANK1                         bssBANK1     000133
__pbssCOMRAM                        bssCOMRAM    000075
__pcinit                            cinit        005CE8
__pcstackBANK0                      cstackBANK0  000080
__pcstackBANK1                      cstackBANK1  000100
__pcstackCOMRAM                     cstackCOMRAM 000001
__pintcode                          intcode      000008
__pintcode_body                     intcode_body 0053A0
__pmediumconst                      mediumconst  00FB90
__powers_                           mediumconst  00FBB9
__ptext0                            text0        000012
__ptext1                            text1        005644
__ptext10                           text10       005EF0
__ptext11                           text11       005E00
__ptext12                           text12       0036A2
__ptext13                           text13       005CB2
__ptext14                           text14       0042CE
__ptext15                           text15       005264
__ptext16                           text16       00503C
__ptext17                           text17       003FA8
__ptext18                           text18       004146
__ptext19                           text19       0055C8
__ptext2                            text2        0056BA
__ptext20                           text20       005306
__ptext21                           text21       0046D2
__ptext22                           text22       005B58
__ptext23                           text23       00394E
__ptext24                           text24       004B9A
__ptext25                           text25       005D4C
__ptext26                           text26       004F74
__ptext27                           text27       005BA4
__ptext28                           text28       005F00
__ptext29                           text29       00580A
__ptext3                            text3        00442C
__ptext30                           text30       0057A0
__ptext31                           text31       005F28
__ptext32                           text32       005F32
__ptext33                           text33       005F3A
__ptext34                           text34       005D7C
__ptext35                           text35       005EDC
__ptext36                           text36       00593E
__ptext37                           text37       0050FA
__ptext38                           text38       005C30
__ptext39                           text39       005D1A
__ptext4                            text4        005DAA
__ptext41                           text41       002E66
__ptext42                           text42       0059FA
__ptext43                           text43       002302
__ptext44                           text44       005A52
__ptext45                           text45       004948
__ptext46                           text46       005E2A
__ptext47                           text47       005AAA
__ptext48                           text48       005E76
__ptext49                           text49       004E8E
__ptext5                            text5        005872
__ptext50                           text50       00194C
__ptext51                           text51       0032B2
__ptext52                           text52       005F10
__ptext53                           text53       005EBE
__ptext54                           text54       003BB6
__ptext55                           text55       005E50
__ptext56                           text56       004CA6
__ptext57                           text57       005730
__ptext58                           text58       0054C2
__ptext59                           text59       004816
__ptext6                            text6        005DD6
__ptext60                           text60       004A72
__ptext61                           text61       00599E
__ptext62                           text62       0058D8
__ptext63                           text63       005546
__ptext64                           text64       004D9A
__ptext65                           text65       005C72
__ptext66                           text66       003DFC
__ptext67                           text67       0051B6
__ptext68                           text68       005E9A
__ptext69                           text69       005432
__ptext7                            text7        004586
__ptext70                           text70       005BEA
__ptext71                           text71       005F1C
__ptext72                           text72       005B02
__ptext8                            text8        000D96
__ptext9                            text9        0029B8
__ramtop                            ramtop       001000
__size_of_Eeprom_ReadByte           (abs)        000000
__size_of_Eeprom_WriteByte          (abs)        000000
__size_of_I2C_Master_Init           (abs)        000000
__size_of_I2C_Master_Read           (abs)        000000
__size_of_I2C_Master_Start          (abs)        000000
__size_of_I2C_Master_Stop           (abs)        000000
__size_of_I2C_Master_Wait           (abs)        000000
__size_of_I2C_Master_Write          (abs)        000000
__size_of_IRQ                       (abs)        000000
__size_of___awdiv                   (abs)        000000
__size_of___awmod                   (abs)        000000
__size_of___ftadd                   (abs)        000000
__size_of___ftdiv                   (abs)        000000
__size_of___ftge                    (abs)        000000
__size_of___ftmul                   (abs)        000000
__size_of___ftneg                   (abs)        000000
__size_of___ftpack                  (abs)        000000
__size_of___ftsub                   (abs)        000000
__size_of___fttol                   (abs)        000000
__size_of___lldiv                   (abs)        000000
__size_of___llmod                   (abs)        000000
__size_of___lltoft                  (abs)        000000
__size_of___lwtoft                  (abs)        000000
__size_of___wmul                    (abs)        000000
__size_of__div_to_l_                (abs)        000000
__size_of__tdiv_to_l_               (abs)        000000
__size_of_abs                       (abs)        000000
__size_of_delay_1s_interrupt        (abs)        000000
__size_of_fround                    (abs)        000000
__size_of_initLCD                   (abs)        000000
__size_of_isdigit                   (abs)        000000
__size_of_lcdInst                   (abs)        000000
__size_of_lcdNibble                 (abs)        000000
__size_of_main                      (abs)        000000
__size_of_printf                    (abs)        000000
__size_of_putch                     (abs)        000000
__size_of_read                      (abs)        000000
__size_of_readADC                   (abs)        000000
__size_of_scale                     (abs)        000000
__size_of_servo_ISR_1               (abs)        000000
__size_of_servo_ISR_3               (abs)        000000
__size_of_set_external_interrupt1   (abs)        000000
__size_of_set_external_interrupt3   (abs)        000000
__size_ofi2___awdiv                 (abs)        000000
__size_ofi2___awmod                 (abs)        000000
__size_ofi2___ftadd                 (abs)        000000
__size_ofi2___ftdiv                 (abs)        000000
__size_ofi2___ftge                  (abs)        000000
__size_ofi2___ftmul                 (abs)        000000
__size_ofi2___ftneg                 (abs)        000000
__size_ofi2___ftpack                (abs)        000000
__size_ofi2___ftsub                 (abs)        000000
__size_ofi2___fttol                 (abs)        000000
__size_ofi2___lldiv                 (abs)        000000
__size_ofi2___llmod                 (abs)        000000
__size_ofi2___lltoft                (abs)        000000
__size_ofi2___lwtoft                (abs)        000000
__size_ofi2___wmul                  (abs)        000000
__size_ofi2__div_to_l_              (abs)        000000
__size_ofi2__tdiv_to_l_             (abs)        000000
__size_ofi2_abs                     (abs)        000000
__size_ofi2_fround                  (abs)        000000
__size_ofi2_initLCD                 (abs)        000000
__size_ofi2_isdigit                 (abs)        000000
__size_ofi2_lcdInst                 (abs)        000000
__size_ofi2_lcdNibble               (abs)        000000
__size_ofi2_printf                  (abs)        000000
__size_ofi2_putch                   (abs)        000000
__size_ofi2_read                    (abs)        000000
__size_ofi2_readADC                 (abs)        000000
__size_ofi2_scale                   (abs)        000000
__size_ofi2_set_external_interrupt1 (abs)        000000
__size_ofi2_set_external_interrupt3 (abs)        000000
__smallconst                        smallconst   000000
__tdiv_to_l_                        text17       003FA8
__tdiv_to_l_@cntr                   cstackBANK0  00008D
__tdiv_to_l_@exp1                   cstackBANK0  00008E
__tdiv_to_l_@f1                     cstackBANK0  000080
__tdiv_to_l_@f2                     cstackBANK0  000083
__tdiv_to_l_@quot                   cstackBANK0  000089
_abs                                text5        005872
_count1                             bssCOMRAM    000075
_count3                             bssBANK1     00014D
_count_9V                           bssBANK1     000149
_count_AA                           bssBANK1     00014B
_count_C                            bssBANK1     000147
_count_drained                      bssBANK1     000145
_current_state1                     bssCOMRAM    00007E
_current_state3                     bssCOMRAM    00007D
_delay_1s_interrupt                 text30       0057A0
_down_period1                       bssCOMRAM    000077
_down_period3                       bssBANK0     0000EC
_dpowers                            mediumconst  00FB91
_fround                             text12       0036A2
_fround$1559                        cstackBANK0  0000A9
_fround$1560                        cstackBANK0  0000A6
_gate_status1                       bssBANK1     000157
_gate_status3                       bssBANK1     000156
_happynewyear                       mediumconst  00FC38
_hexpowers                          mediumconst  00FC07
_init1                              bssBANK1     000155
_init3                              bssBANK1     000154
_initLCD                            text27       005BA4
_isdigit                            text11       005E00
_isdigit$1222                       cstackBANK0  000081
_isr1                               bssBANK0     0000F1
_isr3                               bssBANK0     0000F0
_keys                               mediumconst  00FC27
_lcdInst                            text28       005F00
_lcdNibble                          text29       00580A
_main                               text0        000012
_nRBPU                              (abs)        007F8F
_printf                             text8        000D96
_printf$1562                        cstackBANK0  0000CD
_process1                           bssBANK1     000150
_process3                           bssBANK1     00014F
_putch                              text10       005EF0
_read                               text4        005DAA
_readADC                            text3        00442C
_scale                              text9        0029B8
_scale$1561                         cstackBANK0  0000A6
_servo_ISR_1                        text43       002302
_servo_ISR_3                        text41       002E66
_set_external_interrupt1            text2        0056BA
_set_external_interrupt3            text1        005644
_stage1                             bssCOMRAM    00007C
_stage3                             bssCOMRAM    00007B
_up_period1                         bssCOMRAM    000079
_up_period3                         bssBANK0     0000EE
_volt_check1                        bssBANK1     000152
_volt_check3                        bssBANK1     000151
_voltage_0                          bssBANK1     000142
_voltage_1                          bssBANK1     00015B
_voltage_2                          bssBANK1     000158
_voltage_3                          bssBANK1     00013F
_voltage_4                          bssBANK1     00013C
_voltage_6                          bssBANK0     0000E9
_voltage_9V                         bssBANK1     000136
_voltage_AA                         bssBANK1     000139
_voltage_C                          bssBANK1     000133
abs@num                             cstackBANK0  0000B9
btemp                               temp         00007F
delay_1s_interrupt@i                cstackBANK0  000086
delay_1s_interrupt@n                cstackBANK0  000085
end_of_initialization               cinit        005D0C
fround@prec                         cstackBANK0  0000AC
i2___awdiv                          text58       0054C2
i2___awdiv@counter                  cstackCOMRAM 00000B
i2___awdiv@dividend                 cstackCOMRAM 000007
i2___awdiv@divisor                  cstackCOMRAM 000009
i2___awdiv@quotient                 cstackCOMRAM 00000D
i2___awdiv@sign                     cstackCOMRAM 00000C
i2___awmod                          text57       005730
i2___awmod@counter                  cstackCOMRAM 000005
i2___awmod@dividend                 cstackCOMRAM 000001
i2___awmod@divisor                  cstackCOMRAM 000003
i2___awmod@sign                     cstackCOMRAM 000006
i2___ftadd                          text66       003DFC
i2___ftadd@exp1                     cstackCOMRAM 000039
i2___ftadd@exp2                     cstackCOMRAM 000038
i2___ftadd@f1                       cstackCOMRAM 00002E
i2___ftadd@f2                       cstackCOMRAM 000031
i2___ftadd@sign                     cstackCOMRAM 000037
i2___ftdiv                          text49       004E8E
i2___ftdiv@cntr                     cstackCOMRAM 00002D
i2___ftdiv@exp                      cstackCOMRAM 000031
i2___ftdiv@f1                       cstackCOMRAM 000024
i2___ftdiv@f2                       cstackCOMRAM 000027
i2___ftdiv@f3                       cstackCOMRAM 00002E
i2___ftdiv@sign                     cstackCOMRAM 000032
i2___ftge                           text69       005432
i2___ftge@ff1                       cstackCOMRAM 000001
i2___ftge@ff2                       cstackCOMRAM 000004
i2___ftmul                          text56       004CA6
i2___ftmul@cntr                     cstackCOMRAM 000022
i2___ftmul@exp                      cstackCOMRAM 00001E
i2___ftmul@f1                       cstackCOMRAM 000015
i2___ftmul@f2                       cstackCOMRAM 000018
i2___ftmul@f3_as_product            cstackCOMRAM 00001F
i2___ftmul@sign                     cstackCOMRAM 000023
i2___ftneg                          text68       005E9A
i2___ftneg@f1                       cstackCOMRAM 000001
i2___ftpack                         text67       0051B6
i2___ftpack@arg                     cstackCOMRAM 000001
i2___ftpack@exp                     cstackCOMRAM 000004
i2___ftpack@sign                    cstackCOMRAM 000005
i2___ftsub                          text65       005C72
i2___ftsub@f1                       cstackCOMRAM 00003A
i2___ftsub@f2                       cstackCOMRAM 00003D
i2___fttol                          text64       004D9A
i2___fttol@exp1                     cstackCOMRAM 000039
i2___fttol@f1                       cstackCOMRAM 00002B
i2___fttol@lval                     cstackCOMRAM 000035
i2___fttol@sign1                    cstackCOMRAM 000034
i2___lldiv                          text63       005546
i2___lldiv@counter                  cstackCOMRAM 00000D
i2___lldiv@dividend                 cstackCOMRAM 000001
i2___lldiv@divisor                  cstackCOMRAM 000005
i2___lldiv@quotient                 cstackCOMRAM 000009
i2___llmod                          text62       0058D8
i2___llmod@counter                  cstackCOMRAM 000016
i2___llmod@dividend                 cstackCOMRAM 00000E
i2___llmod@divisor                  cstackCOMRAM 000012
i2___lltoft                         text61       00599E
i2___lltoft@c                       cstackCOMRAM 000009
i2___lltoft@exp                     cstackCOMRAM 000011
i2___lwtoft                         text48       005E76
i2___lwtoft@c                       cstackCOMRAM 000009
i2___wmul                           text55       005E50
i2___wmul@multiplicand              cstackCOMRAM 000011
i2___wmul@multiplier                cstackCOMRAM 00000F
i2___wmul@product                   cstackCOMRAM 000013
i2__div_to_l_                       text60       004A72
i2__div_to_l_@cntr                  cstackCOMRAM 00000B
i2__div_to_l_@exp1                  cstackCOMRAM 00000C
i2__div_to_l_@f1                    cstackCOMRAM 000001
i2__div_to_l_@f2                    cstackCOMRAM 000004
i2__div_to_l_@quot                  cstackCOMRAM 000007
i2__tdiv_to_l_                      text59       004816
i2__tdiv_to_l_@cntr                 cstackCOMRAM 00000E
i2__tdiv_to_l_@exp1                 cstackCOMRAM 00000F
i2__tdiv_to_l_@f1                   cstackCOMRAM 000001
i2__tdiv_to_l_@f2                   cstackCOMRAM 000004
i2__tdiv_to_l_@quot                 cstackCOMRAM 00000A
i2_abs                              text47       005AAA
i2_fround                           text54       003BB6
i2_fround$1783                      cstackCOMRAM 00002A
i2_fround$1784                      cstackCOMRAM 000027
i2_initLCD                          text70       005BEA
i2_isdigit                          text53       005EBE
i2_isdigit$1222                     cstackCOMRAM 000002
i2_lcdInst                          text71       005F1C
i2_lcdNibble                        text72       005B02
i2_printf                           text50       00194C
i2_printf$1786                      cstackCOMRAM 00004B
i2_putch                            text52       005F10
i2_read                             text46       005E2A
i2_readADC                          text45       004948
i2_scale                            text51       0032B2
i2_scale$1785                       cstackCOMRAM 000027
i2_set_external_interrupt1          text44       005A52
i2_set_external_interrupt3          text42       0059FA
i2abs@num                           cstackCOMRAM 00003A
i2fround@prec                       cstackCOMRAM 00002D
i2isdigit@c                         cstackCOMRAM 000003
i2lcdInst@data                      cstackCOMRAM 000003
i2lcdNibble@data                    cstackCOMRAM 000002
i2lcdNibble@temp                    cstackCOMRAM 000001
i2printf@ap                         cstackCOMRAM 00004F
i2printf@c                          cstackCOMRAM 000064
i2printf@exp                        cstackCOMRAM 000059
i2printf@f                          cstackCOMRAM 000040
i2printf@flag                       cstackCOMRAM 00005F
i2printf@fval                       cstackCOMRAM 000061
i2printf@idx                        cstackCOMRAM 00004E
i2printf@prec                       cstackCOMRAM 000051
i2printf@tmpval                     cstackCOMRAM 000053
i2printf@val                        cstackCOMRAM 00005B
i2printf@width                      cstackCOMRAM 000057
i2putch@data                        cstackCOMRAM 000003
i2read@channel2                     cstackCOMRAM 000002
i2readADC@a                         cstackCOMRAM 000044
i2readADC@channel                   cstackCOMRAM 000047
i2readADC@i                         cstackCOMRAM 000043
i2readADC@volt                      cstackCOMRAM 000040
i2scale@scl                         cstackCOMRAM 00002A
i2set_external_interrupt1@set_time  cstackCOMRAM 000011
i2set_external_interrupt1@time      cstackCOMRAM 00000F
i2set_external_interrupt3@set_time  cstackCOMRAM 000011
i2set_external_interrupt3@time      cstackCOMRAM 00000F
int$flags                           temp         00007F
int_func                            intcode_body 0053A0
intlevel0                           text         000000
intlevel1                           text         000000
intlevel2                           text         000000
intlevel3                           text         000000
isdigit@c                           cstackBANK0  000082
lcdInst@data                        cstackBANK0  000082
lcdNibble@data                      cstackBANK0  000081
lcdNibble@temp                      cstackBANK0  000080
main@address_9V                     cstackBANK1  00012E
main@address_AA                     cstackBANK1  00012D
main@address_C                      cstackBANK1  00012F
main@address_drained                cstackBANK1  000130
main@address_min                    cstackBANK1  000132
main@address_seconds                cstackBANK1  00012C
main@address_total                  cstackBANK1  000131
main@count_min                      cstackBANK1  000129
main@count_min_final                cstackBANK1  000127
main@count_min_initial              cstackBANK1  000125
main@count_seconds                  cstackBANK1  00012A
main@count_seconds_final            cstackBANK1  000128
main@count_seconds_initial          cstackBANK1  000126
main@done                           cstackBANK1  000111
main@eeprom_9V                      cstackBANK1  000105
main@eeprom_AA                      cstackBANK1  000104
main@eeprom_C                       cstackBANK1  000106
main@eeprom_drained                 cstackBANK1  000107
main@eeprom_min                     cstackBANK1  000102
main@eeprom_seconds                 cstackBANK1  000103
main@eeprom_total                   cstackBANK1  000108
main@flag_interrupt                 cstackBANK1  000110
main@i                              cstackBANK1  000119
main@i_431                          cstackBANK1  00011A
main@i_433                          cstackBANK1  00011B
main@i_438                          cstackBANK1  00011C
main@i_439                          cstackBANK1  00011D
main@i_444                          cstackBANK1  00011E
main@i_445                          cstackBANK1  00011F
main@i_447                          cstackBANK1  000120
main@i_448                          cstackBANK1  000121
main@j                              cstackBANK1  000122
main@k                              cstackBANK1  000123
main@k_432                          cstackBANK1  000124
main@keypress                       cstackBANK1  00012B
main@loop_count                     cstackBANK1  000100
main@past_9V                        cstackBANK1  00010D
main@past_AA                        cstackBANK1  00010C
main@past_C                         cstackBANK1  00010E
main@past_drained                   cstackBANK1  00010F
main@past_min                       cstackBANK1  000109
main@past_seconds                   cstackBANK1  00010A
main@past_total                     cstackBANK1  00010B
main@time                           cstackBANK1  000112
printf@ap                           cstackBANK0  0000D1
printf@c                            cstackBANK0  0000E6
printf@exp                          cstackBANK0  0000DB
printf@f                            cstackBANK0  0000BF
printf@flag                         cstackBANK0  0000E1
printf@fval                         cstackBANK0  0000E3
printf@idx                          cstackBANK0  0000D0
printf@prec                         cstackBANK0  0000D3
printf@tmpval                       cstackBANK0  0000D5
printf@val                          cstackBANK0  0000DD
printf@width                        cstackBANK0  0000D9
putch@data                          cstackBANK0  000082
read@channel2                       cstackBANK0  000081
readADC@a                           cstackBANK0  0000C3
readADC@channel                     cstackBANK0  0000C6
readADC@i                           cstackBANK0  0000C2
readADC@volt                        cstackBANK0  0000BF
scale@scl                           cstackBANK0  0000A9
set_external_interrupt1@set_time    cstackBANK0  000090
set_external_interrupt1@time        cstackBANK0  00008E
set_external_interrupt3@set_time    cstackBANK0  000090
set_external_interrupt3@time        cstackBANK0  00008E
stackhi                             (abs)        000EEE
stacklo                             (abs)        00015E
start                               init         00000E
start_initialization                cinit        005CE8


FUNCTION INFORMATION:

 *************** function _main *****************
 Defined at:
		line 95 in file "main.c"
 Parameters:    Size  Location     Type
		None
 Auto vars:     Size  Location     Type
  i               1   26[BANK1 ] unsigned char 
  i               1   25[BANK1 ] unsigned char 
  i               1   33[BANK1 ] unsigned char 
  i               1   32[BANK1 ] unsigned char 
  i               1   31[BANK1 ] unsigned char 
  i               1   30[BANK1 ] unsigned char 
  i               1   29[BANK1 ] unsigned char 
  i               1   28[BANK1 ] unsigned char 
  i               1   27[BANK1 ] unsigned char 
  k               1   36[BANK1 ] unsigned char 
  k               1   35[BANK1 ] unsigned char 
  j               1   34[BANK1 ] unsigned char 
  loop_count      2    0[BANK1 ] int 
[...]
  __fttol         1   56[COMRAM] unsigned char 
  __fttol         1   51[COMRAM] unsigned char 
 Return value:  Size  Location     Type
                  4   42[COMRAM] long 
 Registers used:
		wreg, status,2, status,0
 Tracked objects:
		On entry : 
		On exit  : 
		Unchanged: 
 Data sizes:     COMRAM   BANK0   BANK1   BANK2   BANK3   BANK4   BANK5   BANK6   BANK7   BANK8   BANK9  BANK10  BANK11  BANK12  BANK13  BANK14  BANK15
      Params:         4       0       0       0       0       0       0       0       0       0       0       0       0       0       0       0       0
      Locals:         6       0       0       0       0       0       0       0       0       0       0       0       0       0       0       0       0
      Temps:          5       0       0       0       0       0       0       0       0       0       0       0       0       0       0       0       0
      Totals:        15       0       0       0       0       0       0       0       0       0       0       0       0       0       0       0       0
Total ram usage:       15 bytes
 Hardware stack levels used:    1
 This function calls:
		Nothing
 This function is called by:
		i2_printf
 This function uses a non-reentrant model


 *************** function i2___ftsub *****************
 Defined at:
		line 20 in file "/Applications/microchip/xc8/v1.41/sources/common/ftsub.c"
 Parameters:    Size  Location     Type
  f1              3   57[COMRAM] float 
  f2              3   60[COMRAM] float 
 Auto vars:     Size  Location     Type
		None
 Return value:  Size  Location     Type
                  3   57[COMRAM] float 
 Registers used:
		wreg, status,2, status,0, cstack
 Tracked objects:
		On entry : 
		On exit  : 
		Unchanged: 
 Data sizes:     COMRAM   BANK0   BANK1   BANK2   BANK3   BANK4   BANK5   BANK6   BANK7   BANK8   BANK9  BANK10  BANK11  BANK12  BANK13  BANK14  BANK15
      Params:         6       0       0       0       0       0       0       0       0       0       0       0       0       0       0       0       0
      Locals:         0       0       0       0       0       0       0       0       0       0       0       0       0       0       0       0       0
      Temps:          0       0       0       0       0       0       0       0       0       0       0       0       0       0       0       0       0
      Totals:         6       0       0       0       0       0       0       0       0       0       0       0       0       0       0       0       0
Total ram usage:        6 bytes
 Hardware stack levels used:    1
 Hardware stack levels required when called:    2
 This function calls:
		i2___ftadd
 This function is called by:
		i2_printf
 This function uses a non-reentrant model


 *************** function i2___ftadd *****************
 Defined at:
		line 86 in file "/Applications/microchip/xc8/v1.41/sources/common/ftadd.c"
 Parameters:    Size  Location     Type
  f1              3   45[COMRAM] float 
  f2              3   48[COMRAM] float 
 Auto vars:     Size  Location     Type
  __ftadd         1   56[COMRAM] unsigned char 
  __ftadd         1   55[COMRAM] unsigned char 
  __ftadd         1   54[COMRAM] unsigned char 
 Return value:  Size  Location     Type
                  3   45[COMRAM] float 
 Registers used:
		wreg, status,2, status,0, cstack
 Tracked objects:
		On entry : 
		On exit  : 
		Unchanged: 
 Data sizes:     COMRAM   BANK0   BANK1   BANK2   BANK3   BANK4   BANK5   BANK6   BANK7   BANK8   BANK9  BANK10  BANK11  BANK12  BANK13  BANK14  BANK15
      Params:         6       0       0       0       0       0       0       0       0       0       0       0       0       0       0       0       0
      Locals:         3       0       0       0       0       0       0       0       0       0       0       0       0       0       0       0       0
      Temps:          3       0       0       0       0       0       0       0       0       0       0       0       0       0       0       0       0
      Totals:        12       0       0       0       0       0       0       0       0       0       0       0       0       0       0       0       0
Total ram usage:       12 bytes
 Hardware stack levels used:    1
 Hardware stack levels required when called:    1
 This function calls:
		i2___ftpack
 This function is called by:
		i2_readADC
		i2_printf
		i2___ftsub
 This function uses a non-reentrant model


 *************** function i2___ftpack *****************
 Defined at:
		line 62 in file "/Applications/microchip/xc8/v1.41/sources/common/float.c"
 Parameters:    Size  Location     Type
  arg             3    0[COMRAM] unsigned um
  exp             1    3[COMRAM] unsigned char 
  sign            1    4[COMRAM] unsigned char 
 Auto vars:     Size  Location     Type
		None
 Return value:  Size  Location     Type
                  3    0[COMRAM] float 
 Registers used:
		wreg, status,2, status,0
 Tracked objects:
		On entry : 
		On exit  : 
		Unchanged: 
 Data sizes:     COMRAM   BANK0   BANK1   BANK2   BANK3   BANK4   BANK5   BANK6   BANK7   BANK8   BANK9  BANK10  BANK11  BANK12  BANK13  BANK14  BANK15
      Params:         5       0       0       0       0       0       0       0       0       0       0       0       0       0       0       0       0
      Locals:         0       0       0       0       0       0       0       0       0       0       0       0       0       0       0       0       0
      Temps:          3       0       0       0       0       0       0       0       0       0       0       0       0       0       0       0       0
      Totals:         8       0       0       0       0       0       0       0       0       0       0       0       0       0       0       0       0
Total ram usage:        8 bytes
 Hardware stack levels used:    1
 This function calls:
		Nothing
 This function is called by:
		i2___ftadd
		i2___ftdiv
		i2___ftmul
		i2___lltoft
		i2___lwtoft
 This function uses a non-reentrant model


 *************** function i2___ftneg *****************
 Defined at:
		line 15 in file "/Applications/microchip/xc8/v1.41/sources/common/ftneg.c"
 Parameters:    Size  Location     Type
  f1              3    0[COMRAM] float 
 Auto vars:     Size  Location     Type
		None
 Return value:  Size  Location     Type
                  3    0[COMRAM] float 
 Registers used:
		wreg, status,2, status,0
 Tracked objects:
		On entry : 
		On exit  : 
		Unchanged: 
 Data sizes:     COMRAM   BANK0   BANK1   BANK2   BANK3   BANK4   BANK5   BANK6   BANK7   BANK8   BANK9  BANK10  BANK11  BANK12  BANK13  BANK14  BANK15
      Params:         3       0       0       0       0       0       0       0       0       0       0       0       0       0       0       0       0
      Locals:         0       0       0       0       0       0       0       0       0       0       0       0       0       0       0       0       0
      Temps:          0       0       0       0       0       0       0       0       0       0       0       0       0       0       0       0       0
      Totals:         3       0       0       0       0       0       0       0       0       0       0       0       0       0       0       0       0
Total ram usage:        3 bytes
 Hardware stack levels used:    1
 This function calls:
		Nothing
 This function is called by:
		i2_printf
 This function uses a non-reentrant model


 *************** function i2___ftge *****************
 Defined at:
		line 4 in file "/Applications/microchip/xc8/v1.41/sources/common/ftge.c"
 Parameters:    Size  Location     Type
  ff1             3    0[COMRAM] float 
  ff2             3    3[COMRAM] float 
 Auto vars:     Size  Location     Type
		None
 Return value:  Size  Location     Type
		None               void
 Registers used:
		wreg, status,2, status,0
 Tracked objects:
		On entry : 
		On exit  : 
		Unchanged: 
 Data sizes:     COMRAM   BANK0   BANK1   BANK2   BANK3   BANK4   BANK5   BANK6   BANK7   BANK8   BANK9  BANK10  BANK11  BANK12  BANK13  BANK14  BANK15
      Params:         6       0       0       0       0       0       0       0       0       0       0       0       0       0       0       0       0
      Locals:         0       0       0       0       0       0       0       0       0       0       0       0       0       0       0       0       0
      Temps:          3       0       0       0       0       0       0       0       0       0       0       0       0       0       0       0       0
      Totals:         9       0       0       0       0       0       0       0       0       0       0       0       0       0       0       0       0
Total ram usage:        9 bytes
 Hardware stack levels used:    1
 This function calls:
		Nothing
 This function is called by:
		_servo_ISR_1
		_servo_ISR_3
		i2_abs
		i2_printf
 This function uses a non-reentrant model


 *************** function i2_initLCD *****************
 Defined at:
		line 14 in file "lcd.c"
 Parameters:    Size  Location     Type
		None
 Auto vars:     Size  Location     Type
		None
 Return value:  Size  Location     Type
                  1    wreg      void 
 Registers used:
		wreg, status,2, status,0, cstack
 Tracked objects:
		On entry : 
		On exit  : 
		Unchanged: 
 Data sizes:     COMRAM   BANK0   BANK1   BANK2   BANK3   BANK4   BANK5   BANK6   BANK7   BANK8   BANK9  BANK10  BANK11  BANK12  BANK13  BANK14  BANK15
      Params:         0       0       0       0       0       0       0       0       0       0       0       0       0       0       0       0       0
      Locals:         0       0       0       0       0       0       0       0       0       0       0       0       0       0       0       0       0
      Temps:          1       0       0       0       0       0       0       0       0       0       0       0       0       0       0       0       0
      Totals:         1       0       0       0       0       0       0       0       0       0       0       0       0       0       0       0       0
Total ram usage:        1 bytes
 Hardware stack levels used:    1
 Hardware stack levels required when called:    2
 This function calls:
		i2_lcdInst
 This function is called by:
		_servo_ISR_1
		_servo_ISR_3
 This function uses a non-reentrant model


 *************** function i2_lcdInst *****************
 Defined at:
		line 25 in file "lcd.c"
 Parameters:    Size  Location     Type
  data            1    wreg     unsigned char 
 Auto vars:     Size  Location     Type
  data            1    2[COMRAM] unsigned char 
 Return value:  Size  Location     Type
                  1    wreg      void 
 Registers used:
		wreg, status,2, status,0, cstack
 Tracked objects:
		On entry : 
		On exit  : 
		Unchanged: 
 Data sizes:     COMRAM   BANK0   BANK1   BANK2   BANK3   BANK4   BANK5   BANK6   BANK7   BANK8   BANK9  BANK10  BANK11  BANK12  BANK13  BANK14  BANK15
      Params:         0       0       0       0       0       0       0       0       0       0       0       0       0       0       0       0       0
      Locals:         1       0       0       0       0       0       0       0       0       0       0       0       0       0       0       0       0
      Temps:          0       0       0       0       0       0       0       0       0       0       0       0       0       0       0       0       0
      Totals:         1       0       0       0       0       0       0       0       0       0       0       0       0       0       0       0       0
Total ram usage:        1 bytes
 Hardware stack levels used:    1
 Hardware stack levels required when called:    1
 This function calls:
		i2_lcdNibble
 This function is called by:
		i2_initLCD
 This function uses a non-reentrant model


 *************** function i2_lcdNibble *****************
 Defined at:
		line 35 in file "lcd.c"
 Parameters:    Size  Location     Type
  data            1    wreg     unsigned char 
 Auto vars:     Size  Location     Type
  data            1    1[COMRAM] unsigned char 
  lcdNibble       1    0[COMRAM] unsigned char 
 Return value:  Size  Location     Type
                  1    wreg      void 
 Registers used:
		wreg, status,2, status,0
 Tracked objects:
		On entry : 
		On exit  : 
		Unchanged: 
 Data sizes:     COMRAM   BANK0   BANK1   BANK2   BANK3   BANK4   BANK5   BANK6   BANK7   BANK8   BANK9  BANK10  BANK11  BANK12  BANK13  BANK14  BANK15
      Params:         0       0       0       0       0       0       0       0       0       0       0       0       0       0       0       0       0
      Locals:         2       0       0       0       0       0       0       0       0       0       0       0       0       0       0       0       0
      Temps:          0       0       0       0       0       0       0       0       0       0       0       0       0       0       0       0       0
      Totals:         2       0       0       0       0       0       0       0       0       0       0       0       0       0       0       0       0
Total ram usage:        2 bytes
 Hardware stack levels used:    1
 This function calls:
		Nothing
 This function is called by:
		i2_lcdInst
		i2_putch
 This function uses a non-reentrant model



MODULE INFORMATION

Module		Function		Class		Link	Load	Size
/Applications/microchip/xc8/v1.41/sources/common/doprnt.c
		_scale         		CODE           	29B8	0000	1199
		_printf        		CODE           	0D96	0000	2999
		_fround        		CODE           	36A2	0000	685

/Applications/microchip/xc8/v1.41/sources/common/doprnt.c estimated size: 4883

/Applications/microchip/xc8/v1.41/sources/common/ftneg.c
		___ftneg       		CODE           	5D4C	0000	49

/Applications/microchip/xc8/v1.41/sources/common/ftneg.c estimated size: 49

/Applications/microchip/xc8/v1.41/sources/common/ftsub.c
		___ftsub       		CODE           	5B58	0000	77

/Applications/microchip/xc8/v1.41/sources/common/ftsub.c estimated size: 77

/Applications/microchip/xc8/v1.41/sources/common/float.c
		___ftpack      		CODE           	4B9A	0000	269

/Applications/microchip/xc8/v1.41/sources/common/float.c estimated size: 269

/Applications/microchip/xc8/v1.41/sources/common/Umul16.c
		___wmul        		CODE           	5CB2	0000	55

/Applications/microchip/xc8/v1.41/sources/common/Umul16.c estimated size: 55

I2C.c
		_I2C_Master_Read		CODE           	5D7C	0000	47
		_I2C_Master_Wait		CODE           	5EDC	0000	21
		_I2C_Master_Init		CODE           	593E	0000	97
		_I2C_Master_Stop		CODE           	5F32	0000	9
		_delay_1s_interrupt		CODE           	57A0	0000	107
		_I2C_Master_Write		CODE           	5F28	0000	11
		_I2C_Master_Start		CODE           	5F3A	0000	9

I2C.c estimated size: 301

/Applications/microchip/xc8/v1.41/sources/common/awmod.c
		___awmod       		CODE           	5264	0000	163

/Applications/microchip/xc8/v1.41/sources/common/awmod.c estimated size: 163

/Applications/microchip/xc8/v1.41/sources/common/llmod.c
		___llmod       		CODE           	5306	0000	155

/Applications/microchip/xc8/v1.41/sources/common/llmod.c estimated size: 155

/Applications/microchip/xc8/v1.41/sources/common/ftdivl.c
		__tdiv_to_l_   		CODE           	3FA8	0000	415

/Applications/microchip/xc8/v1.41/sources/common/ftdivl.c estimated size: 415

eeprom.c
		_Eeprom_ReadByte		CODE           	5D1A	0000	51
		_Eeprom_WriteByte		CODE           	5C30	0000	67

eeprom.c estimated size: 118

/Applications/microchip/xc8/v1.41/sources/common/isdigit.c
		_isdigit       		CODE           	5E00	0000	43

/Applications/microchip/xc8/v1.41/sources/common/isdigit.c estimated size: 43

/Applications/microchip/xc8/v1.41/sources/common/ftge.c
		___ftge        		CODE           	4F74	0000	201

/Applications/microchip/xc8/v1.41/sources/common/ftge.c estimated size: 201

/Applications/microchip/xc8/v1.41/sources/common/ftmul.c
		___ftmul       		CODE           	42CE	0000	351

/Applications/microchip/xc8/v1.41/sources/common/ftmul.c estimated size: 351

/Applications/microchip/xc8/v1.41/sources/common/fldivl.c
		__div_to_l_    		CODE           	4146	0000	393

/Applications/microchip/xc8/v1.41/sources/common/fldivl.c estimated size: 393

interrupt.c
		_set_external_interrupt3		CODE           	5644	0000	119
		_servo_ISR_1   		CODE           	2302	0000	1719
		_servo_ISR_3   		CODE           	2E66	0000	1101
		_set_external_interrupt1		CODE           	56BA	0000	119

interrupt.c estimated size: 3058

/Applications/microchip/xc8/v1.41/sources/common/ftdiv.c
		___ftdiv       		CODE           	4586	0000	333

/Applications/microchip/xc8/v1.41/sources/common/ftdiv.c estimated size: 333

shared
		i2_printf      		CODE           	194C	0000	2487
		i2_abs         		CODE           	5AAA	0000	89
		i2___ftneg     		CODE           	5E9A	0000	37
		i2_readADC     		CODE           	4948	0000	299
		i2_putch       		CODE           	5F10	0000	13
		i2___ftadd     		CODE           	3DFC	0000	429
		i2_lcdNibble   		CODE           	5B02	0000	87
		i2___ftdiv     		CODE           	4E8E	0000	231
		__powers_      		MEDIUMCONST    	FBB9	0000	40
		i2___fttol     		CODE           	4D9A	0000	245
		_dpowers       		MEDIUMCONST    	FB91	0000	41
		i2___ftge      		CODE           	5432	0000	145
		i2_set_external_interrupt1		CODE           	5A52	0000	89
		i2_set_external_interrupt3		CODE           	59FA	0000	89
		i2___lwtoft    		CODE           	5E76	0000	37
		i2_isdigit     		CODE           	5EBE	0000	31
		i2_read        		CODE           	5E2A	0000	39
		i2___awdiv     		CODE           	54C2	0000	133
		i2__tdiv_to_l_ 		CODE           	4816	0000	307
		i2___ftmul     		CODE           	4CA6	0000	245
		i2___wmul      		CODE           	5E50	0000	39
		i2__div_to_l_  		CODE           	4A72	0000	297
		__npowers_     		MEDIUMCONST    	FBE0	0000	40
		i2___ftpack    		CODE           	51B6	0000	175
		i2_scale       		CODE           	32B2	0000	1009
		_keys          		MEDIUMCONST    	FC27	0000	18
		i2___lldiv     		CODE           	5546	0000	131
		__initialization		CODE           	5CE8	0000	37
		i2___lltoft    		CODE           	599E	0000	93
		i2___ftsub     		CODE           	5C72	0000	65
		i2___awmod     		CODE           	5730	0000	113
		_hexpowers     		MEDIUMCONST    	FC07	0000	33
		i2___llmod     		CODE           	58D8	0000	103
		i2_lcdInst     		CODE           	5F1C	0000	13
		i2_fround      		CODE           	3BB6	0000	583
		_happynewyear  		MEDIUMCONST    	FC38	0000	8
		i2_initLCD     		CODE           	5BEA	0000	71

shared estimated size: 7941

ADC.c
		_abs           		CODE           	5872	0000	103
		_read          		CODE           	5DAA	0000	45
		_readADC       		CODE           	442C	0000	347

ADC.c estimated size: 495

/Applications/microchip/xc8/v1.41/sources/common/awdiv.c
		___awdiv       		CODE           	503C	0000	191

/Applications/microchip/xc8/v1.41/sources/common/awdiv.c estimated size: 191

/Applications/microchip/xc8/v1.41/sources/common/lldiv.c
		___lldiv       		CODE           	50FA	0000	189

/Applications/microchip/xc8/v1.41/sources/common/lldiv.c estimated size: 189

lcd.c
		_putch         		CODE           	5EF0	0000	17
		_lcdInst       		CODE           	5F00	0000	17
		_lcdNibble     		CODE           	580A	0000	105
		_initLCD       		CODE           	5BA4	0000	71

lcd.c estimated size: 210

/Applications/microchip/xc8/v1.41/sources/common/fttol.c
		___fttol       		CODE           	46D2	0000	325

/Applications/microchip/xc8/v1.41/sources/common/fttol.c estimated size: 325

main.c
		_IRQ           		CODE           	0008	0000	153
		_main          		CODE           	0012	0000	3461

main.c estimated size: 3614

/Applications/microchip/xc8/v1.41/sources/common/ftadd.c
		___ftadd       		CODE           	394E	0000	617

/Applications/microchip/xc8/v1.41/sources/common/ftadd.c estimated size: 617

/Applications/microchip/xc8/v1.41/sources/common/lwtoft.c
		___lwtoft      		CODE           	5DD6	0000	43

/Applications/microchip/xc8/v1.41/sources/common/lwtoft.c estimated size: 43

/Applications/microchip/xc8/v1.41/sources/common/lltoft.c
		___lltoft      		CODE           	55C8	0000	125

/Applications/microchip/xc8/v1.41/sources/common/lltoft.c estimated size: 125

