Microchip MPLAB XC8 Compiler V1.41 ()

Linker command line:

-W-3 --edf=/Applications/microchip/xc8/v1.41/dat/en_msgs.txt -cs \
  -h+dist/default/production/simul_motor_test.X.production.sym \
  --cmf=dist/default/production/simul_motor_test.X.production.cmf -z \
  -Q18F4620 -o/tmp/xcwDoq7fw \
  -Mdist/default/production/simul_motor_test.X.production.map -E1 -ver=XC8 \
  -ASTACK=080h-0f7fh -pstack=STACK -ACODE=00h-0FFFFh -ACONST=00h-0FFFFh \
  -ASMALLCONST=01000h-010FFhx240 -AMEDIUMCONST=01000h-0FFFFh \
  -ACOMRAM=01h-07Fh -AABS1=00h-0F7Fh -ABIGRAM=01h-0F7Fh \
  -ARAM=080h-0FFh,0100h-01FFhx14,0F00h-0F7Fh -ABANK0=080h-0FFh \
  -ABANK1=0100h-01FFh -ABANK2=0200h-02FFh -ABANK3=0300h-03FFh \
  -ABANK4=0400h-04FFh -ABANK5=0500h-05FFh -ABANK6=0600h-06FFh \
  -ABANK7=0700h-07FFh -ABANK8=0800h-08FFh -ABANK9=0900h-09FFh \
  -ABANK10=0A00h-0AFFh -ABANK11=0B00h-0BFFh -ABANK12=0C00h-0CFFh \
  -ABANK13=0D00h-0DFFh -ABANK14=0E00h-0EFFh -ABANK15=0F00h-0F7Fh \
  -ASFR=0F80h-0FFFh -preset_vec=00h,intcode=08h,intcodelo,powerup,init \
  -pramtop=01000h -psmallconst=SMALLCONST -pmediumconst=MEDIUMCONST \
  -pconst=CONST -AFARRAM=00h-00h -ACONFIG=0300000h-030000Dh -pconfig=CONFIG \
  -AIDLOC=0200000h-0200007h -pidloc=IDLOC -AEEDATA=0F00000h-0F003FFh \
  -peeprom_data=EEDATA \
  -prdata=COMRAM,nvrram=COMRAM,nvbit=COMRAM,rbss=COMRAM,rbit=COMRAM \
  -pfarbss=FARRAM,fardata=FARRAM,nvFARRAM=FARRAM \
  -pintsave_regs=BIGRAM,bigbss=BIGRAM,bigdata=BIGRAM -pbss=RAM \
  -pidata=CODE,irdata=CODE,ibigdata=CODE,ifardata=CODE -prparam=COMRAM \
  /tmp/xc0rRnScZ.obj \
  dist/default/production/simul_motor_test.X.production.obj 

Object code version is 3.11

Machine type is 18F4620

Call graph: (short form)




                Name                               Link     Load   Length Selector   Space Scale
/tmp/xc0rRnScZ.obj
                init                                  E        E        4        4       0
                reset_vec                             0        0        4        0       0
                idloc                            200000   200000        8   200000       0
                config                           300000   300000        E   300000       0
dist/default/production/simul_motor_test.X.production.obj
                intcode                               8        8        6        4       0
                temp                                 5B       5B        1        1       1
                smallconst                         1000     1000       7C      800       0
                text5                              1362     1362       38      83E       0
                text4                              12B4     12B4       76      83E       0
                text3                              132A     132A       38      83E       0
                text2                              123E     123E       76      83E       0
                intcode_body                       11B2     11B2       8C      83E       0
                text0                              107C     107C      136      83E       0
                cstackCOMRAM                         3C       3C       1F        1       1
                bssCOMRAM                             1        1       3B        1       1
                cinit                              139A     139A       1E      83E       0

TOTAL           Name                               Link     Load   Length     Space
        CLASS   STACK          

        CLASS   CODE           
                intcode                               8        8        6         0
                init                                  E        E        4         0
                reset_vec                             0        0        4         0
                text5                              1362     1362       38         0
                text4                              12B4     12B4       76         0
                text3                              132A     132A       38         0
                text2                              123E     123E       76         0
                intcode_body                       11B2     11B2       8C         0
                text0                              107C     107C      136         0
                cinit                              139A     139A       1E         0

        CLASS   CONST          

        CLASS   SMALLCONST     
                smallconst                         1000     1000       7C         0

        CLASS   MEDIUMCONST    

        CLASS   COMRAM         
                temp                                 5B       5B        1         1
                cstackCOMRAM                         3C       3C       1F         1
                bssCOMRAM                             1        1       3B         1

        CLASS   ABS1           

        CLASS   BIGRAM         

        CLASS   RAM            

        CLASS   BANK0          

        CLASS   BANK1          

        CLASS   BANK2          

        CLASS   BANK3          

        CLASS   BANK4          

        CLASS   BANK5          

        CLASS   BANK6          

        CLASS   BANK7          

        CLASS   BANK8          

        CLASS   BANK9          

        CLASS   BANK10         

        CLASS   BANK11         

        CLASS   BANK12         

        CLASS   BANK13         

        CLASS   BANK14         

        CLASS   BANK15         

        CLASS   SFR            

        CLASS   FARRAM         

        CLASS   CONFIG         
                config                           300000   300000        E         0

        CLASS   IDLOC          
                idloc                            200000   200000        8         0

        CLASS   EEDATA         



SEGMENTS        Name                           Load    Length   Top    Selector   Space  Class

                reset_vec                      000000  000004  000004         0       0  CODE    
                bssCOMRAM                      000001  00005B  00005C         1       1  COMRAM  
                intcode                        000008  00000A  000012         4       0  CODE    
                smallconst                     001000  00007C  00107C       800       0  SMALLCON
                text0                          00107C  00033C  0013B8       83E       0  CODE    
                idloc                          200000  000008  200008    200000       0  IDLOC   
                config                         300000  00000E  30000E    300000       0  CONFIG  


UNUSED ADDRESS RANGES

        Name                Unused          Largest block    Delta
        BANK0            000080-0000FF               80
        BANK1            000100-0001FF              100
        BANK10           000A00-000AFF              100
        BANK11           000B00-000BFF              100
        BANK12           000C00-000CFF              100
        BANK13           000D00-000DFF              100
        BANK14           000E00-000EFF              100
        BANK15           000F00-000F7F               80
        BANK2            000200-0002FF              100
        BANK3            000300-0003FF              100
        BANK4            000400-0004FF              100
        BANK5            000500-0005FF              100
        BANK6            000600-0006FF              100
        BANK7            000700-0007FF              100
        BANK8            000800-0008FF              100
        BANK9            000900-0009FF              100
        BIGRAM           00005C-000F7F              F24
        CODE             000004-000007                4
                         000012-000FFF              FEE
                         0013B8-00FFFF             EC48
        COMRAM           00005C-00007F               24
        CONST            000004-000007                4
                         000012-000FFF              FEE
                         0013B8-00FFFF             EC48
        EEDATA           F00000-F003FF              400
        MEDIUMCONST      0013B8-00FFFF             EC48
        RAM              000080-000F7F              100
        SFR              000F80-000FFF               80
        SMALLCONST       0013B8-00FFFF              100
        STACK            000080-000F7F              F00

                                  Symbol Table

_AA_or_9V                         bssCOMRAM    000032
_ADCON0                           (abs)        000FC2
_ADCON0bits                       (abs)        000FC2
_ADCON1                           (abs)        000FC1
_ADFM                             (abs)        007E07
_ADON                             (abs)        007E10
_ADRES                            (abs)        000FC3
_CMCONbits                        (abs)        000FB4
_CVRCON                           (abs)        000FB5
_INTCONbits                       (abs)        000FF2
_IRQ                              intcode      000008
_LATA                             (abs)        000F89
_LATB                             (abs)        000F8A
_LATC                             (abs)        000F8B
_LATD                             (abs)        000F8C
_LATDbits                         (abs)        000F8C
_LATE                             (abs)        000F8D
_LATEbits                         (abs)        000F8D
_OSCCON                           (abs)        000FD3
_PEIE                             (abs)        007F96
_T1CON                            (abs)        000FCD
_T3CON                            (abs)        000FB1
_TMR1H                            (abs)        000FCF
_TMR1IE                           (abs)        007CE8
_TMR1IF                           (abs)        007CF0
_TMR1L                            (abs)        000FCE
_TMR1ON                           (abs)        007E68
_TMR3H                            (abs)        000FB3
_TMR3IE                           (abs)        007D01
_TMR3IF                           (abs)        007D09
_TMR3L                            (abs)        000FB2
_TMR3ON                           (abs)        007D88
_TRISA                            (abs)        000F92
_TRISB                            (abs)        000F93
_TRISC                            (abs)        000F94
_TRISD                            (abs)        000F95
_TRISE                            (abs)        000F96
__CFG_BOREN$SBORDIS               (abs)        000000
__CFG_BORV$3                      (abs)        000000
__CFG_CCP2MX$PORTC                (abs)        000000
__CFG_CP0$OFF                     (abs)        000000
__CFG_CP1$OFF                     (abs)        000000
__CFG_CP2$OFF                     (abs)        000000
__CFG_CP3$OFF                     (abs)        000000
__CFG_CPB$OFF                     (abs)        000000
__CFG_CPD$OFF                     (abs)        000000
__CFG_EBTR0$OFF                   (abs)        000000
__CFG_EBTR1$OFF                   (abs)        000000
__CFG_EBTR2$OFF                   (abs)        000000
__CFG_EBTR3$OFF                   (abs)        000000
__CFG_EBTRB$OFF                   (abs)        000000
__CFG_FCMEN$OFF                   (abs)        000000
__CFG_IESO$OFF                    (abs)        000000
__CFG_LPT1OSC$OFF                 (abs)        000000
__CFG_LVP$OFF                     (abs)        000000
__CFG_MCLRE$ON                    (abs)        000000
__CFG_OSC$HS                      (abs)        000000
__CFG_PBADEN$ON                   (abs)        000000
__CFG_PWRT$OFF                    (abs)        000000
__CFG_STVREN$ON                   (abs)        000000
__CFG_WDT$OFF                     (abs)        000000
__CFG_WDTPS$32768                 (abs)        000000
__CFG_WRT0$OFF                    (abs)        000000
__CFG_WRT1$OFF                    (abs)        000000
__CFG_WRT2$OFF                    (abs)        000000
__CFG_WRT3$OFF                    (abs)        000000
__CFG_WRTB$OFF                    (abs)        000000
__CFG_WRTC$OFF                    (abs)        000000
__CFG_WRTD$OFF                    (abs)        000000
__CFG_XINST$OFF                   (abs)        000000
__HRAM                            (abs)        000000
__Habs1                           abs1         000000
__Hbank0                          bank0        000000
__Hbank1                          bank1        000000
__Hbank10                         bank10       000000
__Hbank11                         bank11       000000
__Hbank12                         bank12       000000
__Hbank13                         bank13       000000
__Hbank14                         bank14       000000
__Hbank15                         bank15       000000
__Hbank2                          bank2        000000
__Hbank3                          bank3        000000
__Hbank4                          bank4        000000
__Hbank5                          bank5        000000
__Hbank6                          bank6        000000
__Hbank7                          bank7        000000
__Hbank8                          bank8        000000
__Hbank9                          bank9        000000
__Hbigbss                         bigbss       000000
__Hbigdata                        bigdata      000000
__Hbigram                         bigram       000000
__Hbss                            bss          000000
__HbssCOMRAM                      bssCOMRAM    000000
__Hcinit                          cinit        000000
__Hclrtext                        clrtext      000000
__Hcomram                         comram       000000
__Hconfig                         config       30000E
__Hconst                          const        000000
__HcstackCOMRAM                   cstackCOMRAM 000000
__Hdata                           data         000000
__Heeprom_data                    eeprom_data  000000
__Hfarbss                         farbss       000000
__Hfardata                        fardata      000000
__Hibigdata                       ibigdata     000000
__Hidata                          idata        000000
__Hidloc                          idloc        200008
__Hifardata                       ifardata     000000
__Hinit                           init         000012
__Hintcode                        intcode      00000E
__Hintcode_body                   intcode_body 000000
__Hintcodelo                      intcodelo    00000E
__Hintentry                       intentry     000000
__Hintret                         intret       000000
__Hintsave_regs                   intsave_regs 000000
__Hirdata                         irdata       000000
__Hmediumconst                    mediumconst  000000
__HnvFARRAM                       nvFARRAM     000000
__Hnvbit                          nvbit        000000
__Hnvrram                         nvrram       000000
__Hparam                          rparam       000000
__Hpowerup                        powerup      00000E
__Hram                            ram          000000
__Hramtop                         ramtop       001000
__Hrbit                           rbit         000000
__Hrbss                           rbss         000000
__Hrdata                          rdata        000000
__Hreset_vec                      reset_vec    000004
__Hrparam                         rparam       000000
__Hsfr                            sfr          000000
__Hsmallconst                     smallconst   00107C
__Hspace_0                        (abs)        30000E
__Hspace_1                        (abs)        00005C
__Hspace_2                        (abs)        000000
__Hstack                          stack        000000
__Hstruct                         struct       000000
__Htemp                           temp         00005C
__Htext                           text         000000
__Htext0                          text0        000000
__Htext2                          text2        000000
__Htext3                          text3        000000
__Htext4                          text4        000000
__Htext5                          text5        000000
__LRAM                            (abs)        000001
__Labs1                           abs1         000000
__Lbank0                          bank0        000000
__Lbank1                          bank1        000000
__Lbank10                         bank10       000000
__Lbank11                         bank11       000000
__Lbank12                         bank12       000000
__Lbank13                         bank13       000000
__Lbank14                         bank14       000000
__Lbank15                         bank15       000000
__Lbank2                          bank2        000000
__Lbank3                          bank3        000000
__Lbank4                          bank4        000000
__Lbank5                          bank5        000000
__Lbank6                          bank6        000000
__Lbank7                          bank7        000000
__Lbank8                          bank8        000000
__Lbank9                          bank9        000000
__Lbigbss                         bigbss       000000
__Lbigdata                        bigdata      000000
__Lbigram                         bigram       000000
__Lbss                            bss          000000
__LbssCOMRAM                      bssCOMRAM    000000
__Lcinit                          cinit        000000
__Lclrtext                        clrtext      000000
__Lcomram                         comram       000000
__Lconfig                         config       300000
__Lconst                          const        000000
__LcstackCOMRAM                   cstackCOMRAM 000000
__Ldata                           data         000000
__Leeprom_data                    eeprom_data  000000
__Lfarbss                         farbss       000000
__Lfardata                        fardata      000000
__Libigdata                       ibigdata     000000
__Lidata                          idata        000000
__Lidloc                          idloc        200000
__Lifardata                       ifardata     000000
__Linit                           init         00000E
__Lintcode                        intcode      000008
__Lintcode_body                   intcode_body 000000
__Lintcodelo                      intcodelo    00000E
__Lintentry                       intentry     000000
__Lintret                         intret       000000
__Lintsave_regs                   intsave_regs 000000
__Lirdata                         irdata       000000
__Lmediumconst                    mediumconst  000000
__LnvFARRAM                       nvFARRAM     000000
__Lnvbit                          nvbit        000000
__Lnvrram                         nvrram       000000
__Lparam                          rparam       000000
__Lpowerup                        powerup      00000E
__Lram                            ram          000000
__Lramtop                         ramtop       001000
__Lrbit                           rbit         000000
__Lrbss                           rbss         000000
__Lrdata                          rdata        000000
__Lreset_vec                      reset_vec    000000
__Lrparam                         rparam       000000
__Lsfr                            sfr          000000
__Lsmallconst                     smallconst   001000
__Lspace_0                        (abs)        000000
__Lspace_1                        (abs)        000000
__Lspace_2                        (abs)        000000
__Lstack                          stack        000000
__Lstruct                         struct       000000
__Ltemp                           temp         00005B
__Ltext                           text         000000
__Ltext0                          text0        000000
__Ltext2                          text2        000000
__Ltext3                          text3        000000
__Ltext4                          text4        000000
__Ltext5                          text5        000000
__S0                              (abs)        30000E
__S1                              (abs)        00005C
__S2                              (abs)        000000
___inthi_sp                       stack        000000
___intlo_sp                       stack        000000
___param_bank                     (abs)        000000
___rparam_used                    (abs)        000001
___sp                             stack        000000
__accesstop                       (abs)        000080
__activetblptr                    (abs)        000001
__end_of_IRQ                      intcode_body 00123E
__end_of__initialization          cinit        0013A6
__end_of__npowers_                smallconst   001077
__end_of__powers_                 smallconst   001050
__end_of_dpowers                  smallconst   001029
__end_of_main                     text0        0011B2
__end_of_servo_ISR_1              text4        00132A
__end_of_servo_ISR_3              text2        0012B4
__end_of_set_external_interrupt1  text5        00139A
__end_of_set_external_interrupt3  text3        001362
__initialization                  cinit        00139A
__mediumconst                     mediumconst  000000
__pbssCOMRAM                      bssCOMRAM    000001
__pcinit                          cinit        00139A
__pcstackCOMRAM                   cstackCOMRAM 00003C
__pintcode                        intcode      000008
__pintcode_body                   intcode_body 0011B2
__psmallconst                     smallconst   001000
__ptext0                          text0        00107C
__ptext2                          text2        00123E
__ptext3                          text3        00132A
__ptext4                          text4        0012B4
__ptext5                          text5        001362
__ramtop                          ramtop       001000
__size_of_IRQ                     (abs)        000000
__size_of_main                    (abs)        000000
__size_of_servo_ISR_1             (abs)        000000
__size_of_servo_ISR_3             (abs)        000000
__size_of_set_external_interrupt1 (abs)        000000
__size_of_set_external_interrupt3 (abs)        000000
__smallconst                      smallconst   001000
_beam_check1                      bssCOMRAM    00002D
_beam_check3                      bssCOMRAM    00002C
_count0                           bssCOMRAM    000022
_count1                           bssCOMRAM    000020
_count3                           bssCOMRAM    00001E
_count_9V                         bssCOMRAM    00001A
_count_AA                         bssCOMRAM    00001C
_count_C                          bssCOMRAM    000018
_count_drained                    bssCOMRAM    000016
_current_state0                   bssCOMRAM    00003B
_current_state1                   bssCOMRAM    00003A
_current_state3                   bssCOMRAM    000039
_disable1                         bssCOMRAM    000031
_disable3                         bssCOMRAM    000030
_down_period_1                    bssCOMRAM    000028
_down_period_3                    bssCOMRAM    000024
_gate_flag1                       bssCOMRAM    000034
_gate_flag3                       bssCOMRAM    000033
_gate_status1                     bssCOMRAM    000036
_gate_status3                     bssCOMRAM    000035
_main                             text0        00107C
_nRBPU                            (abs)        007F8F
_servo_ISR_1                      text4        0012B4
_servo_ISR_3                      text2        00123E
_set_external_interrupt1          text5        001362
_set_external_interrupt3          text3        00132A
_stage1                           bssCOMRAM    000038
_stage3                           bssCOMRAM    000037
_up_period_1                      bssCOMRAM    00002A
_up_period_3                      bssCOMRAM    000026
_volt_check1                      bssCOMRAM    00002F
_volt_check3                      bssCOMRAM    00002E
_voltage_0                        bssCOMRAM    000013
_voltage_1                        bssCOMRAM    000010
_voltage_2                        bssCOMRAM    00000D
_voltage_3                        bssCOMRAM    00000A
_voltage_9V                       bssCOMRAM    000004
_voltage_AA                       bssCOMRAM    000007
_voltage_C                        bssCOMRAM    000001
btemp                             temp         00005B
end_of_initialization             cinit        0013A6
int$flags                         temp         00005B
int_func                          intcode_body 0011B2
intlevel0                         text         000000
intlevel1                         text         000000
intlevel2                         text         000000
intlevel3                         text         000000
main@i                            cstackCOMRAM 000055
main@i_242                        cstackCOMRAM 000056
main@i_243                        cstackCOMRAM 000057
main@i_244                        cstackCOMRAM 000058
main@i_245                        cstackCOMRAM 000059
main@i_246                        cstackCOMRAM 00005A
servo_ISR_1@down_period1          cstackCOMRAM 000044
servo_ISR_1@up_period1            cstackCOMRAM 000042
servo_ISR_3@down_period           cstackCOMRAM 000044
servo_ISR_3@up_period             cstackCOMRAM 000042
set_external_interrupt1@set_time1 cstackCOMRAM 000040
set_external_interrupt1@time      cstackCOMRAM 00003C
set_external_interrupt3@set_time3 cstackCOMRAM 000040
set_external_interrupt3@time      cstackCOMRAM 00003C
stackhi                           (abs)        000F7F
stacklo                           (abs)        000080
start                             init         00000E
start_initialization              cinit        00139A


FUNCTION INFORMATION:

 *************** function _main *****************
 Defined at:
		line 57 in file "main.c"
 Parameters:    Size  Location     Type
		None
 Auto vars:     Size  Location     Type
  i               1   30[COMRAM] unsigned char 
  i               1   29[COMRAM] unsigned char 
  i               1   28[COMRAM] unsigned char 
  i               1   27[COMRAM] unsigned char 
  i               1   26[COMRAM] unsigned char 
  i               1   25[COMRAM] unsigned char 
 Return value:  Size  Location     Type
                  1    wreg      void 
 Registers used:
		wreg, status,2, status,0
 Tracked objects:
		On entry : 
		On exit  : 
		Unchanged: 
 Data sizes:     COMRAM   BANK0   BANK1   BANK2   BANK3   BANK4   BANK5   BANK6   BANK7   BANK8   BANK9  BANK10  BANK11  BANK12  BANK13  BANK14  BANK15
      Params:         0       0       0       0       0       0       0       0       0       0       0       0       0       0       0       0       0
      Locals:         6       0       0       0       0       0       0       0       0       0       0       0       0       0       0       0       0
      Temps:          1       0       0       0       0       0       0       0       0       0       0       0       0       0       0       0       0
      Totals:         7       0       0       0       0       0       0       0       0       0       0       0       0       0       0       0       0
Total ram usage:        7 bytes
 Hardware stack levels required when called:    3
 This function calls:
		Nothing
 This function is called by:
		Startup code after reset
 This function uses a non-reentrant model


 *************** function _IRQ *****************
 Defined at:
		line 272 in file "main.c"
 Parameters:    Size  Location     Type
		None
 Auto vars:     Size  Location     Type
		None
 Return value:  Size  Location     Type
                  1    wreg      void 
 Registers used:
		wreg, status,2, status,0, cstack
 Tracked objects:
		On entry : 
		On exit  : 
		Unchanged: 
 Data sizes:     COMRAM   BANK0   BANK1   BANK2   BANK3   BANK4   BANK5   BANK6   BANK7   BANK8   BANK9  BANK10  BANK11  BANK12  BANK13  BANK14  BANK15
      Params:         0       0       0       0       0       0       0       0       0       0       0       0       0       0       0       0       0
      Locals:         0       0       0       0       0       0       0       0       0       0       0       0       0       0       0       0       0
      Temps:         14       0       0       0       0       0       0       0       0       0       0       0       0       0       0       0       0
      Totals:        14       0       0       0       0       0       0       0       0       0       0       0       0       0       0       0       0
Total ram usage:       14 bytes
 Hardware stack levels used:    1
 Hardware stack levels required when called:    2
 This function calls:
		_servo_ISR_1
		_servo_ISR_3
 This function is called by:
		Interrupt level 2
 This function uses a non-reentrant model


 *************** function _servo_ISR_3 *****************
 Defined at:
		line 137 in file "interrupt.c"
 Parameters:    Size  Location     Type
		None
 Auto vars:     Size  Location     Type
  down_period     2    8[COMRAM] int 
  up_period       2    6[COMRAM] int 
 Return value:  Size  Location     Type
                  1    wreg      void 
 Registers used:
		wreg, status,2, status,0, cstack
 Tracked objects:
		On entry : 
		On exit  : 
		Unchanged: 
 Data sizes:     COMRAM   BANK0   BANK1   BANK2   BANK3   BANK4   BANK5   BANK6   BANK7   BANK8   BANK9  BANK10  BANK11  BANK12  BANK13  BANK14  BANK15
      Params:         0       0       0       0       0       0       0       0       0       0       0       0       0       0       0       0       0
      Locals:         4       0       0       0       0       0       0       0       0       0       0       0       0       0       0       0       0
      Temps:          0       0       0       0       0       0       0       0       0       0       0       0       0       0       0       0       0
      Totals:         4       0       0       0       0       0       0       0       0       0       0       0       0       0       0       0       0
Total ram usage:        4 bytes
 Hardware stack levels used:    1
 Hardware stack levels required when called:    1
 This function calls:
		_set_external_interrupt3
 This function is called by:
		_IRQ
 This function uses a non-reentrant model


 *************** function _set_external_interrupt3 *****************
 Defined at:
		line 86 in file "interrupt.c"
 Parameters:    Size  Location     Type
  time            2    0[COMRAM] int 
 Auto vars:     Size  Location     Type
  set_time3       2    4[COMRAM] unsigned int 
 Return value:  Size  Location     Type
                  1    wreg      void 
 Registers used:
		wreg, status,2, status,0
 Tracked objects:
		On entry : 
		On exit  : 
		Unchanged: 
 Data sizes:     COMRAM   BANK0   BANK1   BANK2   BANK3   BANK4   BANK5   BANK6   BANK7   BANK8   BANK9  BANK10  BANK11  BANK12  BANK13  BANK14  BANK15
      Params:         2       0       0       0       0       0       0       0       0       0       0       0       0       0       0       0       0
      Locals:         2       0       0       0       0       0       0       0       0       0       0       0       0       0       0       0       0
      Temps:          2       0       0       0       0       0       0       0       0       0       0       0       0       0       0       0       0
      Totals:         6       0       0       0       0       0       0       0       0       0       0       0       0       0       0       0       0
Total ram usage:        6 bytes
 Hardware stack levels used:    1
 This function calls:
		Nothing
 This function is called by:
		_servo_ISR_3
 This function uses a non-reentrant model


 *************** function _servo_ISR_1 *****************
 Defined at:
		line 101 in file "interrupt.c"
 Parameters:    Size  Location     Type
		None
 Auto vars:     Size  Location     Type
  down_period1    2    8[COMRAM] int 
  up_period1      2    6[COMRAM] int 
 Return value:  Size  Location     Type
                  1    wreg      void 
 Registers used:
		wreg, status,2, status,0, cstack
 Tracked objects:
		On entry : 
		On exit  : 
		Unchanged: 
 Data sizes:     COMRAM   BANK0   BANK1   BANK2   BANK3   BANK4   BANK5   BANK6   BANK7   BANK8   BANK9  BANK10  BANK11  BANK12  BANK13  BANK14  BANK15
      Params:         0       0       0       0       0       0       0       0       0       0       0       0       0       0       0       0       0
      Locals:         4       0       0       0       0       0       0       0       0       0       0       0       0       0       0       0       0
      Temps:          0       0       0       0       0       0       0       0       0       0       0       0       0       0       0       0       0
      Totals:         4       0       0       0       0       0       0       0       0       0       0       0       0       0       0       0       0
Total ram usage:        4 bytes
 Hardware stack levels used:    1
 Hardware stack levels required when called:    1
 This function calls:
		_set_external_interrupt1
 This function is called by:
		_IRQ
 This function uses a non-reentrant model


 *************** function _set_external_interrupt1 *****************
 Defined at:
		line 70 in file "interrupt.c"
 Parameters:    Size  Location     Type
  time            2    0[COMRAM] int 
 Auto vars:     Size  Location     Type
  set_time1       2    4[COMRAM] unsigned int 
 Return value:  Size  Location     Type
                  1    wreg      void 
 Registers used:
		wreg, status,2, status,0
 Tracked objects:
		On entry : 
		On exit  : 
		Unchanged: 
 Data sizes:     COMRAM   BANK0   BANK1   BANK2   BANK3   BANK4   BANK5   BANK6   BANK7   BANK8   BANK9  BANK10  BANK11  BANK12  BANK13  BANK14  BANK15
      Params:         2       0       0       0       0       0       0       0       0       0       0       0       0       0       0       0       0
      Locals:         2       0       0       0       0       0       0       0       0       0       0       0       0       0       0       0       0
      Temps:          2       0       0       0       0       0       0       0       0       0       0       0       0       0       0       0       0
      Totals:         6       0       0       0       0       0       0       0       0       0       0       0       0       0       0       0       0
Total ram usage:        6 bytes
 Hardware stack levels used:    1
 This function calls:
		Nothing
 This function is called by:
		_servo_ISR_1
 This function uses a non-reentrant model



MODULE INFORMATION

Module		Function		Class		Link	Load	Size
interrupt.c
		_set_external_interrupt3		CODE           	132A	0000	57
		_servo_ISR_1   		CODE           	12B4	0000	119
		_servo_ISR_3   		CODE           	123E	0000	119
		_set_external_interrupt1		CODE           	1362	0000	57

interrupt.c estimated size: 352

shared
		__powers_      		SMALLCONST     	0000	0000	0
		_dpowers       		SMALLCONST     	0000	0000	0
		__npowers_     		SMALLCONST     	0000	0000	0
		__initialization		CODE           	139A	0000	13

shared estimated size: 13

main.c
		_IRQ           		CODE           	0008	0000	147
		_main          		CODE           	107C	0000	311

main.c estimated size: 458

