Microchip MPLAB XC8 Compiler V1.41 ()

Linker command line:

-W-3 --edf=/Applications/microchip/xc8/v1.41/dat/en_msgs.txt -cs \
  -h+dist/default/production/CompleteCode_V1.X.production.sym \
  --cmf=dist/default/production/CompleteCode_V1.X.production.cmf -z \
  -Q18F4620 -o/tmp/xc4VhP3Yw \
  -Mdist/default/production/CompleteCode_V1.X.production.map -E1 -ver=XC8 \
  -ASTACK=0FCh-0f7fh -pstack=STACK -ACODE=00h-0FFFFh -ACONST=00h-0FFFFh \
  -ASMALLCONST=01000h-010FFhx240 -AMEDIUMCONST=01000h-0FFFFh \
  -ACOMRAM=01h-07Fh -AABS1=00h-0F7Fh -ABIGRAM=01h-0F7Fh \
  -ARAM=080h-0FFh,0100h-01FFhx14,0F00h-0F7Fh -ABANK0=080h-0FFh \
  -ABANK1=0100h-01FFh -ABANK2=0200h-02FFh -ABANK3=0300h-03FFh \
  -ABANK4=0400h-04FFh -ABANK5=0500h-05FFh -ABANK6=0600h-06FFh \
  -ABANK7=0700h-07FFh -ABANK8=0800h-08FFh -ABANK9=0900h-09FFh \
  -ABANK10=0A00h-0AFFh -ABANK11=0B00h-0BFFh -ABANK12=0C00h-0CFFh \
  -ABANK13=0D00h-0DFFh -ABANK14=0E00h-0EFFh -ABANK15=0F00h-0F7Fh \
  -ASFR=0F80h-0FFFh -preset_vec=00h,intcode=08h,intcodelo,powerup,init \
  -pramtop=01000h -psmallconst=SMALLCONST -pmediumconst=MEDIUMCONST \
  -pconst=CONST -AFARRAM=00h-00h -ACONFIG=0300000h-030000Dh -pconfig=CONFIG \
  -AIDLOC=0200000h-0200007h -pidloc=IDLOC -AEEDATA=0F00000h-0F003FFh \
  -peeprom_data=EEDATA \
  -prdata=COMRAM,nvrram=COMRAM,nvbit=COMRAM,rbss=COMRAM,rbit=COMRAM \
  -pfarbss=FARRAM,fardata=FARRAM,nvFARRAM=FARRAM \
  -pintsave_regs=BIGRAM,bigbss=BIGRAM,bigdata=BIGRAM -pbss=RAM \
  -pidata=CODE,irdata=CODE,ibigdata=CODE,ifardata=CODE -prparam=COMRAM \
  /tmp/xcvpXTl1F.obj \
  dist/default/production/CompleteCode_V1.X.production.obj 

Object code version is 3.11

Machine type is 18F4620

Call graph: (short form)




                Name                               Link     Load   Length Selector   Space Scale
/tmp/xcvpXTl1F.obj
                init                                  E        E        4        4       0
                reset_vec                             0        0        4        0       0
                idloc                            200000   200000        8   200000       0
                config                           300000   300000        E   300000       0
dist/default/production/CompleteCode_V1.X.production.obj
                intcode                               8        8        6        4       0
                temp                                 6C       6C        1        1       1
                smallconst                         1000     1000       D8      800       0
                text46                             3B74     3B74       AE      86C       0
                text45                             2F72     2F72      1AC      86C       0
                text44                             384C     384C       E6      86C       0
                text43                             4418     4418       24      86C       0
                text42                             3CB4     3CB4       90      86C       0
                text41                             3758     3758       F4      86C       0
                text40                             41D6     41D6       58      86C       0
                text39                             43F2     43F2       26      86C       0
                text38                             3522     3522      12A      86C       0
                text37                             3D44     3D44       84      86C       0
                text36                             417E     417E       58      86C       0
                text35                             1F30     1F30      654      86C       0
                text34                             4126     4126       58      86C       0
                text33                             2584     2584      3D2      86C       0
                intcode_body                       3C22     3C22       92      86C       0
                text31                             42EC     42EC       32      86C       0
                text30                             4274     4274       42      86C       0
                text29                             3AB8     3AB8       BC      86C       0
                text28                             40C6     40C6       60      86C       0
                text27                             443C     443C       14      86C       0
                text26                             431E     431E       2E      86C       0
                text25                             4482     4482        8      86C       0
                text24                             447A     447A        8      86C       0
                text23                             4470     4470        A      86C       0
                text22                             3F2C     3F2C       6A      86C       0
                text21                             3F96     3F96       68      86C       0
                text20                             4460     4460       10      86C       0
                text19                             422E     422E       46      86C       0
                text18                             3DC8     3DC8       78      86C       0
                text17                             4064     4064       62      86C       0
                text16                             42B6     42B6       36      86C       0
                text15                             43A2     43A2       2A      86C       0
                text14                             4450     4450       10      86C       0
                text13                             2956     2956      3B4      86C       0
                text12                             364C     364C      10C      86C       0
                text11                             2D0A     2D0A      268      86C       0
                text10                             33D6     33D6      14C      86C       0
                text9                              4378     4378       2A      86C       0
                text8                              3932     3932       C8      86C       0
                text7                              311E     311E      15E      86C       0
                text6                              3FFE     3FFE       66      86C       0
                text5                              434C     434C       2C      86C       0
                text4                              327C     327C      15A      86C       0
                text3                              39FA     39FA       BE      86C       0
                text2                              3EB6     3EB6       76      86C       0
                text1                              3E40     3E40       76      86C       0
                text0                              10D8     10D8      E58      86C       0
                cstackCOMRAM                          1        1       41        1       1
                cstackBANK0                          80       80       68       80       1
                bssBANK0                             E8       E8       14       80       1
                bssCOMRAM                            42       42       2A        1       1
                cinit                              43CC     43CC       26      86C       0

TOTAL           Name                               Link     Load   Length     Space
        CLASS   STACK          

        CLASS   CODE           
                intcode                               8        8        6         0
                init                                  E        E        4         0
                reset_vec                             0        0        4         0
                text46                             3B74     3B74       AE         0
                text45                             2F72     2F72      1AC         0
                text44                             384C     384C       E6         0
                text43                             4418     4418       24         0
                text42                             3CB4     3CB4       90         0
                text41                             3758     3758       F4         0
                text40                             41D6     41D6       58         0
                text39                             43F2     43F2       26         0
                text38                             3522     3522      12A         0
                text37                             3D44     3D44       84         0
                text36                             417E     417E       58         0
                text35                             1F30     1F30      654         0
                text34                             4126     4126       58         0
                text33                             2584     2584      3D2         0
                intcode_body                       3C22     3C22       92         0
                text31                             42EC     42EC       32         0
                text30                             4274     4274       42         0
                text29                             3AB8     3AB8       BC         0
                text28                             40C6     40C6       60         0
                text27                             443C     443C       14         0
                text26                             431E     431E       2E         0
                text25                             4482     4482        8         0
                text24                             447A     447A        8         0
                text23                             4470     4470        A         0
                text22                             3F2C     3F2C       6A         0
                text21                             3F96     3F96       68         0
                text20                             4460     4460       10         0
                text19                             422E     422E       46         0
                text18                             3DC8     3DC8       78         0
                text17                             4064     4064       62         0
                text16                             42B6     42B6       36         0
                text15                             43A2     43A2       2A         0
                text14                             4450     4450       10         0
                text13                             2956     2956      3B4         0
                text12                             364C     364C      10C         0
                text11                             2D0A     2D0A      268         0
                text10                             33D6     33D6      14C         0
                text9                              4378     4378       2A         0
                text8                              3932     3932       C8         0
                text7                              311E     311E      15E         0
                text6                              3FFE     3FFE       66         0
                text5                              434C     434C       2C         0
                text4                              327C     327C      15A         0
                text3                              39FA     39FA       BE         0
                text2                              3EB6     3EB6       76         0
                text1                              3E40     3E40       76         0
                text0                              10D8     10D8      E58         0
                cinit                              43CC     43CC       26         0

        CLASS   CONST          

        CLASS   SMALLCONST     
                smallconst                         1000     1000       D8         0

        CLASS   MEDIUMCONST    

        CLASS   COMRAM         
                temp                                 6C       6C        1         1
                cstackCOMRAM                          1        1       41         1
                bssCOMRAM                            42       42       2A         1

        CLASS   ABS1           

        CLASS   BIGRAM         

        CLASS   RAM            

        CLASS   BANK0          
                cstackBANK0                          80       80       68         1
                bssBANK0                             E8       E8       14         1

        CLASS   BANK1          

        CLASS   BANK2          

        CLASS   BANK3          

        CLASS   BANK4          

        CLASS   BANK5          

        CLASS   BANK6          

        CLASS   BANK7          

        CLASS   BANK8          

        CLASS   BANK9          

        CLASS   BANK10         

        CLASS   BANK11         

        CLASS   BANK12         

        CLASS   BANK13         

        CLASS   BANK14         

        CLASS   BANK15         

        CLASS   SFR            

        CLASS   FARRAM         

        CLASS   CONFIG         
                config                           300000   300000        E         0

        CLASS   IDLOC          
                idloc                            200000   200000        8         0

        CLASS   EEDATA         



SEGMENTS        Name                           Load    Length   Top    Selector   Space  Class

                reset_vec                      000000  000004  000004         0       0  CODE    
                cstackCOMRAM                   000001  00006C  00006D         1       1  COMRAM  
                intcode                        000008  00000A  000012         4       0  CODE    
                cstackBANK0                    000080  00007C  0000FC        80       1  BANK0   
                smallconst                     001000  0000D8  0010D8       800       0  SMALLCON
                text0                          0010D8  0033B2  00448A       86C       0  CODE    
                idloc                          200000  000008  200008    200000       0  IDLOC   
                config                         300000  00000E  30000E    300000       0  CONFIG  


UNUSED ADDRESS RANGES

        Name                Unused          Largest block    Delta
        BANK0            0000FC-0000FF                4
        BANK1            000100-0001FF              100
        BANK10           000A00-000AFF              100
        BANK11           000B00-000BFF              100
        BANK12           000C00-000CFF              100
        BANK13           000D00-000DFF              100
        BANK14           000E00-000EFF              100
        BANK15           000F00-000F7F               80
        BANK2            000200-0002FF              100
        BANK3            000300-0003FF              100
        BANK4            000400-0004FF              100
        BANK5            000500-0005FF              100
        BANK6            000600-0006FF              100
        BANK7            000700-0007FF              100
        BANK8            000800-0008FF              100
        BANK9            000900-0009FF              100
        BIGRAM           00006D-00007F               13
                         0000FC-000F7F              E84
        CODE             000004-000007                4
                         000012-000FFF              FEE
                         00448A-00FFFF             BB76
        COMRAM           00006D-00007F               13
        CONST            000004-000007                4
                         000012-000FFF              FEE
                         00448A-00FFFF             BB76
        EEDATA           F00000-F003FF              400
        MEDIUMCONST      00448A-00FFFF             BB76
        RAM              0000FC-000F7F              100
        SFR              000F80-000FFF               80
        SMALLCONST       00448A-00FFFF              100
        STACK            0000FC-000F7F              E84

                                  Symbol Table

?___awdiv                           cstackBANK0  000080
?___ftadd                           cstackBANK0  00008B
?___ftdiv                           cstackBANK0  000097
?___ftmul                           cstackBANK0  000088
?___ftpack                          cstackBANK0  000080
?___lldiv                           cstackBANK0  000080
?___lwdiv                           cstackBANK0  000080
?___lwmod                           cstackBANK0  000087
?___lwtoft                          cstackBANK0  000088
?___wmul                            cstackBANK0  000080
?_abs                               cstackBANK0  000097
?_delay_1s_interrupt                cstackBANK0  000080
?_printf                            cstackBANK0  00008C
?_readADC                           cstackBANK0  0000A6
?i2___awdiv                         cstackCOMRAM 000001
?i2___ftadd                         cstackCOMRAM 00000C
?i2___ftdiv                         cstackCOMRAM 000018
?i2___ftmul                         cstackCOMRAM 000009
?i2___ftpack                        cstackCOMRAM 000001
?i2___lwtoft                        cstackCOMRAM 000009
?i2_abs                             cstackCOMRAM 000018
?i2_readADC                         cstackCOMRAM 000027
Eeprom_ReadByte@address             cstackBANK0  000082
Eeprom_WriteByte@address            cstackBANK0  000083
Eeprom_WriteByte@data               cstackBANK0  000080
I2C_Master_Init@c                   cstackBANK0  00008D
I2C_Master_Read@a                   cstackBANK0  000081
I2C_Master_Read@temp                cstackBANK0  000082
I2C_Master_Write@d                  cstackBANK0  000081
_AA_or_9V                           bssCOMRAM    00005F
_ACKDT                              (abs)        007E2D
_ACKEN                              (abs)        007E2C
_ADCON0                             (abs)        000FC2
_ADCON0bits                         (abs)        000FC2
_ADCON1                             (abs)        000FC1
_ADFM                               (abs)        007E07
_ADON                               (abs)        007E10
_ADRES                              (abs)        000FC3
_CMCONbits                          (abs)        000FB4
_CVRCON                             (abs)        000FB5
_EEADR                              (abs)        000FA9
_EEADRH                             (abs)        000FAA
_EECON1bits                         (abs)        000FA6
_EECON2                             (abs)        000FA7
_EEDATA                             (abs)        000FA8
_Eeprom_ReadByte                    text31       0042EC
_Eeprom_WriteByte                   text30       004274
_I2C_Master_Init                    text28       0040C6
_I2C_Master_Read                    text26       00431E
_I2C_Master_Start                   text25       004482
_I2C_Master_Stop                    text24       00447A
_I2C_Master_Wait                    text27       00443C
_I2C_Master_Write                   text23       004470
_INTCONbits                         (abs)        000FF2
_IRQ                                intcode      000008
_LATA                               (abs)        000F89
_LATB                               (abs)        000F8A
_LATC                               (abs)        000F8B
_LATCbits                           (abs)        000F8B
_LATD                               (abs)        000F8C
_LATDbits                           (abs)        000F8C
_LATE                               (abs)        000F8D
_OSCCON                             (abs)        000FD3
_PEIE                               (abs)        007F96
_PEN                                (abs)        007E2A
_PIR2bits                           (abs)        000FA1
_PORTB                              (abs)        000F81
_PORTBbits                          (abs)        000F81
_RCEN                               (abs)        007E2B
_RSEN                               (abs)        007E29
_SEN                                (abs)        007E28
_SSPADD                             (abs)        000FC8
_SSPBUF                             (abs)        000FC9
_SSPCON1                            (abs)        000FC6
_SSPCON2                            (abs)        000FC5
_SSPSTAT                            (abs)        000FC7
_T1CON                              (abs)        000FCD
_T3CON                              (abs)        000FB1
_TMR1H                              (abs)        000FCF
_TMR1IE                             (abs)        007CE8
_TMR1IF                             (abs)        007CF0
_TMR1L                              (abs)        000FCE
_TMR1ON                             (abs)        007E68
_TMR3H                              (abs)        000FB3
_TMR3IE                             (abs)        007D01
_TMR3IF                             (abs)        007D09
_TMR3L                              (abs)        000FB2
_TMR3ON                             (abs)        007D88
_TRISA                              (abs)        000F92
_TRISB                              (abs)        000F93
_TRISC                              (abs)        000F94
_TRISC3                             (abs)        007CA3
_TRISC4                             (abs)        007CA4
_TRISD                              (abs)        000F95
_TRISE                              (abs)        000F96
__CFG_BOREN$SBORDIS                 (abs)        000000
__CFG_BORV$3                        (abs)        000000
__CFG_CCP2MX$PORTC                  (abs)        000000
__CFG_CP0$OFF                       (abs)        000000
__CFG_CP1$OFF                       (abs)        000000
__CFG_CP2$OFF                       (abs)        000000
__CFG_CP3$OFF                       (abs)        000000
__CFG_CPB$OFF                       (abs)        000000
__CFG_CPD$OFF                       (abs)        000000
__CFG_EBTR0$OFF                     (abs)        000000
__CFG_EBTR1$OFF                     (abs)        000000
__CFG_EBTR2$OFF                     (abs)        000000
__CFG_EBTR3$OFF                     (abs)        000000
__CFG_EBTRB$OFF                     (abs)        000000
__CFG_FCMEN$OFF                     (abs)        000000
__CFG_IESO$OFF                      (abs)        000000
__CFG_LPT1OSC$OFF                   (abs)        000000
__CFG_LVP$OFF                       (abs)        000000
__CFG_MCLRE$ON                      (abs)        000000
__CFG_OSC$HS                        (abs)        000000
__CFG_PBADEN$ON                     (abs)        000000
__CFG_PWRT$OFF                      (abs)        000000
__CFG_STVREN$ON                     (abs)        000000
__CFG_WDT$OFF                       (abs)        000000
__CFG_WDTPS$32768                   (abs)        000000
__CFG_WRT0$OFF                      (abs)        000000
__CFG_WRT1$OFF                      (abs)        000000
__CFG_WRT2$OFF                      (abs)        000000
__CFG_WRT3$OFF                      (abs)        000000
__CFG_WRTB$OFF                      (abs)        000000
__CFG_WRTC$OFF                      (abs)        000000
__CFG_WRTD$OFF                      (abs)        000000
__CFG_XINST$OFF                     (abs)        000000
__HRAM                              (abs)        000000
__Habs1                             abs1         000000
__Hbank0                            bank0        000000
__Hbank1                            bank1        000000
__Hbank10                           bank10       000000
__Hbank11                           bank11       000000
__Hbank12                           bank12       000000
__Hbank13                           bank13       000000
__Hbank14                           bank14       000000
__Hbank15                           bank15       000000
__Hbank2                            bank2        000000
__Hbank3                            bank3        000000
__Hbank4                            bank4        000000
__Hbank5                            bank5        000000
__Hbank6                            bank6        000000
__Hbank7                            bank7        000000
__Hbank8                            bank8        000000
__Hbank9                            bank9        000000
__Hbigbss                           bigbss       000000
__Hbigdata                          bigdata      000000
__Hbigram                           bigram       000000
__Hbss                              bss          000000
__HbssBANK0                         bssBANK0     000000
__HbssCOMRAM                        bssCOMRAM    000000
__Hcinit                            cinit        000000
__Hclrtext                          clrtext      000000
__Hcomram                           comram       000000
__Hconfig                           config       30000E
__Hconst                            const        000000
__HcstackBANK0                      cstackBANK0  000000
__HcstackCOMRAM                     cstackCOMRAM 000000
__Hdata                             data         000000
__Heeprom_data                      eeprom_data  000000
__Hfarbss                           farbss       000000
__Hfardata                          fardata      000000
__Hibigdata                         ibigdata     000000
__Hidata                            idata        000000
__Hidloc                            idloc        200008
__Hifardata                         ifardata     000000
__Hinit                             init         000012
__Hintcode                          intcode      00000E
__Hintcode_body                     intcode_body 000000
__Hintcodelo                        intcodelo    00000E
__Hintentry                         intentry     000000
__Hintret                           intret       000000
__Hintsave_regs                     intsave_regs 000000
__Hirdata                           irdata       000000
__Hmediumconst                      mediumconst  000000
__HnvFARRAM                         nvFARRAM     000000
__Hnvbit                            nvbit        000000
__Hnvrram                           nvrram       000000
__Hparam                            rparam       000000
__Hpowerup                          powerup      00000E
__Hram                              ram          000000
__Hramtop                           ramtop       001000
__Hrbit                             rbit         000000
__Hrbss                             rbss         000000
__Hrdata                            rdata        000000
__Hreset_vec                        reset_vec    000004
__Hrparam                           rparam       000000
__Hsfr                              sfr          000000
__Hsmallconst                       smallconst   0010D8
__Hspace_0                          (abs)        30000E
__Hspace_1                          (abs)        0000FC
__Hspace_2                          (abs)        000000
__Hstack                            stack        000000
__Hstruct                           struct       000000
__Htemp                             temp         00006D
__Htext                             text         000000
__Htext0                            text0        000000
__Htext1                            text1        000000
__Htext10                           text10       000000
__Htext11                           text11       000000
__Htext12                           text12       000000
__Htext13                           text13       000000
__Htext14                           text14       000000
__Htext15                           text15       000000
__Htext16                           text16       000000
__Htext17                           text17       000000
__Htext18                           text18       000000
__Htext19                           text19       000000
__Htext2                            text2        000000
__Htext20                           text20       000000
__Htext21                           text21       000000
__Htext22                           text22       000000
__Htext23                           text23       000000
__Htext24                           text24       000000
__Htext25                           text25       000000
__Htext26                           text26       000000
__Htext27                           text27       000000
__Htext28                           text28       000000
__Htext29                           text29       000000
__Htext3                            text3        000000
__Htext30                           text30       000000
__Htext31                           text31       000000
__Htext33                           text33       000000
__Htext34                           text34       000000
__Htext35                           text35       000000
__Htext36                           text36       000000
__Htext37                           text37       000000
__Htext38                           text38       000000
__Htext39                           text39       000000
__Htext4                            text4        000000
__Htext40                           text40       000000
__Htext41                           text41       000000
__Htext42                           text42       000000
__Htext43                           text43       000000
__Htext44                           text44       000000
__Htext45                           text45       000000
__Htext46                           text46       000000
__Htext5                            text5        000000
__Htext6                            text6        000000
__Htext7                            text7        000000
__Htext8                            text8        000000
__Htext9                            text9        000000
__LRAM                              (abs)        000001
__Labs1                             abs1         000000
__Lbank0                            bank0        000000
__Lbank1                            bank1        000000
__Lbank10                           bank10       000000
__Lbank11                           bank11       000000
__Lbank12                           bank12       000000
__Lbank13                           bank13       000000
__Lbank14                           bank14       000000
__Lbank15                           bank15       000000
__Lbank2                            bank2        000000
__Lbank3                            bank3        000000
__Lbank4                            bank4        000000
__Lbank5                            bank5        000000
__Lbank6                            bank6        000000
__Lbank7                            bank7        000000
__Lbank8                            bank8        000000
__Lbank9                            bank9        000000
__Lbigbss                           bigbss       000000
__Lbigdata                          bigdata      000000
__Lbigram                           bigram       000000
__Lbss                              bss          000000
__LbssBANK0                         bssBANK0     000000
__LbssCOMRAM                        bssCOMRAM    000000
__Lcinit                            cinit        000000
__Lclrtext                          clrtext      000000
__Lcomram                           comram       000000
__Lconfig                           config       300000
__Lconst                            const        000000
__LcstackBANK0                      cstackBANK0  000000
__LcstackCOMRAM                     cstackCOMRAM 000000
__Ldata                             data         000000
__Leeprom_data                      eeprom_data  000000
__Lfarbss                           farbss       000000
__Lfardata                          fardata      000000
__Libigdata                         ibigdata     000000
__Lidata                            idata        000000
__Lidloc                            idloc        200000
__Lifardata                         ifardata     000000
__Linit                             init         00000E
__Lintcode                          intcode      000008
__Lintcode_body                     intcode_body 000000
__Lintcodelo                        intcodelo    00000E
__Lintentry                         intentry     000000
__Lintret                           intret       000000
__Lintsave_regs                     intsave_regs 000000
__Lirdata                           irdata       000000
__Lmediumconst                      mediumconst  000000
__LnvFARRAM                         nvFARRAM     000000
__Lnvbit                            nvbit        000000
__Lnvrram                           nvrram       000000
__Lparam                            rparam       000000
__Lpowerup                          powerup      00000E
__Lram                              ram          000000
__Lramtop                           ramtop       001000
__Lrbit                             rbit         000000
__Lrbss                             rbss         000000
__Lrdata                            rdata        000000
__Lreset_vec                        reset_vec    000000
__Lrparam                           rparam       000000
__Lsfr                              sfr          000000
__Lsmallconst                       smallconst   001000
__Lspace_0                          (abs)        000000
__Lspace_1                          (abs)        000000
__Lspace_2                          (abs)        000000
__Lstack                            stack        000000
__Lstruct                           struct       000000
__Ltemp                             temp         00006C
__Ltext                             text         000000
__Ltext0                            text0        000000
__Ltext1                            text1        000000
__Ltext10                           text10       000000
__Ltext11                           text11       000000
__Ltext12                           text12       000000
__Ltext13                           text13       000000
__Ltext14                           text14       000000
__Ltext15                           text15       000000
__Ltext16                           text16       000000
__Ltext17                           text17       000000
__Ltext18                           text18       000000
__Ltext19                           text19       000000
__Ltext2                            text2        000000
__Ltext20                           text20       000000
__Ltext21                           text21       000000
__Ltext22                           text22       000000
__Ltext23                           text23       000000
__Ltext24                           text24       000000
__Ltext25                           text25       000000
__Ltext26                           text26       000000
__Ltext27                           text27       000000
__Ltext28                           text28       000000
__Ltext29                           text29       000000
__Ltext3                            text3        000000
__Ltext30                           text30       000000
__Ltext31                           text31       000000
__Ltext33                           text33       000000
__Ltext34                           text34       000000
__Ltext35                           text35       000000
__Ltext36                           text36       000000
__Ltext37                           text37       000000
__Ltext38                           text38       000000
__Ltext39                           text39       000000
__Ltext4                            text4        000000
__Ltext40                           text40       000000
__Ltext41                           text41       000000
__Ltext42                           text42       000000
__Ltext43                           text43       000000
__Ltext44                           text44       000000
__Ltext45                           text45       000000
__Ltext46                           text46       000000
__Ltext5                            text5        000000
__Ltext6                            text6        000000
__Ltext7                            text7        000000
__Ltext8                            text8        000000
__Ltext9                            text9        000000
__S0                                (abs)        30000E
__S1                                (abs)        0000FC
__S2                                (abs)        000000
___awdiv                            text3        0039FA
___awdiv@counter                    cstackBANK0  000084
___awdiv@dividend                   cstackBANK0  000080
___awdiv@divisor                    cstackBANK0  000082
___awdiv@quotient                   cstackBANK0  000086
___awdiv@sign                       cstackBANK0  000085
___ftadd                            text11       002D0A
___ftadd@exp1                       cstackBANK0  000096
___ftadd@exp2                       cstackBANK0  000095
___ftadd@f1                         cstackBANK0  00008B
___ftadd@f2                         cstackBANK0  00008E
___ftadd@sign                       cstackBANK0  000094
___ftdiv                            text10       0033D6
___ftdiv@cntr                       cstackBANK0  0000A0
___ftdiv@exp                        cstackBANK0  0000A4
___ftdiv@f1                         cstackBANK0  000097
___ftdiv@f2                         cstackBANK0  00009A
___ftdiv@f3                         cstackBANK0  0000A1
___ftdiv@sign                       cstackBANK0  0000A5
___ftge                             text8        003932
___ftge@ff1                         cstackBANK0  000080
___ftge@ff2                         cstackBANK0  000083
___ftmul                            text7        00311E
___ftmul@cntr                       cstackBANK0  000095
___ftmul@exp                        cstackBANK0  000091
___ftmul@f1                         cstackBANK0  000088
___ftmul@f2                         cstackBANK0  00008B
___ftmul@f3_as_product              cstackBANK0  000092
___ftmul@sign                       cstackBANK0  000096
___ftpack                           text12       00364C
___ftpack@arg                       cstackBANK0  000080
___ftpack@exp                       cstackBANK0  000083
___ftpack@sign                      cstackBANK0  000084
___inthi_sp                         stack        000000
___intlo_sp                         stack        000000
___lldiv                            text29       003AB8
___lldiv@counter                    cstackBANK0  00008C
___lldiv@dividend                   cstackBANK0  000080
___lldiv@divisor                    cstackBANK0  000084
___lldiv@quotient                   cstackBANK0  000088
___lwdiv                            text18       003DC8
___lwdiv@counter                    cstackBANK0  000086
___lwdiv@dividend                   cstackBANK0  000080
___lwdiv@divisor                    cstackBANK0  000082
___lwdiv@quotient                   cstackBANK0  000084
___lwmod                            text17       004064
___lwmod@counter                    cstackBANK0  00008B
___lwmod@dividend                   cstackBANK0  000087
___lwmod@divisor                    cstackBANK0  000089
___lwtoft                           text9        004378
___lwtoft@c                         cstackBANK0  000088
___param_bank                       (abs)        000000
___rparam_used                      (abs)        000001
___sp                               stack        000000
___wmul                             text16       0042B6
___wmul@multiplicand                cstackBANK0  000082
___wmul@multiplier                  cstackBANK0  000080
___wmul@product                     cstackBANK0  000084
__accesstop                         (abs)        000080
__activetblptr                      (abs)        000002
__end_of_Eeprom_ReadByte            text31       00431E
__end_of_Eeprom_WriteByte           text30       0042B6
__end_of_I2C_Master_Init            text28       004126
__end_of_I2C_Master_Read            text26       00434C
__end_of_I2C_Master_Start           text25       00448A
__end_of_I2C_Master_Stop            text24       004482
__end_of_I2C_Master_Wait            text27       004450
__end_of_I2C_Master_Write           text23       00447A
__end_of_IRQ                        intcode_body 003CB4
__end_of___awdiv                    text3        003AB8
__end_of___ftadd                    text11       002F72
__end_of___ftdiv                    text10       003522
__end_of___ftge                     text8        0039FA
__end_of___ftmul                    text7        00327C
__end_of___ftpack                   text12       003758
__end_of___lldiv                    text29       003B74
__end_of___lwdiv                    text18       003E40
__end_of___lwmod                    text17       0040C6
__end_of___lwtoft                   text9        0043A2
__end_of___wmul                     text16       0042EC
__end_of__initialization            cinit        0043E4
__end_of_abs                        text6        004064
__end_of_delay_1s_interrupt         text22       003F96
__end_of_dpowers                    smallconst   00101C
__end_of_happynewyear               smallconst   00102B
__end_of_hexpowers                  smallconst   001024
__end_of_initLCD                    text19       004274
__end_of_isdigit                    text15       0043CC
__end_of_keys                       smallconst   001012
__end_of_lcdInst                    text20       004470
__end_of_lcdNibble                  text21       003FFE
__end_of_main                       text0        001F30
__end_of_printf                     text13       002D0A
__end_of_putch                      text14       004460
__end_of_read                       text5        004378
__end_of_readADC                    text4        0033D6
__end_of_servo_ISR_1                text35       002584
__end_of_servo_ISR_3                text33       002956
__end_of_set_external_interrupt1    text2        003F2C
__end_of_set_external_interrupt3    text1        003EB6
__end_ofi2___awdiv                  text37       003DC8
__end_ofi2___ftadd                  text45       00311E
__end_ofi2___ftdiv                  text44       003932
__end_ofi2___ftge                   text42       003D44
__end_ofi2___ftmul                  text41       00384C
__end_ofi2___ftpack                 text46       003C22
__end_ofi2___lwtoft                 text43       00443C
__end_ofi2_abs                      text40       00422E
__end_ofi2_read                     text39       004418
__end_ofi2_readADC                  text38       00364C
__end_ofi2_set_external_interrupt1  text36       0041D6
__end_ofi2_set_external_interrupt3  text34       00417E
__initialization                    cinit        0043CC
__mediumconst                       mediumconst  000000
__pbssBANK0                         bssBANK0     0000E8
__pbssCOMRAM                        bssCOMRAM    000042
__pcinit                            cinit        0043CC
__pcstackBANK0                      cstackBANK0  000080
__pcstackCOMRAM                     cstackCOMRAM 000001
__pintcode                          intcode      000008
__pintcode_body                     intcode_body 003C22
__psmallconst                       smallconst   001000
__ptext0                            text0        0010D8
__ptext1                            text1        003E40
__ptext10                           text10       0033D6
__ptext11                           text11       002D0A
__ptext12                           text12       00364C
__ptext13                           text13       002956
__ptext14                           text14       004450
__ptext15                           text15       0043A2
__ptext16                           text16       0042B6
__ptext17                           text17       004064
__ptext18                           text18       003DC8
__ptext19                           text19       00422E
__ptext2                            text2        003EB6
__ptext20                           text20       004460
__ptext21                           text21       003F96
__ptext22                           text22       003F2C
__ptext23                           text23       004470
__ptext24                           text24       00447A
__ptext25                           text25       004482
__ptext26                           text26       00431E
__ptext27                           text27       00443C
__ptext28                           text28       0040C6
__ptext29                           text29       003AB8
__ptext3                            text3        0039FA
__ptext30                           text30       004274
__ptext31                           text31       0042EC
__ptext33                           text33       002584
__ptext34                           text34       004126
__ptext35                           text35       001F30
__ptext36                           text36       00417E
__ptext37                           text37       003D44
__ptext38                           text38       003522
__ptext39                           text39       0043F2
__ptext4                            text4        00327C
__ptext40                           text40       0041D6
__ptext41                           text41       003758
__ptext42                           text42       003CB4
__ptext43                           text43       004418
__ptext44                           text44       00384C
__ptext45                           text45       002F72
__ptext46                           text46       003B74
__ptext5                            text5        00434C
__ptext6                            text6        003FFE
__ptext7                            text7        00311E
__ptext8                            text8        003932
__ptext9                            text9        004378
__ramtop                            ramtop       001000
__size_of_Eeprom_ReadByte           (abs)        000000
__size_of_Eeprom_WriteByte          (abs)        000000
__size_of_I2C_Master_Init           (abs)        000000
__size_of_I2C_Master_Read           (abs)        000000
__size_of_I2C_Master_Start          (abs)        000000
__size_of_I2C_Master_Stop           (abs)        000000
__size_of_I2C_Master_Wait           (abs)        000000
__size_of_I2C_Master_Write          (abs)        000000
__size_of_IRQ                       (abs)        000000
__size_of___awdiv                   (abs)        000000
__size_of___ftadd                   (abs)        000000
__size_of___ftdiv                   (abs)        000000
__size_of___ftge                    (abs)        000000
__size_of___ftmul                   (abs)        000000
__size_of___ftpack                  (abs)        000000
__size_of___lldiv                   (abs)        000000
__size_of___lwdiv                   (abs)        000000
__size_of___lwmod                   (abs)        000000
__size_of___lwtoft                  (abs)        000000
__size_of___wmul                    (abs)        000000
__size_of_abs                       (abs)        000000
__size_of_delay_1s_interrupt        (abs)        000000
__size_of_initLCD                   (abs)        000000
__size_of_isdigit                   (abs)        000000
__size_of_lcdInst                   (abs)        000000
__size_of_lcdNibble                 (abs)        000000
__size_of_main                      (abs)        000000
__size_of_printf                    (abs)        000000
__size_of_putch                     (abs)        000000
__size_of_read                      (abs)        000000
__size_of_readADC                   (abs)        000000
__size_of_servo_ISR_1               (abs)        000000
__size_of_servo_ISR_3               (abs)        000000
__size_of_set_external_interrupt1   (abs)        000000
__size_of_set_external_interrupt3   (abs)        000000
__size_ofi2___awdiv                 (abs)        000000
__size_ofi2___ftadd                 (abs)        000000
__size_ofi2___ftdiv                 (abs)        000000
__size_ofi2___ftge                  (abs)        000000
__size_ofi2___ftmul                 (abs)        000000
__size_ofi2___ftpack                (abs)        000000
__size_ofi2___lwtoft                (abs)        000000
__size_ofi2_abs                     (abs)        000000
__size_ofi2_read                    (abs)        000000
__size_ofi2_readADC                 (abs)        000000
__size_ofi2_set_external_interrupt1 (abs)        000000
__size_ofi2_set_external_interrupt3 (abs)        000000
__smallconst                        smallconst   001000
_abs                                text6        003FFE
_count1                             bssCOMRAM    000053
_count3                             bssCOMRAM    000051
_count_9V                           bssBANK0     0000F2
_count_AA                           bssBANK0     0000F4
_count_C                            bssBANK0     0000F0
_count_drained                      bssBANK0     0000EE
_current_state1                     bssCOMRAM    000065
_current_state3                     bssCOMRAM    000064
_delay_1s_interrupt                 text22       003F2C
_down_period1                       bssCOMRAM    000059
_down_period3                       bssCOMRAM    000055
_dpowers                            smallconst   001012
_gate_status1                       bssCOMRAM    000061
_gate_status3                       bssCOMRAM    000060
_happynewyear                       smallconst   001024
_hexpowers                          smallconst   00101C
_init1                              bssBANK0     0000F9
_init3                              bssBANK0     0000F8
_initLCD                            text19       00422E
_isdigit                            text15       0043A2
_isdigit$1184                       cstackBANK0  000081
_isr1                               bssBANK0     0000FB
_isr3                               bssBANK0     0000FA
_keys                               smallconst   001001
_lcdInst                            text20       004460
_lcdNibble                          text21       003F96
_main                               text0        0010D8
_nRBPU                              (abs)        007F8F
_printf                             text13       002956
_process1                           bssBANK0     0000F7
_process3                           bssBANK0     0000F6
_putch                              text14       004450
_read                               text5        00434C
_readADC                            text4        00327C
_servo_ISR_1                        text35       001F30
_servo_ISR_3                        text33       002584
_set_external_interrupt1            text2        003EB6
_set_external_interrupt3            text1        003E40
_stage1                             bssCOMRAM    000063
_stage3                             bssCOMRAM    000062
_up_period1                         bssCOMRAM    00005B
_up_period3                         bssCOMRAM    000057
_volt_check1                        bssCOMRAM    00005E
_volt_check3                        bssCOMRAM    00005D
_voltage_0                          bssCOMRAM    00004E
_voltage_1                          bssCOMRAM    000069
_voltage_2                          bssCOMRAM    000066
_voltage_3                          bssBANK0     0000EB
_voltage_4                          bssBANK0     0000E8
_voltage_6                          bssCOMRAM    00004B
_voltage_9V                         bssCOMRAM    000045
_voltage_AA                         bssCOMRAM    000048
_voltage_C                          bssCOMRAM    000042
abs@num                             cstackBANK0  000097
btemp                               temp         00006C
delay_1s_interrupt@i                cstackBANK0  000086
delay_1s_interrupt@n                cstackBANK0  000085
end_of_initialization               cinit        0043E4
i2___awdiv                          text37       003D44
i2___awdiv@counter                  cstackCOMRAM 000005
i2___awdiv@dividend                 cstackCOMRAM 000001
i2___awdiv@divisor                  cstackCOMRAM 000003
i2___awdiv@quotient                 cstackCOMRAM 000007
i2___awdiv@sign                     cstackCOMRAM 000006
i2___ftadd                          text45       002F72
i2___ftadd@exp1                     cstackCOMRAM 000017
i2___ftadd@exp2                     cstackCOMRAM 000016
i2___ftadd@f1                       cstackCOMRAM 00000C
i2___ftadd@f2                       cstackCOMRAM 00000F
i2___ftadd@sign                     cstackCOMRAM 000015
i2___ftdiv                          text44       00384C
i2___ftdiv@cntr                     cstackCOMRAM 000021
i2___ftdiv@exp                      cstackCOMRAM 000025
i2___ftdiv@f1                       cstackCOMRAM 000018
i2___ftdiv@f2                       cstackCOMRAM 00001B
i2___ftdiv@f3                       cstackCOMRAM 000022
i2___ftdiv@sign                     cstackCOMRAM 000026
i2___ftge                           text42       003CB4
i2___ftge@ff1                       cstackCOMRAM 000001
i2___ftge@ff2                       cstackCOMRAM 000004
i2___ftmul                          text41       003758
i2___ftmul@cntr                     cstackCOMRAM 000016
i2___ftmul@exp                      cstackCOMRAM 000012
i2___ftmul@f1                       cstackCOMRAM 000009
i2___ftmul@f2                       cstackCOMRAM 00000C
i2___ftmul@f3_as_product            cstackCOMRAM 000013
i2___ftmul@sign                     cstackCOMRAM 000017
i2___ftpack                         text46       003B74
i2___ftpack@arg                     cstackCOMRAM 000001
i2___ftpack@exp                     cstackCOMRAM 000004
i2___ftpack@sign                    cstackCOMRAM 000005
i2___lwtoft                         text43       004418
i2___lwtoft@c                       cstackCOMRAM 000009
i2_abs                              text40       0041D6
i2_read                             text39       0043F2
i2_readADC                          text38       003522
i2_set_external_interrupt1          text36       00417E
i2_set_external_interrupt3          text34       004126
i2abs@num                           cstackCOMRAM 000018
i2read@channel2                     cstackCOMRAM 000002
i2readADC@a                         cstackCOMRAM 00002E
i2readADC@channel                   cstackCOMRAM 000031
i2readADC@i                         cstackCOMRAM 00002D
i2readADC@volt                      cstackCOMRAM 00002A
i2set_external_interrupt1@set_time  cstackCOMRAM 00000B
i2set_external_interrupt1@time      cstackCOMRAM 000009
i2set_external_interrupt3@set_time  cstackCOMRAM 00000B
i2set_external_interrupt3@time      cstackCOMRAM 000009
int$flags                           temp         00006C
int_func                            intcode_body 003C22
intlevel0                           text         000000
intlevel1                           text         000000
intlevel2                           text         000000
intlevel3                           text         000000
isdigit@c                           cstackBANK0  000082
lcdInst@data                        cstackBANK0  000082
lcdNibble@data                      cstackBANK0  000081
lcdNibble@temp                      cstackBANK0  000080
main@address_9V                     cstackBANK0  0000E2
main@address_AA                     cstackBANK0  0000E1
main@address_C                      cstackBANK0  0000E3
main@address_drained                cstackBANK0  0000E4
main@address_min                    cstackBANK0  0000E7
main@address_seconds                cstackBANK0  0000E0
main@address_total                  cstackBANK0  0000E5
main@count_min                      cstackBANK0  0000E6
main@count_min_final                cstackBANK0  0000DD
main@count_min_initial              cstackBANK0  0000DA
main@count_seconds                  cstackBANK0  0000DF
main@count_seconds_final            cstackBANK0  0000DE
main@count_seconds_initial          cstackBANK0  0000DB
main@done                           cstackBANK0  0000C2
main@eeprom_9V                      cstackBANK0  0000B6
main@eeprom_AA                      cstackBANK0  0000B5
main@eeprom_C                       cstackBANK0  0000B7
main@eeprom_drained                 cstackBANK0  0000B8
main@eeprom_min                     cstackBANK0  0000B3
main@eeprom_seconds                 cstackBANK0  0000B4
main@eeprom_total                   cstackBANK0  0000B9
main@flag_interrupt                 cstackBANK0  0000C1
main@i                              cstackBANK0  0000C5
main@i_431                          cstackBANK0  0000C6
main@i_432                          cstackBANK0  0000C7
main@i_435                          cstackBANK0  0000C8
main@i_440                          cstackBANK0  0000C9
main@i_441                          cstackBANK0  0000CA
main@i_446                          cstackBANK0  0000CB
main@i_447                          cstackBANK0  0000CC
main@i_449                          cstackBANK0  0000CD
main@i_450                          cstackBANK0  0000CE
main@j                              cstackBANK0  0000D6
main@k                              cstackBANK0  0000D7
main@k_433                          cstackBANK0  0000D8
main@k_434                          cstackBANK0  0000D9
main@keypress                       cstackBANK0  0000DC
main@loop_count                     cstackBANK0  0000C3
main@past_9V                        cstackBANK0  0000BE
main@past_AA                        cstackBANK0  0000BD
main@past_C                         cstackBANK0  0000BF
main@past_drained                   cstackBANK0  0000C0
main@past_min                       cstackBANK0  0000BA
main@past_seconds                   cstackBANK0  0000BB
main@past_total                     cstackBANK0  0000BC
main@time                           cstackBANK0  0000CF
printf@ap                           cstackBANK0  000099
printf@c                            cstackBANK0  0000A1
printf@f                            cstackBANK0  00008C
printf@flag                         cstackBANK0  00009E
printf@idx                          cstackBANK0  000098
printf@prec                         cstackBANK0  00009B
printf@val                          cstackBANK0  00009C
printf@width                        cstackBANK0  00009F
putch@data                          cstackBANK0  000082
read@channel2                       cstackBANK0  000081
readADC@a                           cstackBANK0  0000AD
readADC@channel                     cstackBANK0  0000B0
readADC@i                           cstackBANK0  0000AC
readADC@volt                        cstackBANK0  0000A9
set_external_interrupt1@set_time    cstackBANK0  00008A
set_external_interrupt1@time        cstackBANK0  000088
set_external_interrupt3@set_time    cstackBANK0  00008A
set_external_interrupt3@time        cstackBANK0  000088
stackhi                             (abs)        000F7F
stacklo                             (abs)        0000FC
start                               init         00000E
start_initialization                cinit        0043CC


FUNCTION INFORMATION:

 *************** function _main *****************
 Defined at:
		line 95 in file "main.c"
 Parameters:    Size  Location     Type
		None
 Auto vars:     Size  Location     Type
  i               1   71[BANK0 ] unsigned char 
  i               1   70[BANK0 ] unsigned char 
  i               1   69[BANK0 ] unsigned char 
  k               1   88[BANK0 ] unsigned char 
  i               1   78[BANK0 ] unsigned char 
  i               1   77[BANK0 ] unsigned char 
  i               1   76[BANK0 ] unsigned char 
  i               1   75[BANK0 ] unsigned char 
  i               1   74[BANK0 ] unsigned char 
  i               1   73[BANK0 ] unsigned char 
  i               1   72[BANK0 ] unsigned char 
  k               1   89[BANK0 ] unsigned char 
  k               1   87[BANK0 ] unsigned char 
  j               1   86[BANK0 ] unsigned char 
  loop_count      2   67[BANK0 ] int 
  address_min     1  103[BANK0 ] unsigned char 
  count_min       1  102[BANK0 ] char 
  address_tota    1  101[BANK0 ] unsigned char 
  address_drai    1  100[BANK0 ] unsigned char 
  address_C       1   99[BANK0 ] unsigned char 
  address_9V      1   98[BANK0 ] unsigned char 
  address_AA      1   97[BANK0 ] unsigned char 
  address_seco    1   96[BANK0 ] unsigned char 
  count_second    1   95[BANK0 ] char 
  count_second    1   94[BANK0 ] unsigned char 
  count_min_fi    1   93[BANK0 ] unsigned char 
  keypress        1   92[BANK0 ] unsigned char 
  count_second    1   91[BANK0 ] unsigned char 
  count_min_in    1   90[BANK0 ] unsigned char 
  done            1   66[BANK0 ] unsigned char 
  flag_interru    1   65[BANK0 ] unsigned char 
  past_drained    1   64[BANK0 ] char 
  past_C          1   63[BANK0 ] char 
  past_9V         1   62[BANK0 ] char 
  past_AA         1   61[BANK0 ] char 
  past_total      1   60[BANK0 ] char 
  past_seconds    1   59[BANK0 ] char 
  past_min        1   58[BANK0 ] char 
  eeprom_total    1   57[BANK0 ] char 
  eeprom_drain    1   56[BANK0 ] char 
  eeprom_C        1   55[BANK0 ] char 
  eeprom_9V       1   54[BANK0 ] char 
  eeprom_AA       1   53[BANK0 ] char 
  eeprom_secon    1   52[BANK0 ] char 
  eeprom_min      1   51[BANK0 ] char 
  time            7   79[BANK0 ] unsigned char [7]
 Return value:  Size  Location     Type
                  1    wreg      void 
 Registers used:
		wreg, fsr2l, fsr2h, status,2, status,0, tblptrl, tblptrh, tblptru, prodl, prodh, cstack
 Tracked objects:
		On entry : 
		On exit  : 
		Unchanged: 
 Data sizes:     COMRAM   BANK0   BANK1   BANK2   BANK3   BANK4   BANK5   BANK6   BANK7   BANK8   BANK9  BANK10  BANK11  BANK12  BANK13  BANK14  BANK15
      Params:         0       0       0       0       0       0       0       0       0       0       0       0       0       0       0       0       0
      Locals:         0      53       0       0       0       0       0       0       0       0       0       0       0       0       0       0       0
      Temps:          0       2       0       0       0       0       0       0       0       0       0       0       0       0       0       0       0
      Totals:         0      55       0       0       0       0       0       0       0       0       0       0       0       0       0       0       0
Total ram usage:       55 bytes
 Hardware stack levels required when called:   10
 This function calls:
		_Eeprom_ReadByte
		_Eeprom_WriteByte
		_I2C_Master_Init
		_I2C_Master_Read
		_I2C_Master_Start
		_I2C_Master_Stop
		_I2C_Master_Write
		___ftge
		_delay_1s_interrupt
		_initLCD
		_lcdInst
		_printf
		_readADC
		_set_external_interrupt1
		_set_external_interrupt3
 This function is called by:
		Startup code after reset
 This function uses a non-reentrant model


 *************** function _set_external_interrupt3 *****************
 Defined at:
		line 109 in file "interrupt.c"
 Parameters:    Size  Location     Type
  time            2    8[BANK0 ] int 
 Auto vars:     Size  Location     Type
  set_time        2   10[BANK0 ] unsigned int 
 Return value:  Size  Location     Type
                  1    wreg      void 
 Registers used:
		wreg, status,2, status,0, cstack
 Tracked objects:
		On entry : 
		On exit  : 
		Unchanged: 
 Data sizes:     COMRAM   BANK0   BANK1   BANK2   BANK3   BANK4   BANK5   BANK6   BANK7   BANK8   BANK9  BANK10  BANK11  BANK12  BANK13  BANK14  BANK15
      Params:         0       2       0       0       0       0       0       0       0       0       0       0       0       0       0       0       0
      Locals:         0       2       0       0       0       0       0       0       0       0       0       0       0       0       0       0       0
      Temps:          0       0       0       0       0       0       0       0       0       0       0       0       0       0       0       0       0
      Totals:         0       4       0       0       0       0       0       0       0       0       0       0       0       0       0       0       0
Total ram usage:        4 bytes
 Hardware stack levels used:    1
 Hardware stack levels required when called:    7
 This function calls:
		___awdiv
 This function is called by:
		_main
 This function uses a non-reentrant model


 *************** function _set_external_interrupt1 *****************
 Defined at:
		line 85 in file "interrupt.c"
 Parameters:    Size  Location     Type
  time            2    8[BANK0 ] int 
 Auto vars:     Size  Location     Type
  set_time        2   10[BANK0 ] unsigned int 
 Return value:  Size  Location     Type
                  1    wreg      void 
 Registers used:
		wreg, status,2, status,0, cstack
 Tracked objects:
		On entry : 
		On exit  : 
		Unchanged: 
 Data sizes:     COMRAM   BANK0   BANK1   BANK2   BANK3   BANK4   BANK5   BANK6   BANK7   BANK8   BANK9  BANK10  BANK11  BANK12  BANK13  BANK14  BANK15
      Params:         0       2       0       0       0       0       0       0       0       0       0       0       0       0       0       0       0
      Locals:         0       2       0       0       0       0       0       0       0       0       0       0       0       0       0       0       0
      Temps:          0       0       0       0       0       0       0       0       0       0       0       0       0       0       0       0       0
      Totals:         0       4       0       0       0       0       0       0       0       0       0       0       0       0       0       0       0
Total ram usage:        4 bytes
 Hardware stack levels used:    1
 Hardware stack levels required when called:    7
 This function calls:
		___awdiv
 This function is called by:
		_main
 This function uses a non-reentrant model


 *************** function ___awdiv *****************
 Defined at:
		line 8 in file "/Applications/microchip/xc8/v1.41/sources/common/awdiv.c"
 Parameters:    Size  Location     Type
  dividend        2    0[BANK0 ] int 
  divisor         2    2[BANK0 ] int 
 Auto vars:     Size  Location     Type
  quotient        2    6[BANK0 ] int 
  sign            1    5[BANK0 ] unsigned char 
  counter         1    4[BANK0 ] unsigned char 
 Return value:  Size  Location     Type
                  2    0[BANK0 ] int 
 Registers used:
		wreg, status,2, status,0
 Tracked objects:
		On entry : 
		On exit  : 
		Unchanged: 
 Data sizes:     COMRAM   BANK0   BANK1   BANK2   BANK3   BANK4   BANK5   BANK6   BANK7   BANK8   BANK9  BANK10  BANK11  BANK12  BANK13  BANK14  BANK15
      Params:         0       4       0       0       0       0       0       0       0       0       0       0       0       0       0       0       0
      Locals:         0       4       0       0       0       0       0       0       0       0       0       0       0       0       0       0       0
      Temps:          0       0       0       0       0       0       0       0       0       0       0       0       0       0       0       0       0
      Totals:         0       8       0       0       0       0       0       0       0       0       0       0       0       0       0       0       0
Total ram usage:        8 bytes
 Hardware stack levels used:    1
 Hardware stack levels required when called:    6
 This function calls:
		Nothing
 This function is called by:
		_set_external_interrupt1
		_set_external_interrupt3
 This function uses a non-reentrant model


 *************** function _readADC *****************
 Defined at:
		line 35 in file "ADC.c"
 Parameters:    Size  Location     Type
  channel         1    wreg     unsigned char 
 Auto vars:     Size  Location     Type
  channel         1   48[BANK0 ] unsigned char 
  i               1   44[BANK0 ] unsigned char 
  a               3   45[BANK0 ] float 
  volt            3   41[BANK0 ] float 
 Return value:  Size  Location     Type
                  3   38[BANK0 ] float 
 Registers used:
		wreg, status,2, status,0, cstack
 Tracked objects:
		On entry : 
		On exit  : 
		Unchanged: 
 Data sizes:     COMRAM   BANK0   BANK1   BANK2   BANK3   BANK4   BANK5   BANK6   BANK7   BANK8   BANK9  BANK10  BANK11  BANK12  BANK13  BANK14  BANK15
      Params:         0       3       0       0       0       0       0       0       0       0       0       0       0       0       0       0       0
      Locals:         0       8       0       0       0       0       0       0       0       0       0       0       0       0       0       0       0
      Temps:          0       0       0       0       0       0       0       0       0       0       0       0       0       0       0       0       0
      Totals:         0      11       0       0       0       0       0       0       0       0       0       0       0       0       0       0       0
Total ram usage:       11 bytes
 Hardware stack levels used:    1
 Hardware stack levels required when called:    9
 This function calls:
		___ftadd
		___ftdiv
		___ftmul
		___lwtoft
		_abs
		_read
 This function is called by:
		_main
 This function uses a non-reentrant model


 *************** function _read *****************
 Defined at:
		line 27 in file "ADC.c"
 Parameters:    Size  Location     Type
  channel2        1    wreg     unsigned char 
 Auto vars:     Size  Location     Type
  channel2        1    1[BANK0 ] unsigned char 
 Return value:  Size  Location     Type
                  1    wreg      void 
 Registers used:
		wreg, status,2, status,0, cstack
 Tracked objects:
		On entry : 
		On exit  : 
		Unchanged: 
 Data sizes:     COMRAM   BANK0   BANK1   BANK2   BANK3   BANK4   BANK5   BANK6   BANK7   BANK8   BANK9  BANK10  BANK11  BANK12  BANK13  BANK14  BANK15
      Params:         0       0       0       0       0       0       0       0       0       0       0       0       0       0       0       0       0
      Locals:         0       1       0       0       0       0       0       0       0       0       0       0       0       0       0       0       0
      Temps:          0       1       0       0       0       0       0       0       0       0       0       0       0       0       0       0       0
      Totals:         0       2       0       0       0       0       0       0       0       0       0       0       0       0       0       0       0
Total ram usage:        2 bytes
 Hardware stack levels used:    1
 Hardware stack levels required when called:    6
 This function calls:
		Nothing
 This function is called by:
		_readADC
 This function uses a non-reentrant model


 *************** function _abs *****************
 Defined at:
		line 20 in file "ADC.c"
 Parameters:    Size  Location     Type
  num             3   23[BANK0 ] float 
 Auto vars:     Size  Location     Type
		None
 Return value:  Size  Location     Type
                  3   23[BANK0 ] float 
 Registers used:
		wreg, status,2, status,0, cstack
 Tracked objects:
		On entry : 
		On exit  : 
		Unchanged: 
 Data sizes:     COMRAM   BANK0   BANK1   BANK2   BANK3   BANK4   BANK5   BANK6   BANK7   BANK8   BANK9  BANK10  BANK11  BANK12  BANK13  BANK14  BANK15
      Params:         0       3       0       0       0       0       0       0       0       0       0       0       0       0       0       0       0
      Locals:         0       0       0       0       0       0       0       0       0       0       0       0       0       0       0       0       0
      Temps:          0       0       0       0       0       0       0       0       0       0       0       0       0       0       0       0       0
      Totals:         0       3       0       0       0       0       0       0       0       0       0       0       0       0       0       0       0
Total ram usage:        3 bytes
 Hardware stack levels used:    1
 Hardware stack levels required when called:    8
 This function calls:
		___ftge
		___ftmul
 This function is called by:
		_readADC
 This function uses a non-reentrant model


 *************** function ___ftmul *****************
 Defined at:
		line 62 in file "/Applications/microchip/xc8/v1.41/sources/common/ftmul.c"
 Parameters:    Size  Location     Type
  f1              3    8[BANK0 ] float 
  f2              3   11[BANK0 ] float 
 Auto vars:     Size  Location     Type
  f3_as_produc    3   18[BANK0 ] unsigned um
  sign            1   22[BANK0 ] unsigned char 
  cntr            1   21[BANK0 ] unsigned char 
  exp             1   17[BANK0 ] unsigned char 
 Return value:  Size  Location     Type
                  3    8[BANK0 ] float 
 Registers used:
		wreg, status,2, status,0, cstack
 Tracked objects:
		On entry : 
		On exit  : 
		Unchanged: 
 Data sizes:     COMRAM   BANK0   BANK1   BANK2   BANK3   BANK4   BANK5   BANK6   BANK7   BANK8   BANK9  BANK10  BANK11  BANK12  BANK13  BANK14  BANK15
      Params:         0       6       0       0       0       0       0       0       0       0       0       0       0       0       0       0       0
      Locals:         0       6       0       0       0       0       0       0       0       0       0       0       0       0       0       0       0
      Temps:          0       3       0       0       0       0       0       0       0       0       0       0       0       0       0       0       0
      Totals:         0      15       0       0       0       0       0       0       0       0       0       0       0       0       0       0       0
Total ram usage:       15 bytes
 Hardware stack levels used:    1
 Hardware stack levels required when called:    7
 This function calls:
		___ftpack
 This function is called by:
		_abs
		_readADC
 This function uses a non-reentrant model


 *************** function ___ftge *****************
 Defined at:
		line 4 in file "/Applications/microchip/xc8/v1.41/sources/common/ftge.c"
 Parameters:    Size  Location     Type
  ff1             3    0[BANK0 ] float 
  ff2             3    3[BANK0 ] float 
 Auto vars:     Size  Location     Type
		None
 Return value:  Size  Location     Type
		None               void
 Registers used:
		wreg, status,2, status,0
 Tracked objects:
		On entry : 
		On exit  : 
		Unchanged: 
 Data sizes:     COMRAM   BANK0   BANK1   BANK2   BANK3   BANK4   BANK5   BANK6   BANK7   BANK8   BANK9  BANK10  BANK11  BANK12  BANK13  BANK14  BANK15
      Params:         0       6       0       0       0       0       0       0       0       0       0       0       0       0       0       0       0
      Locals:         0       0       0       0       0       0       0       0       0       0       0       0       0       0       0       0       0
      Temps:          0       3       0       0       0       0       0       0       0       0       0       0       0       0       0       0       0
      Totals:         0       9       0       0       0       0       0       0       0       0       0       0       0       0       0       0       0
Total ram usage:        9 bytes
 Hardware stack levels used:    1
 Hardware stack levels required when called:    6
 This function calls:
		Nothing
 This function is called by:
		_main
		_abs
 This function uses a non-reentrant model


 *************** function ___lwtoft *****************
 Defined at:
		line 28 in file "/Applications/microchip/xc8/v1.41/sources/common/lwtoft.c"
 Parameters:    Size  Location     Type
  c               2    8[BANK0 ] unsigned int 
 Auto vars:     Size  Location     Type
		None
 Return value:  Size  Location     Type
                  3    8[BANK0 ] float 
 Registers used:
		wreg, status,2, status,0, cstack
 Tracked objects:
		On entry : 
		On exit  : 
		Unchanged: 
 Data sizes:     COMRAM   BANK0   BANK1   BANK2   BANK3   BANK4   BANK5   BANK6   BANK7   BANK8   BANK9  BANK10  BANK11  BANK12  BANK13  BANK14  BANK15
      Params:         0       3       0       0       0       0       0       0       0       0       0       0       0       0       0       0       0
      Locals:         0       0       0       0       0       0       0       0       0       0       0       0       0       0       0       0       0
      Temps:          0       0       0       0       0       0       0       0       0       0       0       0       0       0       0       0       0
      Totals:         0       3       0       0       0       0       0       0       0       0       0       0       0       0       0       0       0
Total ram usage:        3 bytes
 Hardware stack levels used:    1
 Hardware stack levels required when called:    7
 This function calls:
		___ftpack
 This function is called by:
		_readADC
 This function uses a non-reentrant model


 *************** function ___ftdiv *****************
 Defined at:
		line 54 in file "/Applications/microchip/xc8/v1.41/sources/common/ftdiv.c"
 Parameters:    Size  Location     Type
  f1              3   23[BANK0 ] float 
  f2              3   26[BANK0 ] float 
 Auto vars:     Size  Location     Type
  f3              3   33[BANK0 ] float 
  sign            1   37[BANK0 ] unsigned char 
  exp             1   36[BANK0 ] unsigned char 
  cntr            1   32[BANK0 ] unsigned char 
 Return value:  Size  Location     Type
                  3   23[BANK0 ] float 
 Registers used:
		wreg, status,2, status,0, cstack
 Tracked objects:
		On entry : 
		On exit  : 
		Unchanged: 
 Data sizes:     COMRAM   BANK0   BANK1   BANK2   BANK3   BANK4   BANK5   BANK6   BANK7   BANK8   BANK9  BANK10  BANK11  BANK12  BANK13  BANK14  BANK15
      Params:         0       6       0       0       0       0       0       0       0       0       0       0       0       0       0       0       0
      Locals:         0       6       0       0       0       0       0       0       0       0       0       0       0       0       0       0       0
      Temps:          0       3       0       0       0       0       0       0       0       0       0       0       0       0       0       0       0
      Totals:         0      15       0       0       0       0       0       0       0       0       0       0       0       0       0       0       0
Total ram usage:       15 bytes
 Hardware stack levels used:    1
 Hardware stack levels required when called:    7
 This function calls:
		___ftpack
 This function is called by:
		_readADC
 This function uses a non-reentrant model


 *************** function ___ftadd *****************
 Defined at:
		line 86 in file "/Applications/microchip/xc8/v1.41/sources/common/ftadd.c"
 Parameters:    Size  Location     Type
  f1              3   11[BANK0 ] float 
  f2              3   14[BANK0 ] float 
 Auto vars:     Size  Location     Type
  exp1            1   22[BANK0 ] unsigned char 
  exp2            1   21[BANK0 ] unsigned char 
  sign            1   20[BANK0 ] unsigned char 
 Return value:  Size  Location     Type
                  3   11[BANK0 ] float 
 Registers used:
		wreg, status,2, status,0, cstack
 Tracked objects:
		On entry : 
		On exit  : 
		Unchanged: 
 Data sizes:     COMRAM   BANK0   BANK1   BANK2   BANK3   BANK4   BANK5   BANK6   BANK7   BANK8   BANK9  BANK10  BANK11  BANK12  BANK13  BANK14  BANK15
      Params:         0       6       0       0       0       0       0       0       0       0       0       0       0       0       0       0       0
      Locals:         0       3       0       0       0       0       0       0       0       0       0       0       0       0       0       0       0
      Temps:          0       3       0       0       0       0       0       0       0       0       0       0       0       0       0       0       0
      Totals:         0      12       0       0       0       0       0       0       0       0       0       0       0       0       0       0       0
Total ram usage:       12 bytes
 Hardware stack levels used:    1
 Hardware stack levels required when called:    7
 This function calls:
		___ftpack
 This function is called by:
		_readADC
 This function uses a non-reentrant model


 *************** function ___ftpack *****************
 Defined at:
		line 62 in file "/Applications/microchip/xc8/v1.41/sources/common/float.c"
 Parameters:    Size  Location     Type
  arg             3    0[BANK0 ] unsigned um
  exp             1    3[BANK0 ] unsigned char 
  sign            1    4[BANK0 ] unsigned char 
 Auto vars:     Size  Location     Type
		None
 Return value:  Size  Location     Type
[...]
 Auto vars:     Size  Location     Type
  __awdiv         2    6[COMRAM] int 
  __awdiv         1    5[COMRAM] unsigned char 
  __awdiv         1    4[COMRAM] unsigned char 
 Return value:  Size  Location     Type
                  2    0[COMRAM] int 
 Registers used:
		wreg, status,2, status,0
 Tracked objects:
		On entry : 
		On exit  : 
		Unchanged: 
 Data sizes:     COMRAM   BANK0   BANK1   BANK2   BANK3   BANK4   BANK5   BANK6   BANK7   BANK8   BANK9  BANK10  BANK11  BANK12  BANK13  BANK14  BANK15
      Params:         4       0       0       0       0       0       0       0       0       0       0       0       0       0       0       0       0
      Locals:         4       0       0       0       0       0       0       0       0       0       0       0       0       0       0       0       0
      Temps:          0       0       0       0       0       0       0       0       0       0       0       0       0       0       0       0       0
      Totals:         8       0       0       0       0       0       0       0       0       0       0       0       0       0       0       0       0
Total ram usage:        8 bytes
 Hardware stack levels used:    1
 This function calls:
		Nothing
 This function is called by:
		i2_set_external_interrupt1
		i2_set_external_interrupt3
 This function uses a non-reentrant model


 *************** function i2_readADC *****************
 Defined at:
		line 35 in file "ADC.c"
 Parameters:    Size  Location     Type
  channel         1    wreg     unsigned char 
 Auto vars:     Size  Location     Type
  channel         1   48[COMRAM] unsigned char 
  readADC         3   45[COMRAM] float 
  readADC         3   41[COMRAM] float 
  readADC         1   44[COMRAM] unsigned char 
 Return value:  Size  Location     Type
                  3   38[COMRAM] float 
 Registers used:
		wreg, status,2, status,0, cstack
 Tracked objects:
		On entry : 
		On exit  : 
		Unchanged: 
 Data sizes:     COMRAM   BANK0   BANK1   BANK2   BANK3   BANK4   BANK5   BANK6   BANK7   BANK8   BANK9  BANK10  BANK11  BANK12  BANK13  BANK14  BANK15
      Params:         3       0       0       0       0       0       0       0       0       0       0       0       0       0       0       0       0
      Locals:         8       0       0       0       0       0       0       0       0       0       0       0       0       0       0       0       0
      Temps:          0       0       0       0       0       0       0       0       0       0       0       0       0       0       0       0       0
      Totals:        11       0       0       0       0       0       0       0       0       0       0       0       0       0       0       0       0
Total ram usage:       11 bytes
 Hardware stack levels used:    1
 Hardware stack levels required when called:    3
 This function calls:
		i2___ftadd
		i2___ftdiv
		i2___ftmul
		i2___lwtoft
		i2_abs
		i2_read
 This function is called by:
		_servo_ISR_1
		_servo_ISR_3
 This function uses a non-reentrant model


 *************** function i2_read *****************
 Defined at:
		line 27 in file "ADC.c"
 Parameters:    Size  Location     Type
  channel2        1    wreg     unsigned char 
 Auto vars:     Size  Location     Type
  channel2        1    1[COMRAM] unsigned char 
 Return value:  Size  Location     Type
                  1    wreg      void 
 Registers used:
		wreg, status,2, status,0, cstack
 Tracked objects:
		On entry : 
		On exit  : 
		Unchanged: 
 Data sizes:     COMRAM   BANK0   BANK1   BANK2   BANK3   BANK4   BANK5   BANK6   BANK7   BANK8   BANK9  BANK10  BANK11  BANK12  BANK13  BANK14  BANK15
      Params:         0       0       0       0       0       0       0       0       0       0       0       0       0       0       0       0       0
      Locals:         1       0       0       0       0       0       0       0       0       0       0       0       0       0       0       0       0
      Temps:          1       0       0       0       0       0       0       0       0       0       0       0       0       0       0       0       0
      Totals:         2       0       0       0       0       0       0       0       0       0       0       0       0       0       0       0       0
Total ram usage:        2 bytes
 Hardware stack levels used:    1
 This function calls:
		Nothing
 This function is called by:
		i2_readADC
 This function uses a non-reentrant model


 *************** function i2_abs *****************
 Defined at:
		line 20 in file "ADC.c"
 Parameters:    Size  Location     Type
  num             3   23[COMRAM] float 
 Auto vars:     Size  Location     Type
		None
 Return value:  Size  Location     Type
                  3   23[COMRAM] float 
 Registers used:
		wreg, status,2, status,0, cstack
 Tracked objects:
		On entry : 
		On exit  : 
		Unchanged: 
 Data sizes:     COMRAM   BANK0   BANK1   BANK2   BANK3   BANK4   BANK5   BANK6   BANK7   BANK8   BANK9  BANK10  BANK11  BANK12  BANK13  BANK14  BANK15
      Params:         3       0       0       0       0       0       0       0       0       0       0       0       0       0       0       0       0
      Locals:         0       0       0       0       0       0       0       0       0       0       0       0       0       0       0       0       0
      Temps:          0       0       0       0       0       0       0       0       0       0       0       0       0       0       0       0       0
      Totals:         3       0       0       0       0       0       0       0       0       0       0       0       0       0       0       0       0
Total ram usage:        3 bytes
 Hardware stack levels used:    1
 Hardware stack levels required when called:    2
 This function calls:
		i2___ftge
		i2___ftmul
 This function is called by:
		i2_readADC
 This function uses a non-reentrant model


 *************** function i2___ftmul *****************
 Defined at:
		line 62 in file "/Applications/microchip/xc8/v1.41/sources/common/ftmul.c"
 Parameters:    Size  Location     Type
  f1              3    8[COMRAM] float 
  f2              3   11[COMRAM] float 
 Auto vars:     Size  Location     Type
  __ftmul         3   18[COMRAM] unsigned um
  __ftmul         1   22[COMRAM] unsigned char 
  __ftmul         1   21[COMRAM] unsigned char 
  __ftmul         1   17[COMRAM] unsigned char 
 Return value:  Size  Location     Type
                  3    8[COMRAM] float 
 Registers used:
		wreg, status,2, status,0, cstack
 Tracked objects:
		On entry : 
		On exit  : 
		Unchanged: 
 Data sizes:     COMRAM   BANK0   BANK1   BANK2   BANK3   BANK4   BANK5   BANK6   BANK7   BANK8   BANK9  BANK10  BANK11  BANK12  BANK13  BANK14  BANK15
      Params:         6       0       0       0       0       0       0       0       0       0       0       0       0       0       0       0       0
      Locals:         6       0       0       0       0       0       0       0       0       0       0       0       0       0       0       0       0
      Temps:          3       0       0       0       0       0       0       0       0       0       0       0       0       0       0       0       0
      Totals:        15       0       0       0       0       0       0       0       0       0       0       0       0       0       0       0       0
Total ram usage:       15 bytes
 Hardware stack levels used:    1
 Hardware stack levels required when called:    1
 This function calls:
		i2___ftpack
 This function is called by:
		_servo_ISR_1
		i2_abs
		i2_readADC
 This function uses a non-reentrant model


 *************** function i2___ftge *****************
 Defined at:
		line 4 in file "/Applications/microchip/xc8/v1.41/sources/common/ftge.c"
 Parameters:    Size  Location     Type
  ff1             3    0[COMRAM] float 
  ff2             3    3[COMRAM] float 
 Auto vars:     Size  Location     Type
		None
 Return value:  Size  Location     Type
		None               void
 Registers used:
		wreg, status,2, status,0
 Tracked objects:
		On entry : 
		On exit  : 
		Unchanged: 
 Data sizes:     COMRAM   BANK0   BANK1   BANK2   BANK3   BANK4   BANK5   BANK6   BANK7   BANK8   BANK9  BANK10  BANK11  BANK12  BANK13  BANK14  BANK15
      Params:         6       0       0       0       0       0       0       0       0       0       0       0       0       0       0       0       0
      Locals:         0       0       0       0       0       0       0       0       0       0       0       0       0       0       0       0       0
      Temps:          3       0       0       0       0       0       0       0       0       0       0       0       0       0       0       0       0
      Totals:         9       0       0       0       0       0       0       0       0       0       0       0       0       0       0       0       0
Total ram usage:        9 bytes
 Hardware stack levels used:    1
 This function calls:
		Nothing
 This function is called by:
		_servo_ISR_1
		_servo_ISR_3
		i2_abs
 This function uses a non-reentrant model


 *************** function i2___lwtoft *****************
 Defined at:
		line 28 in file "/Applications/microchip/xc8/v1.41/sources/common/lwtoft.c"
 Parameters:    Size  Location     Type
  c               2    8[COMRAM] unsigned int 
 Auto vars:     Size  Location     Type
		None
 Return value:  Size  Location     Type
                  3    8[COMRAM] float 
 Registers used:
		wreg, status,2, status,0, cstack
 Tracked objects:
		On entry : 
		On exit  : 
		Unchanged: 
 Data sizes:     COMRAM   BANK0   BANK1   BANK2   BANK3   BANK4   BANK5   BANK6   BANK7   BANK8   BANK9  BANK10  BANK11  BANK12  BANK13  BANK14  BANK15
      Params:         3       0       0       0       0       0       0       0       0       0       0       0       0       0       0       0       0
      Locals:         0       0       0       0       0       0       0       0       0       0       0       0       0       0       0       0       0
      Temps:          0       0       0       0       0       0       0       0       0       0       0       0       0       0       0       0       0
      Totals:         3       0       0       0       0       0       0       0       0       0       0       0       0       0       0       0       0
Total ram usage:        3 bytes
 Hardware stack levels used:    1
 Hardware stack levels required when called:    1
 This function calls:
		i2___ftpack
 This function is called by:
		i2_readADC
 This function uses a non-reentrant model


 *************** function i2___ftdiv *****************
 Defined at:
		line 54 in file "/Applications/microchip/xc8/v1.41/sources/common/ftdiv.c"
 Parameters:    Size  Location     Type
  f1              3   23[COMRAM] float 
  f2              3   26[COMRAM] float 
 Auto vars:     Size  Location     Type
  __ftdiv         3   33[COMRAM] float 
  __ftdiv         1   37[COMRAM] unsigned char 
  __ftdiv         1   36[COMRAM] unsigned char 
  __ftdiv         1   32[COMRAM] unsigned char 
 Return value:  Size  Location     Type
                  3   23[COMRAM] float 
 Registers used:
		wreg, status,2, status,0, cstack
 Tracked objects:
		On entry : 
		On exit  : 
		Unchanged: 
 Data sizes:     COMRAM   BANK0   BANK1   BANK2   BANK3   BANK4   BANK5   BANK6   BANK7   BANK8   BANK9  BANK10  BANK11  BANK12  BANK13  BANK14  BANK15
      Params:         6       0       0       0       0       0       0       0       0       0       0       0       0       0       0       0       0
      Locals:         6       0       0       0       0       0       0       0       0       0       0       0       0       0       0       0       0
      Temps:          3       0       0       0       0       0       0       0       0       0       0       0       0       0       0       0       0
      Totals:        15       0       0       0       0       0       0       0       0       0       0       0       0       0       0       0       0
Total ram usage:       15 bytes
 Hardware stack levels used:    1
 Hardware stack levels required when called:    1
 This function calls:
		i2___ftpack
 This function is called by:
		i2_readADC
 This function uses a non-reentrant model


 *************** function i2___ftadd *****************
 Defined at:
		line 86 in file "/Applications/microchip/xc8/v1.41/sources/common/ftadd.c"
 Parameters:    Size  Location     Type
  f1              3   11[COMRAM] float 
  f2              3   14[COMRAM] float 
 Auto vars:     Size  Location     Type
  __ftadd         1   22[COMRAM] unsigned char 
  __ftadd         1   21[COMRAM] unsigned char 
  __ftadd         1   20[COMRAM] unsigned char 
 Return value:  Size  Location     Type
                  3   11[COMRAM] float 
 Registers used:
		wreg, status,2, status,0, cstack
 Tracked objects:
		On entry : 
		On exit  : 
		Unchanged: 
 Data sizes:     COMRAM   BANK0   BANK1   BANK2   BANK3   BANK4   BANK5   BANK6   BANK7   BANK8   BANK9  BANK10  BANK11  BANK12  BANK13  BANK14  BANK15
      Params:         6       0       0       0       0       0       0       0       0       0       0       0       0       0       0       0       0
      Locals:         3       0       0       0       0       0       0       0       0       0       0       0       0       0       0       0       0
      Temps:          3       0       0       0       0       0       0       0       0       0       0       0       0       0       0       0       0
      Totals:        12       0       0       0       0       0       0       0       0       0       0       0       0       0       0       0       0
Total ram usage:       12 bytes
 Hardware stack levels used:    1
 Hardware stack levels required when called:    1
 This function calls:
		i2___ftpack
 This function is called by:
		i2_readADC
 This function uses a non-reentrant model


 *************** function i2___ftpack *****************
 Defined at:
		line 62 in file "/Applications/microchip/xc8/v1.41/sources/common/float.c"
 Parameters:    Size  Location     Type
  arg             3    0[COMRAM] unsigned um
  exp             1    3[COMRAM] unsigned char 
  sign            1    4[COMRAM] unsigned char 
 Auto vars:     Size  Location     Type
		None
 Return value:  Size  Location     Type
                  3    0[COMRAM] float 
 Registers used:
		wreg, status,2, status,0
 Tracked objects:
		On entry : 
		On exit  : 
		Unchanged: 
 Data sizes:     COMRAM   BANK0   BANK1   BANK2   BANK3   BANK4   BANK5   BANK6   BANK7   BANK8   BANK9  BANK10  BANK11  BANK12  BANK13  BANK14  BANK15
      Params:         5       0       0       0       0       0       0       0       0       0       0       0       0       0       0       0       0
      Locals:         0       0       0       0       0       0       0       0       0       0       0       0       0       0       0       0       0
      Temps:          3       0       0       0       0       0       0       0       0       0       0       0       0       0       0       0       0
      Totals:         8       0       0       0       0       0       0       0       0       0       0       0       0       0       0       0       0
Total ram usage:        8 bytes
 Hardware stack levels used:    1
 This function calls:
		Nothing
 This function is called by:
		i2___ftadd
		i2___ftdiv
		i2___ftmul
		i2___lwtoft
 This function uses a non-reentrant model



MODULE INFORMATION

Module		Function		Class		Link	Load	Size
/Applications/microchip/xc8/v1.41/sources/common/doprnt.c
		_printf        		CODE           	2956	0000	949

/Applications/microchip/xc8/v1.41/sources/common/doprnt.c estimated size: 949

/Applications/microchip/xc8/v1.41/sources/common/float.c
		___ftpack      		CODE           	364C	0000	269

/Applications/microchip/xc8/v1.41/sources/common/float.c estimated size: 269

/Applications/microchip/xc8/v1.41/sources/common/Umul16.c
		___wmul        		CODE           	42B6	0000	55

/Applications/microchip/xc8/v1.41/sources/common/Umul16.c estimated size: 55

I2C.c
		_I2C_Master_Read		CODE           	431E	0000	47
		_I2C_Master_Wait		CODE           	443C	0000	21
		_I2C_Master_Init		CODE           	40C6	0000	97
		_I2C_Master_Stop		CODE           	447A	0000	9
		_delay_1s_interrupt		CODE           	3F2C	0000	107
		_I2C_Master_Write		CODE           	4470	0000	11
		_I2C_Master_Start		CODE           	4482	0000	9

I2C.c estimated size: 301

/Applications/microchip/xc8/v1.41/sources/common/lwmod.c
		___lwmod       		CODE           	4064	0000	99

/Applications/microchip/xc8/v1.41/sources/common/lwmod.c estimated size: 99

eeprom.c
		_Eeprom_ReadByte		CODE           	42EC	0000	51
		_Eeprom_WriteByte		CODE           	4274	0000	67

eeprom.c estimated size: 118

/Applications/microchip/xc8/v1.41/sources/common/isdigit.c
		_isdigit       		CODE           	43A2	0000	43

/Applications/microchip/xc8/v1.41/sources/common/isdigit.c estimated size: 43

/Applications/microchip/xc8/v1.41/sources/common/ftge.c
		___ftge        		CODE           	3932	0000	201

/Applications/microchip/xc8/v1.41/sources/common/ftge.c estimated size: 201

/Applications/microchip/xc8/v1.41/sources/common/ftmul.c
		___ftmul       		CODE           	311E	0000	351

/Applications/microchip/xc8/v1.41/sources/common/ftmul.c estimated size: 351

interrupt.c
		_set_external_interrupt3		CODE           	3E40	0000	119
		_servo_ISR_1   		CODE           	1F30	0000	1621
		_servo_ISR_3   		CODE           	2584	0000	979
		_set_external_interrupt1		CODE           	3EB6	0000	119

interrupt.c estimated size: 2838

/Applications/microchip/xc8/v1.41/sources/common/ftdiv.c
		___ftdiv       		CODE           	33D6	0000	333

/Applications/microchip/xc8/v1.41/sources/common/ftdiv.c estimated size: 333

shared
		i2_abs         		CODE           	41D6	0000	89
		i2_readADC     		CODE           	3522	0000	299
		i2___ftadd     		CODE           	2F72	0000	429
		i2___ftdiv     		CODE           	384C	0000	231
		_dpowers       		SMALLCONST     	1012	0000	11
		i2___ftge      		CODE           	3CB4	0000	145
		i2_set_external_interrupt1		CODE           	417E	0000	89
		i2_set_external_interrupt3		CODE           	4126	0000	89
		i2___lwtoft    		CODE           	4418	0000	37
		i2_read        		CODE           	43F2	0000	39
		i2___awdiv     		CODE           	3D44	0000	133
		i2___ftmul     		CODE           	3758	0000	245
		i2___ftpack    		CODE           	3B74	0000	175
		_keys          		SMALLCONST     	1001	0000	18
		__initialization		CODE           	43CC	0000	25
		_hexpowers     		SMALLCONST     	101C	0000	9
		_happynewyear  		SMALLCONST     	1024	0000	8

shared estimated size: 2071

/Applications/microchip/xc8/v1.41/sources/common/lwdiv.c
		___lwdiv       		CODE           	3DC8	0000	121

/Applications/microchip/xc8/v1.41/sources/common/lwdiv.c estimated size: 121

ADC.c
		_abs           		CODE           	3FFE	0000	103
		_read          		CODE           	434C	0000	45
		_readADC       		CODE           	327C	0000	347

ADC.c estimated size: 495

/Applications/microchip/xc8/v1.41/sources/common/awdiv.c
		___awdiv       		CODE           	39FA	0000	191

/Applications/microchip/xc8/v1.41/sources/common/awdiv.c estimated size: 191

/Applications/microchip/xc8/v1.41/sources/common/lldiv.c
		___lldiv       		CODE           	3AB8	0000	189

/Applications/microchip/xc8/v1.41/sources/common/lldiv.c estimated size: 189

lcd.c
		_putch         		CODE           	4450	0000	17
		_lcdInst       		CODE           	4460	0000	17
		_lcdNibble     		CODE           	3F96	0000	105
		_initLCD       		CODE           	422E	0000	71

lcd.c estimated size: 210

main.c
		_IRQ           		CODE           	0008	0000	153
		_main          		CODE           	10D8	0000	3673

main.c estimated size: 3826

/Applications/microchip/xc8/v1.41/sources/common/ftadd.c
		___ftadd       		CODE           	2D0A	0000	617

/Applications/microchip/xc8/v1.41/sources/common/ftadd.c estimated size: 617

/Applications/microchip/xc8/v1.41/sources/common/lwtoft.c
		___lwtoft      		CODE           	4378	0000	43

/Applications/microchip/xc8/v1.41/sources/common/lwtoft.c estimated size: 43

