Microchip MPLAB XC8 Compiler V1.40 ()

Linker command line:

-W-3 --edf=/Applications/microchip/xc8/v1.40/dat/en_msgs.txt -cs \
  -h+dist/default/production/Interrupt_Test.X.production.sym \
  --cmf=dist/default/production/Interrupt_Test.X.production.cmf -z \
  -Q18F4620 -o/tmp/xcMG8Ku9m \
  -Mdist/default/production/Interrupt_Test.X.production.map -E1 -ver=XC8 \
  -ASTACK=08Ch-0f7fh -pstack=STACK -ACODE=00h-0FFFFh -ACONST=00h-0FFFFh \
  -ASMALLCONST=01000h-010FFhx240 -AMEDIUMCONST=01000h-0FFFFh \
  -ACOMRAM=01h-07Fh -AABS1=00h-0F7Fh -ABIGRAM=01h-0F7Fh \
  -ARAM=080h-0FFh,0100h-01FFhx14,0F00h-0F7Fh -ABANK0=080h-0FFh \
  -ABANK1=0100h-01FFh -ABANK2=0200h-02FFh -ABANK3=0300h-03FFh \
  -ABANK4=0400h-04FFh -ABANK5=0500h-05FFh -ABANK6=0600h-06FFh \
  -ABANK7=0700h-07FFh -ABANK8=0800h-08FFh -ABANK9=0900h-09FFh \
  -ABANK10=0A00h-0AFFh -ABANK11=0B00h-0BFFh -ABANK12=0C00h-0CFFh \
  -ABANK13=0D00h-0DFFh -ABANK14=0E00h-0EFFh -ABANK15=0F00h-0F7Fh \
  -ASFR=0F80h-0FFFh -preset_vec=00h,intcode=08h,intcodelo,powerup,init \
  -pramtop=01000h -psmallconst=SMALLCONST -pmediumconst=MEDIUMCONST \
  -pconst=CONST -AFARRAM=00h-00h -ACONFIG=0300000h-030000Dh -pconfig=CONFIG \
  -AIDLOC=0200000h-0200007h -pidloc=IDLOC -AEEDATA=0F00000h-0F003FFh \
  -peeprom_data=EEDATA \
  -prdata=COMRAM,nvrram=COMRAM,nvbit=COMRAM,rbss=COMRAM,rbit=COMRAM \
  -pfarbss=FARRAM,fardata=FARRAM,nvFARRAM=FARRAM \
  -pintsave_regs=BIGRAM,bigbss=BIGRAM,bigdata=BIGRAM -pbss=RAM \
  -pidata=CODE,irdata=CODE,ibigdata=CODE,ifardata=CODE -prparam=COMRAM \
  /tmp/xc0KIGwof.obj \
  dist/default/production/Interrupt_Test.X.production.obj 

Object code version is 3.11

Machine type is 18F4620

Call graph: (short form)




                Name                               Link     Load   Length Selector   Space Scale
/tmp/xc0KIGwof.obj
                init                                  E        E        4        4       0
                reset_vec                             0        0        4        0       0
                idloc                            200000   200000        8   200000       0
                config                           300000   300000        E   300000       0
dist/default/production/Interrupt_Test.X.production.obj
                intcode                               8        8        6        4       0
                temp                                 70       70        1        1       1
                text18                              C3A      C3A       90        4       0
                text17                              CCA      CCA       84        4       0
                text16                              F4C      F4C       36        4       0
                text15                              95E      95E       D8        4       0
                text14                              AF4      AF4       AE        4       0
                text13                              E72      E72       38        4       0
                text12                              6BA      6BA       F4        4       0
                text11                              D4E      D4E       6E        4       0
                text10                              482      482      238        4       0
                text9                               F16      F16       36        4       0
                text8                               886      886       D8        4       0
                text7                               24A      24A      238        4       0
                text6                               EE0      EE0       36        4       0
                text5                               7AE      7AE       D8        4       0
                text4                                12       12      238        4       0
                intcode_body                        BA2      BA2       98        4       0
                text2                               A36      A36       BE        4       0
                text1                               E22      E22       50        4       0
                text0                               DBC      DBC       66        4       0
                cstackCOMRAM                          1        1       37        1       1
                cstackBANK0                          80       80        C       80       1
                dataCOMRAM                           5B       5B       15        1       1
                bssCOMRAM                            38       38       23        1       1
                cinit                               EAA      EAA       36        4       0
                idataCOMRAM                         F82      F82       15        4       0

TOTAL           Name                               Link     Load   Length     Space
        CLASS   STACK          

        CLASS   CODE           
                intcode                               8        8        6         0
                init                                  E        E        4         0
                reset_vec                             0        0        4         0
                text18                              C3A      C3A       90         0
                text17                              CCA      CCA       84         0
                text16                              F4C      F4C       36         0
                text15                              95E      95E       D8         0
                text14                              AF4      AF4       AE         0
                text13                              E72      E72       38         0
                text12                              6BA      6BA       F4         0
                text11                              D4E      D4E       6E         0
                text10                              482      482      238         0
                text9                               F16      F16       36         0
                text8                               886      886       D8         0
                text7                               24A      24A      238         0
                text6                               EE0      EE0       36         0
                text5                               7AE      7AE       D8         0
                text4                                12       12      238         0
                intcode_body                        BA2      BA2       98         0
                text2                               A36      A36       BE         0
                text1                               E22      E22       50         0
                text0                               DBC      DBC       66         0
                cinit                               EAA      EAA       36         0
                idataCOMRAM                         F82      F82       15         0

        CLASS   CONST          

        CLASS   SMALLCONST     

        CLASS   MEDIUMCONST    

        CLASS   COMRAM         
                temp                                 70       70        1         1
                cstackCOMRAM                          1        1       37         1
                dataCOMRAM                           5B       5B       15         1
                bssCOMRAM                            38       38       23         1

        CLASS   ABS1           

        CLASS   BIGRAM         

        CLASS   RAM            

        CLASS   BANK0          
                cstackBANK0                          80       80        C         1

        CLASS   BANK1          

        CLASS   BANK2          

        CLASS   BANK3          

        CLASS   BANK4          

        CLASS   BANK5          

        CLASS   BANK6          

        CLASS   BANK7          

        CLASS   BANK8          

        CLASS   BANK9          

        CLASS   BANK10         

        CLASS   BANK11         

        CLASS   BANK12         

        CLASS   BANK13         

        CLASS   BANK14         

        CLASS   BANK15         

        CLASS   SFR            

        CLASS   FARRAM         

        CLASS   CONFIG         
                config                           300000   300000        E         0

        CLASS   IDLOC          
                idloc                            200000   200000        8         0

        CLASS   EEDATA         



SEGMENTS        Name                           Load    Length   Top    Selector   Space  Class

                reset_vec                      000000  000004  000004         0       0  CODE    
                cstackCOMRAM                   000001  000070  000071         1       1  COMRAM  
                intcode                        000008  000F8F  000F97         4       0  CODE    
                cstackBANK0                    000080  00000C  00008C        80       1  BANK0   
                idloc                          200000  000008  200008    200000       0  IDLOC   
                config                         300000  00000E  30000E    300000       0  CONFIG  


UNUSED ADDRESS RANGES

        Name                Unused          Largest block    Delta
        BANK0            00008C-0000FF               74
        BANK1            000100-0001FF              100
        BANK10           000A00-000AFF              100
        BANK11           000B00-000BFF              100
        BANK12           000C00-000CFF              100
        BANK13           000D00-000DFF              100
        BANK14           000E00-000EFF              100
        BANK15           000F00-000F7F               80
        BANK2            000200-0002FF              100
        BANK3            000300-0003FF              100
        BANK4            000400-0004FF              100
        BANK5            000500-0005FF              100
        BANK6            000600-0006FF              100
        BANK7            000700-0007FF              100
        BANK8            000800-0008FF              100
        BANK9            000900-0009FF              100
        BIGRAM           000071-00007F                F
                         00008C-000F7F              EF4
        CODE             000004-000007                4
                         000F97-00FFFF             F069
        COMRAM           000071-00007F                F
        CONST            000004-000007                4
                         000F97-00FFFF             F069
        EEDATA           F00000-F003FF              400
        MEDIUMCONST      001000-00FFFF             F000
        RAM              00008C-000F7F              100
        SFR              000F80-000FFF               80
        SMALLCONST       001000-00FFFF              100
        STACK            00008C-000F7F              EF4

                                  Symbol Table

?___awdiv                           cstackBANK0  000080
?___awtoft                          cstackCOMRAM 000009
?___ftmul                           cstackCOMRAM 00000D
?___ftpack                          cstackCOMRAM 000001
?_readADC                           cstackCOMRAM 00001C
?i2___awdiv                         cstackCOMRAM 000001
_ADCON0                             (abs)        000FC2
_ADCON0bits                         (abs)        000FC2
_ADCON1                             (abs)        000FC1
_ADON                               (abs)        007E10
_ADRES                              (abs)        000FC3
_INTCONbits                         (abs)        000FF2
_IRQ                                intcode      000008
_LATA                               (abs)        000F89
_LATB                               (abs)        000F8A
_LATC                               (abs)        000F8B
_LATCbits                           (abs)        000F8B
_LATD                               (abs)        000F8C
_LATDbits                           (abs)        000F8C
_LATE                               (abs)        000F8D
_OSCCON                             (abs)        000FD3
_PEIE                               (abs)        007F96
_PORTAbits                          (abs)        000F80
_T0CON                              (abs)        000FD5
_T1CON                              (abs)        000FCD
_T3CON                              (abs)        000FB1
_TMR0H                              (abs)        000FD7
_TMR0IE                             (abs)        007F95
_TMR0IF                             (abs)        007F92
_TMR0L                              (abs)        000FD6
_TMR0ON                             (abs)        007EAF
_TMR1H                              (abs)        000FCF
_TMR1IE                             (abs)        007CE8
_TMR1IF                             (abs)        007CF0
_TMR1L                              (abs)        000FCE
_TMR1ON                             (abs)        007E68
_TMR3H                              (abs)        000FB3
_TMR3IE                             (abs)        007D01
_TMR3IF                             (abs)        007D09
_TMR3L                              (abs)        000FB2
_TMR3ON                             (abs)        007D88
_TRISA                              (abs)        000F92
_TRISB                              (abs)        000F93
_TRISC                              (abs)        000F94
_TRISD                              (abs)        000F95
_TRISE                              (abs)        000F96
__CFG_BOREN$SBORDIS                 (abs)        000000
__CFG_BORV$3                        (abs)        000000
__CFG_CCP2MX$PORTC                  (abs)        000000
__CFG_CP0$OFF                       (abs)        000000
__CFG_CP1$OFF                       (abs)        000000
__CFG_CP2$OFF                       (abs)        000000
__CFG_CP3$OFF                       (abs)        000000
__CFG_CPB$OFF                       (abs)        000000
__CFG_CPD$OFF                       (abs)        000000
__CFG_EBTR0$OFF                     (abs)        000000
__CFG_EBTR1$OFF                     (abs)        000000
__CFG_EBTR2$OFF                     (abs)        000000
__CFG_EBTR3$OFF                     (abs)        000000
__CFG_EBTRB$OFF                     (abs)        000000
__CFG_FCMEN$OFF                     (abs)        000000
__CFG_IESO$OFF                      (abs)        000000
__CFG_LPT1OSC$OFF                   (abs)        000000
__CFG_LVP$OFF                       (abs)        000000
__CFG_MCLRE$ON                      (abs)        000000
__CFG_OSC$HS                        (abs)        000000
__CFG_PBADEN$ON                     (abs)        000000
__CFG_PWRT$OFF                      (abs)        000000
__CFG_STVREN$ON                     (abs)        000000
__CFG_WDT$OFF                       (abs)        000000
__CFG_WDTPS$32768                   (abs)        000000
__CFG_WRT0$OFF                      (abs)        000000
__CFG_WRT1$OFF                      (abs)        000000
__CFG_WRT2$OFF                      (abs)        000000
__CFG_WRT3$OFF                      (abs)        000000
__CFG_WRTB$OFF                      (abs)        000000
__CFG_WRTC$OFF                      (abs)        000000
__CFG_WRTD$OFF                      (abs)        000000
__CFG_XINST$OFF                     (abs)        000000
__HRAM                              (abs)        000000
__Habs1                             abs1         000000
__Hbank0                            bank0        000000
__Hbank1                            bank1        000000
__Hbank10                           bank10       000000
__Hbank11                           bank11       000000
__Hbank12                           bank12       000000
__Hbank13                           bank13       000000
__Hbank14                           bank14       000000
__Hbank15                           bank15       000000
__Hbank2                            bank2        000000
__Hbank3                            bank3        000000
__Hbank4                            bank4        000000
__Hbank5                            bank5        000000
__Hbank6                            bank6        000000
__Hbank7                            bank7        000000
__Hbank8                            bank8        000000
__Hbank9                            bank9        000000
__Hbigbss                           bigbss       000000
__Hbigdata                          bigdata      000000
__Hbigram                           bigram       000000
__Hbss                              bss          000000
__HbssCOMRAM                        bssCOMRAM    000000
__Hcinit                            cinit        000000
__Hclrtext                          clrtext      000000
__Hcomram                           comram       000000
__Hconfig                           config       30000E
__Hconst                            const        000000
__HcstackBANK0                      cstackBANK0  000000
__HcstackCOMRAM                     cstackCOMRAM 000000
__Hdata                             data         000000
__HdataCOMRAM                       dataCOMRAM   000000
__Heeprom_data                      eeprom_data  000000
__Hfarbss                           farbss       000000
__Hfardata                          fardata      000000
__Hibigdata                         ibigdata     000000
__Hidata                            idata        000000
__HidataCOMRAM                      idataCOMRAM  000000
__Hidloc                            idloc        200008
__Hifardata                         ifardata     000000
__Hinit                             init         000012
__Hintcode                          intcode      00000E
__Hintcode_body                     intcode_body 000000
__Hintcodelo                        intcodelo    00000E
__Hintentry                         intentry     000000
__Hintret                           intret       000000
__Hintsave_regs                     intsave_regs 000000
__Hirdata                           irdata       000000
__Hmediumconst                      mediumconst  000000
__HnvFARRAM                         nvFARRAM     000000
__Hnvbit                            nvbit        000000
__Hnvrram                           nvrram       000000
__Hparam                            rparam       000000
__Hpowerup                          powerup      00000E
__Hram                              ram          000000
__Hramtop                           ramtop       001000
__Hrbit                             rbit         000000
__Hrbss                             rbss         000000
__Hrdata                            rdata        000000
__Hreset_vec                        reset_vec    000004
__Hrparam                           rparam       000000
__Hsfr                              sfr          000000
__Hsmallconst                       smallconst   000000
__Hspace_0                          (abs)        30000E
__Hspace_1                          (abs)        00008C
__Hspace_2                          (abs)        000000
__Hstack                            stack        000000
__Hstruct                           struct       000000
__Htemp                             temp         000071
__Htext                             text         000000
__Htext0                            text0        000000
__Htext1                            text1        000000
__Htext10                           text10       000000
__Htext11                           text11       000000
__Htext12                           text12       000000
__Htext13                           text13       000000
__Htext14                           text14       000000
__Htext15                           text15       000000
__Htext16                           text16       000000
__Htext17                           text17       000000
__Htext18                           text18       000000
__Htext2                            text2        000000
__Htext4                            text4        000000
__Htext5                            text5        000000
__Htext6                            text6        000000
__Htext7                            text7        000000
__Htext8                            text8        000000
__Htext9                            text9        000000
__LRAM                              (abs)        000001
__Labs1                             abs1         000000
__Lbank0                            bank0        000000
__Lbank1                            bank1        000000
__Lbank10                           bank10       000000
__Lbank11                           bank11       000000
__Lbank12                           bank12       000000
__Lbank13                           bank13       000000
__Lbank14                           bank14       000000
__Lbank15                           bank15       000000
__Lbank2                            bank2        000000
__Lbank3                            bank3        000000
__Lbank4                            bank4        000000
__Lbank5                            bank5        000000
__Lbank6                            bank6        000000
__Lbank7                            bank7        000000
__Lbank8                            bank8        000000
__Lbank9                            bank9        000000
__Lbigbss                           bigbss       000000
__Lbigdata                          bigdata      000000
__Lbigram                           bigram       000000
__Lbss                              bss          000000
__LbssCOMRAM                        bssCOMRAM    000000
__Lcinit                            cinit        000000
__Lclrtext                          clrtext      000000
__Lcomram                           comram       000000
__Lconfig                           config       300000
__Lconst                            const        000000
__LcstackBANK0                      cstackBANK0  000000
__LcstackCOMRAM                     cstackCOMRAM 000000
__Ldata                             data         000000
__LdataCOMRAM                       dataCOMRAM   000000
__Leeprom_data                      eeprom_data  000000
__Lfarbss                           farbss       000000
__Lfardata                          fardata      000000
__Libigdata                         ibigdata     000000
__Lidata                            idata        000000
__LidataCOMRAM                      idataCOMRAM  000000
__Lidloc                            idloc        200000
__Lifardata                         ifardata     000000
__Linit                             init         00000E
__Lintcode                          intcode      000008
__Lintcode_body                     intcode_body 000000
__Lintcodelo                        intcodelo    00000E
__Lintentry                         intentry     000000
__Lintret                           intret       000000
__Lintsave_regs                     intsave_regs 000000
__Lirdata                           irdata       000000
__Lmediumconst                      mediumconst  000000
__LnvFARRAM                         nvFARRAM     000000
__Lnvbit                            nvbit        000000
__Lnvrram                           nvrram       000000
__Lparam                            rparam       000000
__Lpowerup                          powerup      00000E
__Lram                              ram          000000
__Lramtop                           ramtop       001000
__Lrbit                             rbit         000000
__Lrbss                             rbss         000000
__Lrdata                            rdata        000000
__Lreset_vec                        reset_vec    000000
__Lrparam                           rparam       000000
__Lsfr                              sfr          000000
__Lsmallconst                       smallconst   000000
__Lspace_0                          (abs)        000000
__Lspace_1                          (abs)        000000
__Lspace_2                          (abs)        000000
__Lstack                            stack        000000
__Lstruct                           struct       000000
__Ltemp                             temp         000070
__Ltext                             text         000000
__Ltext0                            text0        000000
__Ltext1                            text1        000000
__Ltext10                           text10       000000
__Ltext11                           text11       000000
__Ltext12                           text12       000000
__Ltext13                           text13       000000
__Ltext14                           text14       000000
__Ltext15                           text15       000000
__Ltext16                           text16       000000
__Ltext17                           text17       000000
__Ltext18                           text18       000000
__Ltext2                            text2        000000
__Ltext4                            text4        000000
__Ltext5                            text5        000000
__Ltext6                            text6        000000
__Ltext7                            text7        000000
__Ltext8                            text8        000000
__Ltext9                            text9        000000
__S0                                (abs)        30000E
__S1                                (abs)        00008C
__S2                                (abs)        000000
___awdiv                            text2        000A36
___awdiv@counter                    cstackBANK0  000084
___awdiv@dividend                   cstackBANK0  000080
___awdiv@divisor                    cstackBANK0  000082
___awdiv@quotient                   cstackBANK0  000086
___awdiv@sign                       cstackBANK0  000085
___awtoft                           text13       000E72
___awtoft@c                         cstackCOMRAM 000009
___awtoft@sign                      cstackCOMRAM 00000C
___ftge                             text18       000C3A
___ftge@ff1                         cstackCOMRAM 00001C
___ftge@ff2                         cstackCOMRAM 00001F
___ftmul                            text12       0006BA
___ftmul@cntr                       cstackCOMRAM 00001A
___ftmul@exp                        cstackCOMRAM 000016
___ftmul@f1                         cstackCOMRAM 00000D
___ftmul@f2                         cstackCOMRAM 000010
___ftmul@f3_as_product              cstackCOMRAM 000017
___ftmul@sign                       cstackCOMRAM 00001B
___ftpack                           text14       000AF4
___ftpack@arg                       cstackCOMRAM 000001
___ftpack@exp                       cstackCOMRAM 000004
___ftpack@sign                      cstackCOMRAM 000005
___inthi_sp                         stack        000000
___intlo_sp                         stack        000000
___param_bank                       (abs)        000000
___rparam_used                      (abs)        000001
___sp                               stack        000000
__accesstop                         (abs)        000080
__activetblptr                      (abs)        000000
__end_of_IRQ                        intcode_body 000C3A
__end_of___awdiv                    text2        000AF4
__end_of___awtoft                   text13       000EAA
__end_of___ftge                     text18       000CCA
__end_of___ftmul                    text12       0007AE
__end_of___ftpack                   text14       000BA2
__end_of__initialization            cinit        000ED6
__end_of_main                       text0        000E22
__end_of_open_close_gate_0          text15       000A36
__end_of_open_close_gate_1          text8        00095E
__end_of_open_close_gate_3          text5        000886
__end_of_readADC                    text11       000DBC
__end_of_servo_ISR_0                text10       0006BA
__end_of_servo_ISR_1                text7        000482
__end_of_servo_ISR_3                text4        00024A
__end_of_set_external_interrupt0    text16       000F82
__end_of_set_external_interrupt1    text9        000F4C
__end_of_set_external_interrupt3    text1        000E72
__end_ofi2___awdiv                  text17       000D4E
__end_ofi2_set_external_interrupt3  text6        000F16
__initialization                    cinit        000EAA
__mediumconst                       mediumconst  000000
__pbssCOMRAM                        bssCOMRAM    000038
__pcinit                            cinit        000EAA
__pcstackBANK0                      cstackBANK0  000080
__pcstackCOMRAM                     cstackCOMRAM 000001
__pdataCOMRAM                       dataCOMRAM   00005B
__pidataCOMRAM                      idataCOMRAM  000F82
__pintcode                          intcode      000008
__pintcode_body                     intcode_body 000BA2
__ptext0                            text0        000DBC
__ptext1                            text1        000E22
__ptext10                           text10       000482
__ptext11                           text11       000D4E
__ptext12                           text12       0006BA
__ptext13                           text13       000E72
__ptext14                           text14       000AF4
__ptext15                           text15       00095E
__ptext16                           text16       000F4C
__ptext17                           text17       000CCA
__ptext18                           text18       000C3A
__ptext2                            text2        000A36
__ptext4                            text4        000012
__ptext5                            text5        0007AE
__ptext6                            text6        000EE0
__ptext7                            text7        00024A
__ptext8                            text8        000886
__ptext9                            text9        000F16
__ramtop                            ramtop       001000
__size_of_IRQ                       (abs)        000000
__size_of___awdiv                   (abs)        000000
__size_of___awtoft                  (abs)        000000
__size_of___ftge                    (abs)        000000
__size_of___ftmul                   (abs)        000000
__size_of___ftpack                  (abs)        000000
__size_of_main                      (abs)        000000
__size_of_open_close_gate_0         (abs)        000000
__size_of_open_close_gate_1         (abs)        000000
__size_of_open_close_gate_3         (abs)        000000
__size_of_readADC                   (abs)        000000
__size_of_servo_ISR_0               (abs)        000000
__size_of_servo_ISR_1               (abs)        000000
__size_of_servo_ISR_3               (abs)        000000
__size_of_set_external_interrupt0   (abs)        000000
__size_of_set_external_interrupt1   (abs)        000000
__size_of_set_external_interrupt3   (abs)        000000
__size_ofi2___awdiv                 (abs)        000000
__size_ofi2_set_external_interrupt3 (abs)        000000
__smallconst                        smallconst   000000
_centre_down                        dataCOMRAM   000061
_centre_up                          dataCOMRAM   000063
_count0                             bssCOMRAM    00004F
_count1                             bssCOMRAM    000050
_count3                             bssCOMRAM    000051
_count_9V                           bssCOMRAM    000041
_count_AA                           bssCOMRAM    000043
_count_C                            bssCOMRAM    000045
_count_drained                      bssCOMRAM    000047
_current_state0                     bssCOMRAM    000052
_current_state1                     bssCOMRAM    000053
_current_state3                     bssCOMRAM    000054
_gate_flag0                         bssCOMRAM    000055
_gate_flag1                         bssCOMRAM    000056
_gate_flag3                         bssCOMRAM    000057
_gate_status0                       bssCOMRAM    000058
_gate_status1                       bssCOMRAM    000059
_gate_status3                       bssCOMRAM    00005A
_left_down                          dataCOMRAM   000065
_left_up                            dataCOMRAM   000067
_main                               text0        000DBC
_nRBPU                              (abs)        007F8F
_nominal_9V                         dataCOMRAM   00005B
_nominal_AA_C                       dataCOMRAM   00005E
_open_close_gate_0                  text15       00095E
_open_close_gate_1                  text8        000886
_open_close_gate_3                  text5        0007AE
_readADC                            text11       000D4E
_right_down                         dataCOMRAM   000069
_right_up                           dataCOMRAM   00006B
_servo_ISR_0                        text10       000482
_servo_ISR_1                        text7        00024A
_servo_ISR_3                        text4        000012
_set_external_interrupt0            text16       000F4C
_set_external_interrupt1            text9        000F16
_set_external_interrupt3            text1        000E22
_stage0                             dataCOMRAM   00006D
_stage1                             dataCOMRAM   00006E
_stage3                             dataCOMRAM   00006F
_volt_check0                        bssCOMRAM    000049
_volt_check1                        bssCOMRAM    00004B
_volt_check3                        bssCOMRAM    00004D
_voltage_9V                         bssCOMRAM    000038
_voltage_AA                         bssCOMRAM    00003B
_voltage_C                          bssCOMRAM    00003E
btemp                               temp         000070
end_of_initialization               cinit        000ED6
i2___awdiv                          text17       000CCA
i2___awdiv@counter                  cstackCOMRAM 000005
i2___awdiv@dividend                 cstackCOMRAM 000001
i2___awdiv@divisor                  cstackCOMRAM 000003
i2___awdiv@quotient                 cstackCOMRAM 000007
i2___awdiv@sign                     cstackCOMRAM 000006
i2_set_external_interrupt3          text6        000EE0
i2set_external_interrupt3@set_time  cstackCOMRAM 00000B
i2set_external_interrupt3@time      cstackCOMRAM 000009
int$flags                           temp         000070
int_func                            intcode_body 000BA2
intlevel0                           text         000000
intlevel1                           text         000000
intlevel2                           text         000000
intlevel3                           text         000000
open_close_gate_0@down_period       cstackCOMRAM 00000F
open_close_gate_0@up_period         cstackCOMRAM 00000D
open_close_gate_1@down_period       cstackCOMRAM 00000F
open_close_gate_1@up_period         cstackCOMRAM 00000D
open_close_gate_3@down_period       cstackCOMRAM 00000F
open_close_gate_3@up_period         cstackCOMRAM 00000D
readADC@channel                     cstackCOMRAM 000025
readADC@v                           cstackCOMRAM 000023
readADC@volt                        cstackCOMRAM 000020
servo_ISR_0@down_period             cstackCOMRAM 000026
servo_ISR_0@up_period               cstackCOMRAM 000028
servo_ISR_1@down_period             cstackCOMRAM 000026
servo_ISR_1@up_period               cstackCOMRAM 000028
servo_ISR_3@down_period             cstackCOMRAM 000026
servo_ISR_3@up_period               cstackCOMRAM 000028
set_external_interrupt0@set_time    cstackCOMRAM 00000B
set_external_interrupt0@time        cstackCOMRAM 000009
set_external_interrupt1@set_time    cstackCOMRAM 00000B
set_external_interrupt1@time        cstackCOMRAM 000009
set_external_interrupt3@set_time    cstackBANK0  00008A
set_external_interrupt3@time        cstackBANK0  000088
stackhi                             (abs)        000F7F
stacklo                             (abs)        00008C
start                               init         00000E
start_initialization                cinit        000EAA


FUNCTION INFORMATION:

 *************** function _main *****************
 Defined at:
		line 278 in file "main.c"
 Parameters:    Size  Location     Type
		None
 Auto vars:     Size  Location     Type
		None
 Return value:  Size  Location     Type
                  1    wreg      void 
 Registers used:
		wreg, status,2, status,0, cstack
 Tracked objects:
		On entry : 
		On exit  : 
		Unchanged: 
 Data sizes:     COMRAM   BANK0   BANK1   BANK2   BANK3   BANK4   BANK5   BANK6   BANK7   BANK8   BANK9  BANK10  BANK11  BANK12  BANK13  BANK14  BANK15
      Params:         0       0       0       0       0       0       0       0       0       0       0       0       0       0       0       0       0
      Locals:         0       0       0       0       0       0       0       0       0       0       0       0       0       0       0       0       0
      Temps:          0       0       0       0       0       0       0       0       0       0       0       0       0       0       0       0       0
      Totals:         0       0       0       0       0       0       0       0       0       0       0       0       0       0       0       0       0
Total ram usage:        0 bytes
 Hardware stack levels required when called:    7
 This function calls:
		_set_external_interrupt3
 This function is called by:
		Startup code after reset
 This function uses a non-reentrant model


 *************** function _set_external_interrupt3 *****************
 Defined at:
		line 70 in file "main.c"
 Parameters:    Size  Location     Type
  time            2    8[BANK0 ] int 
 Auto vars:     Size  Location     Type
  set_time        2   10[BANK0 ] unsigned int 
 Return value:  Size  Location     Type
                  1    wreg      void 
 Registers used:
		wreg, status,2, status,0, cstack
 Tracked objects:
		On entry : 
		On exit  : 
		Unchanged: 
 Data sizes:     COMRAM   BANK0   BANK1   BANK2   BANK3   BANK4   BANK5   BANK6   BANK7   BANK8   BANK9  BANK10  BANK11  BANK12  BANK13  BANK14  BANK15
      Params:         0       2       0       0       0       0       0       0       0       0       0       0       0       0       0       0       0
      Locals:         0       2       0       0       0       0       0       0       0       0       0       0       0       0       0       0       0
      Temps:          0       0       0       0       0       0       0       0       0       0       0       0       0       0       0       0       0
      Totals:         0       4       0       0       0       0       0       0       0       0       0       0       0       0       0       0       0
Total ram usage:        4 bytes
 Hardware stack levels used:    1
 Hardware stack levels required when called:    6
 This function calls:
		___awdiv
 This function is called by:
		_main
 This function uses a non-reentrant model


 *************** function ___awdiv *****************
 Defined at:
		line 8 in file "/Applications/microchip/xc8/v1.40/sources/common/awdiv.c"
 Parameters:    Size  Location     Type
  dividend        2    0[BANK0 ] int 
  divisor         2    2[BANK0 ] int 
 Auto vars:     Size  Location     Type
  quotient        2    6[BANK0 ] int 
  sign            1    5[BANK0 ] unsigned char 
  counter         1    4[BANK0 ] unsigned char 
 Return value:  Size  Location     Type
                  2    0[BANK0 ] int 
 Registers used:
		wreg, status,2, status,0
 Tracked objects:
		On entry : 
		On exit  : 
		Unchanged: 
 Data sizes:     COMRAM   BANK0   BANK1   BANK2   BANK3   BANK4   BANK5   BANK6   BANK7   BANK8   BANK9  BANK10  BANK11  BANK12  BANK13  BANK14  BANK15
      Params:         0       4       0       0       0       0       0       0       0       0       0       0       0       0       0       0       0
      Locals:         0       4       0       0       0       0       0       0       0       0       0       0       0       0       0       0       0
      Temps:          0       0       0       0       0       0       0       0       0       0       0       0       0       0       0       0       0
      Totals:         0       8       0       0       0       0       0       0       0       0       0       0       0       0       0       0       0
Total ram usage:        8 bytes
 Hardware stack levels used:    1
 Hardware stack levels required when called:    5
 This function calls:
		Nothing
 This function is called by:
		_set_external_interrupt3
 This function uses a non-reentrant model


 *************** function _IRQ *****************
 Defined at:
		line 756 in file "main.c"
 Parameters:    Size  Location     Type
		None
 Auto vars:     Size  Location     Type
		None
 Return value:  Size  Location     Type
                  1    wreg      void 
 Registers used:
		wreg, status,2, status,0, cstack
 Tracked objects:
		On entry : 
		On exit  : 
		Unchanged: 
 Data sizes:     COMRAM   BANK0   BANK1   BANK2   BANK3   BANK4   BANK5   BANK6   BANK7   BANK8   BANK9  BANK10  BANK11  BANK12  BANK13  BANK14  BANK15
      Params:         0       0       0       0       0       0       0       0       0       0       0       0       0       0       0       0       0
      Locals:         0       0       0       0       0       0       0       0       0       0       0       0       0       0       0       0       0
      Temps:         14       0       0       0       0       0       0       0       0       0       0       0       0       0       0       0       0
      Totals:        14       0       0       0       0       0       0       0       0       0       0       0       0       0       0       0       0
Total ram usage:       14 bytes
 Hardware stack levels used:    1
 Hardware stack levels required when called:    4
 This function calls:
		_servo_ISR_0
		_servo_ISR_1
		_servo_ISR_3
 This function is called by:
		Interrupt level 2
 This function uses a non-reentrant model


 *************** function _servo_ISR_3 *****************
 Defined at:
		line 619 in file "main.c"
 Parameters:    Size  Location     Type
		None
 Auto vars:     Size  Location     Type
  up_period       2   39[COMRAM] volatile int 
  down_period     2   37[COMRAM] volatile int 
 Return value:  Size  Location     Type
                  1    wreg      void 
 Registers used:
		wreg, status,2, status,0, cstack
 Tracked objects:
		On entry : 
		On exit  : 
		Unchanged: 
 Data sizes:     COMRAM   BANK0   BANK1   BANK2   BANK3   BANK4   BANK5   BANK6   BANK7   BANK8   BANK9  BANK10  BANK11  BANK12  BANK13  BANK14  BANK15
      Params:         0       0       0       0       0       0       0       0       0       0       0       0       0       0       0       0       0
      Locals:         4       0       0       0       0       0       0       0       0       0       0       0       0       0       0       0       0
      Temps:          0       0       0       0       0       0       0       0       0       0       0       0       0       0       0       0       0
      Totals:         4       0       0       0       0       0       0       0       0       0       0       0       0       0       0       0       0
Total ram usage:        4 bytes
 Hardware stack levels used:    1
 Hardware stack levels required when called:    3
 This function calls:
		___ftge
		___ftmul
		_open_close_gate_3
		_readADC
		i2_set_external_interrupt3
 This function is called by:
		_IRQ
 This function uses a non-reentrant model


 *************** function _open_close_gate_3 *****************
 Defined at:
		line 212 in file "main.c"
 Parameters:    Size  Location     Type
		None
 Auto vars:     Size  Location     Type
  down_period     2   14[COMRAM] volatile int 
  up_period       2   12[COMRAM] volatile int 
 Return value:  Size  Location     Type
                  1    wreg      void 
 Registers used:
		wreg, status,2, status,0, cstack
 Tracked objects:
		On entry : 
		On exit  : 
		Unchanged: 
 Data sizes:     COMRAM   BANK0   BANK1   BANK2   BANK3   BANK4   BANK5   BANK6   BANK7   BANK8   BANK9  BANK10  BANK11  BANK12  BANK13  BANK14  BANK15
      Params:         0       0       0       0       0       0       0       0       0       0       0       0       0       0       0       0       0
      Locals:         4       0       0       0       0       0       0       0       0       0       0       0       0       0       0       0       0
      Temps:          0       0       0       0       0       0       0       0       0       0       0       0       0       0       0       0       0
      Totals:         4       0       0       0       0       0       0       0       0       0       0       0       0       0       0       0       0
Total ram usage:        4 bytes
 Hardware stack levels used:    1
 Hardware stack levels required when called:    2
 This function calls:
		i2_set_external_interrupt3
 This function is called by:
		_servo_ISR_3
 This function uses a non-reentrant model


 *************** function i2_set_external_interrupt3 *****************
 Defined at:
		line 70 in file "main.c"
 Parameters:    Size  Location     Type
  time            2    8[COMRAM] int 
 Auto vars:     Size  Location     Type
  set_external    2   10[COMRAM] unsigned int 
 Return value:  Size  Location     Type
                  1    wreg      void 
 Registers used:
		wreg, status,2, status,0, cstack
 Tracked objects:
		On entry : 
		On exit  : 
		Unchanged: 
 Data sizes:     COMRAM   BANK0   BANK1   BANK2   BANK3   BANK4   BANK5   BANK6   BANK7   BANK8   BANK9  BANK10  BANK11  BANK12  BANK13  BANK14  BANK15
      Params:         2       0       0       0       0       0       0       0       0       0       0       0       0       0       0       0       0
      Locals:         2       0       0       0       0       0       0       0       0       0       0       0       0       0       0       0       0
      Temps:          0       0       0       0       0       0       0       0       0       0       0       0       0       0       0       0       0
      Totals:         4       0       0       0       0       0       0       0       0       0       0       0       0       0       0       0       0
Total ram usage:        4 bytes
 Hardware stack levels used:    1
 Hardware stack levels required when called:    1
 This function calls:
		i2___awdiv
 This function is called by:
		_open_close_gate_3
		_servo_ISR_3
 This function uses a non-reentrant model


 *************** function _servo_ISR_1 *****************
 Defined at:
		line 482 in file "main.c"
 Parameters:    Size  Location     Type
		None
 Auto vars:     Size  Location     Type
  up_period       2   39[COMRAM] volatile int 
  down_period     2   37[COMRAM] volatile int 
 Return value:  Size  Location     Type
                  1    wreg      void 
 Registers used:
		wreg, status,2, status,0, cstack
 Tracked objects:
		On entry : 
		On exit  : 
		Unchanged: 
 Data sizes:     COMRAM   BANK0   BANK1   BANK2   BANK3   BANK4   BANK5   BANK6   BANK7   BANK8   BANK9  BANK10  BANK11  BANK12  BANK13  BANK14  BANK15
      Params:         0       0       0       0       0       0       0       0       0       0       0       0       0       0       0       0       0
      Locals:         4       0       0       0       0       0       0       0       0       0       0       0       0       0       0       0       0
      Temps:          0       0       0       0       0       0       0       0       0       0       0       0       0       0       0       0       0
      Totals:         4       0       0       0       0       0       0       0       0       0       0       0       0       0       0       0       0
Total ram usage:        4 bytes
 Hardware stack levels used:    1
 Hardware stack levels required when called:    3
 This function calls:
		___ftge
		___ftmul
		_open_close_gate_1
		_readADC
		_set_external_interrupt1
 This function is called by:
		_IRQ
 This function uses a non-reentrant model


 *************** function _open_close_gate_1 *****************
 Defined at:
		line 146 in file "main.c"
 Parameters:    Size  Location     Type
		None
 Auto vars:     Size  Location     Type
  down_period     2   14[COMRAM] volatile int 
  up_period       2   12[COMRAM] volatile int 
 Return value:  Size  Location     Type
                  1    wreg      void 
 Registers used:
		wreg, status,2, status,0, cstack
 Tracked objects:
		On entry : 
		On exit  : 
		Unchanged: 
 Data sizes:     COMRAM   BANK0   BANK1   BANK2   BANK3   BANK4   BANK5   BANK6   BANK7   BANK8   BANK9  BANK10  BANK11  BANK12  BANK13  BANK14  BANK15
      Params:         0       0       0       0       0       0       0       0       0       0       0       0       0       0       0       0       0
      Locals:         4       0       0       0       0       0       0       0       0       0       0       0       0       0       0       0       0
      Temps:          0       0       0       0       0       0       0       0       0       0       0       0       0       0       0       0       0
      Totals:         4       0       0       0       0       0       0       0       0       0       0       0       0       0       0       0       0
Total ram usage:        4 bytes
 Hardware stack levels used:    1
 Hardware stack levels required when called:    2
 This function calls:
		_set_external_interrupt1
 This function is called by:
		_servo_ISR_1
 This function uses a non-reentrant model


 *************** function _set_external_interrupt1 *****************
 Defined at:
		line 60 in file "main.c"
 Parameters:    Size  Location     Type
  time            2    8[COMRAM] int 
 Auto vars:     Size  Location     Type
  set_time        2   10[COMRAM] unsigned int 
 Return value:  Size  Location     Type
                  1    wreg      void 
 Registers used:
		wreg, status,2, status,0, cstack
 Tracked objects:
		On entry : 
		On exit  : 
		Unchanged: 
 Data sizes:     COMRAM   BANK0   BANK1   BANK2   BANK3   BANK4   BANK5   BANK6   BANK7   BANK8   BANK9  BANK10  BANK11  BANK12  BANK13  BANK14  BANK15
      Params:         2       0       0       0       0       0       0       0       0       0       0       0       0       0       0       0       0
      Locals:         2       0       0       0       0       0       0       0       0       0       0       0       0       0       0       0       0
      Temps:          0       0       0       0       0       0       0       0       0       0       0       0       0       0       0       0       0
      Totals:         4       0       0       0       0       0       0       0       0       0       0       0       0       0       0       0       0
Total ram usage:        4 bytes
 Hardware stack levels used:    1
 Hardware stack levels required when called:    1
 This function calls:
		i2___awdiv
 This function is called by:
		_open_close_gate_1
		_servo_ISR_1
 This function uses a non-reentrant model


 *************** function _servo_ISR_0 *****************
 Defined at:
		line 343 in file "main.c"
 Parameters:    Size  Location     Type
		None
 Auto vars:     Size  Location     Type
  up_period       2   39[COMRAM] volatile int 
  down_period     2   37[COMRAM] volatile int 
 Return value:  Size  Location     Type
                  1    wreg      void 
 Registers used:
		wreg, status,2, status,0, cstack
 Tracked objects:
		On entry : 
		On exit  : 
		Unchanged: 
 Data sizes:     COMRAM   BANK0   BANK1   BANK2   BANK3   BANK4   BANK5   BANK6   BANK7   BANK8   BANK9  BANK10  BANK11  BANK12  BANK13  BANK14  BANK15
      Params:         0       0       0       0       0       0       0       0       0       0       0       0       0       0       0       0       0
      Locals:         4       0       0       0       0       0       0       0       0       0       0       0       0       0       0       0       0
      Temps:          0       0       0       0       0       0       0       0       0       0       0       0       0       0       0       0       0
      Totals:         4       0       0       0       0       0       0       0       0       0       0       0       0       0       0       0       0
Total ram usage:        4 bytes
 Hardware stack levels used:    1
 Hardware stack levels required when called:    3
 This function calls:
		___ftge
		___ftmul
		_open_close_gate_0
		_readADC
		_set_external_interrupt0
 This function is called by:
		_IRQ
 This function uses a non-reentrant model


 *************** function _readADC *****************
 Defined at:
		line 15 in file "ADC.c"
 Parameters:    Size  Location     Type
  channel         1    wreg     unsigned char 
 Auto vars:     Size  Location     Type
  channel         1   36[COMRAM] unsigned char 
  volt            3   31[COMRAM] float 
  v               2   34[COMRAM] int 
 Return value:  Size  Location     Type
                  3   27[COMRAM] float 
 Registers used:
		wreg, status,2, status,0, cstack
 Tracked objects:
		On entry : 
		On exit  : 
		Unchanged: 
 Data sizes:     COMRAM   BANK0   BANK1   BANK2   BANK3   BANK4   BANK5   BANK6   BANK7   BANK8   BANK9  BANK10  BANK11  BANK12  BANK13  BANK14  BANK15
      Params:         3       0       0       0       0       0       0       0       0       0       0       0       0       0       0       0       0
      Locals:         6       0       0       0       0       0       0       0       0       0       0       0       0       0       0       0       0
      Temps:          1       0       0       0       0       0       0       0       0       0       0       0       0       0       0       0       0
      Totals:        10       0       0       0       0       0       0       0       0       0       0       0       0       0       0       0       0
Total ram usage:       10 bytes
 Hardware stack levels used:    1
 Hardware stack levels required when called:    2
 This function calls:
		___awtoft
		___ftmul
 This function is called by:
		_servo_ISR_0
		_servo_ISR_1
		_servo_ISR_3
 This function uses a non-reentrant model


 *************** function ___ftmul *****************
 Defined at:
		line 62 in file "/Applications/microchip/xc8/v1.40/sources/common/ftmul.c"
 Parameters:    Size  Location     Type
  f1              3   12[COMRAM] float 
  f2              3   15[COMRAM] float 
 Auto vars:     Size  Location     Type
  f3_as_produc    3   22[COMRAM] unsigned um
  sign            1   26[COMRAM] unsigned char 
  cntr            1   25[COMRAM] unsigned char 
  exp             1   21[COMRAM] unsigned char 
 Return value:  Size  Location     Type
                  3   12[COMRAM] float 
 Registers used:
		wreg, status,2, status,0, cstack
 Tracked objects:
		On entry : 
		On exit  : 
		Unchanged: 
 Data sizes:     COMRAM   BANK0   BANK1   BANK2   BANK3   BANK4   BANK5   BANK6   BANK7   BANK8   BANK9  BANK10  BANK11  BANK12  BANK13  BANK14  BANK15
      Params:         6       0       0       0       0       0       0       0       0       0       0       0       0       0       0       0       0
      Locals:         6       0       0       0       0       0       0       0       0       0       0       0       0       0       0       0       0
      Temps:          3       0       0       0       0       0       0       0       0       0       0       0       0       0       0       0       0
      Totals:        15       0       0       0       0       0       0       0       0       0       0       0       0       0       0       0       0
Total ram usage:       15 bytes
 Hardware stack levels used:    1
 Hardware stack levels required when called:    1
 This function calls:
		___ftpack
 This function is called by:
		_servo_ISR_0
		_servo_ISR_1
		_servo_ISR_3
		_readADC
 This function uses a non-reentrant model


 *************** function ___awtoft *****************
 Defined at:
		line 32 in file "/Applications/microchip/xc8/v1.40/sources/common/awtoft.c"
 Parameters:    Size  Location     Type
  c               2    8[COMRAM] int 
 Auto vars:     Size  Location     Type
  sign            1   11[COMRAM] unsigned char 
 Return value:  Size  Location     Type
                  3    8[COMRAM] float 
 Registers used:
		wreg, status,2, status,0, cstack
 Tracked objects:
		On entry : 
		On exit  : 
		Unchanged: 
 Data sizes:     COMRAM   BANK0   BANK1   BANK2   BANK3   BANK4   BANK5   BANK6   BANK7   BANK8   BANK9  BANK10  BANK11  BANK12  BANK13  BANK14  BANK15
      Params:         3       0       0       0       0       0       0       0       0       0       0       0       0       0       0       0       0
      Locals:         1       0       0       0       0       0       0       0       0       0       0       0       0       0       0       0       0
      Temps:          0       0       0       0       0       0       0       0       0       0       0       0       0       0       0       0       0
      Totals:         4       0       0       0       0       0       0       0       0       0       0       0       0       0       0       0       0
Total ram usage:        4 bytes
 Hardware stack levels used:    1
 Hardware stack levels required when called:    1
 This function calls:
		___ftpack
 This function is called by:
		_readADC
 This function uses a non-reentrant model


 *************** function ___ftpack *****************
 Defined at:
		line 62 in file "/Applications/microchip/xc8/v1.40/sources/common/float.c"
 Parameters:    Size  Location     Type
  arg             3    0[COMRAM] unsigned um
  exp             1    3[COMRAM] unsigned char 
  sign            1    4[COMRAM] unsigned char 
 Auto vars:     Size  Location     Type
		None
 Return value:  Size  Location     Type
                  3    0[COMRAM] float 
 Registers used:
		wreg, status,2, status,0
 Tracked objects:
		On entry : 
		On exit  : 
		Unchanged: 
 Data sizes:     COMRAM   BANK0   BANK1   BANK2   BANK3   BANK4   BANK5   BANK6   BANK7   BANK8   BANK9  BANK10  BANK11  BANK12  BANK13  BANK14  BANK15
      Params:         5       0       0       0       0       0       0       0       0       0       0       0       0       0       0       0       0
      Locals:         0       0       0       0       0       0       0       0       0       0       0       0       0       0       0       0       0
      Temps:          3       0       0       0       0       0       0       0       0       0       0       0       0       0       0       0       0
      Totals:         8       0       0       0       0       0       0       0       0       0       0       0       0       0       0       0       0
Total ram usage:        8 bytes
 Hardware stack levels used:    1
 This function calls:
		Nothing
 This function is called by:
		___awtoft
		___ftmul
 This function uses a non-reentrant model


 *************** function _open_close_gate_0 *****************
 Defined at:
		line 80 in file "main.c"
 Parameters:    Size  Location     Type
		None
 Auto vars:     Size  Location     Type
  down_period     2   14[COMRAM] volatile int 
  up_period       2   12[COMRAM] volatile int 
 Return value:  Size  Location     Type
                  1    wreg      void 
 Registers used:
		wreg, status,2, status,0, cstack
 Tracked objects:
		On entry : 
		On exit  : 
		Unchanged: 
 Data sizes:     COMRAM   BANK0   BANK1   BANK2   BANK3   BANK4   BANK5   BANK6   BANK7   BANK8   BANK9  BANK10  BANK11  BANK12  BANK13  BANK14  BANK15
      Params:         0       0       0       0       0       0       0       0       0       0       0       0       0       0       0       0       0
      Locals:         4       0       0       0       0       0       0       0       0       0       0       0       0       0       0       0       0
      Temps:          0       0       0       0       0       0       0       0       0       0       0       0       0       0       0       0       0
      Totals:         4       0       0       0       0       0       0       0       0       0       0       0       0       0       0       0       0
Total ram usage:        4 bytes
 Hardware stack levels used:    1
 Hardware stack levels required when called:    2
 This function calls:
		_set_external_interrupt0
 This function is called by:
		_servo_ISR_0
 This function uses a non-reentrant model


 *************** function _set_external_interrupt0 *****************
 Defined at:
		line 50 in file "main.c"
 Parameters:    Size  Location     Type
  time            2    8[COMRAM] int 
 Auto vars:     Size  Location     Type
  set_time        2   10[COMRAM] unsigned int 
 Return value:  Size  Location     Type
                  1    wreg      void 
 Registers used:
		wreg, status,2, status,0, cstack
 Tracked objects:
		On entry : 
		On exit  : 
		Unchanged: 
 Data sizes:     COMRAM   BANK0   BANK1   BANK2   BANK3   BANK4   BANK5   BANK6   BANK7   BANK8   BANK9  BANK10  BANK11  BANK12  BANK13  BANK14  BANK15
      Params:         2       0       0       0       0       0       0       0       0       0       0       0       0       0       0       0       0
      Locals:         2       0       0       0       0       0       0       0       0       0       0       0       0       0       0       0       0
      Temps:          0       0       0       0       0       0       0       0       0       0       0       0       0       0       0       0       0
      Totals:         4       0       0       0       0       0       0       0       0       0       0       0       0       0       0       0       0
Total ram usage:        4 bytes
 Hardware stack levels used:    1
 Hardware stack levels required when called:    1
 This function calls:
		i2___awdiv
 This function is called by:
		_open_close_gate_0
		_servo_ISR_0
 This function uses a non-reentrant model


 *************** function i2___awdiv *****************
 Defined at:
		line 8 in file "/Applications/microchip/xc8/v1.40/sources/common/awdiv.c"
 Parameters:    Size  Location     Type
  dividend        2    0[COMRAM] int 
  divisor         2    2[COMRAM] int 
 Auto vars:     Size  Location     Type
  __awdiv         2    6[COMRAM] int 
  __awdiv         1    5[COMRAM] unsigned char 
  __awdiv         1    4[COMRAM] unsigned char 
 Return value:  Size  Location     Type
                  2    0[COMRAM] int 
 Registers used:
		wreg, status,2, status,0
 Tracked objects:
		On entry : 
		On exit  : 
		Unchanged: 
 Data sizes:     COMRAM   BANK0   BANK1   BANK2   BANK3   BANK4   BANK5   BANK6   BANK7   BANK8   BANK9  BANK10  BANK11  BANK12  BANK13  BANK14  BANK15
      Params:         4       0       0       0       0       0       0       0       0       0       0       0       0       0       0       0       0
      Locals:         4       0       0       0       0       0       0       0       0       0       0       0       0       0       0       0       0
      Temps:          0       0       0       0       0       0       0       0       0       0       0       0       0       0       0       0       0
      Totals:         8       0       0       0       0       0       0       0       0       0       0       0       0       0       0       0       0
Total ram usage:        8 bytes
 Hardware stack levels used:    1
 This function calls:
		Nothing
 This function is called by:
		_set_external_interrupt0
		_set_external_interrupt1
		i2_set_external_interrupt3
 This function uses a non-reentrant model


 *************** function ___ftge *****************
 Defined at:
		line 4 in file "/Applications/microchip/xc8/v1.40/sources/common/ftge.c"
 Parameters:    Size  Location     Type
  ff1             3   27[COMRAM] float 
  ff2             3   30[COMRAM] float 
 Auto vars:     Size  Location     Type
		None
 Return value:  Size  Location     Type
		None               void
 Registers used:
		wreg, status,2, status,0
 Tracked objects:
		On entry : 
		On exit  : 
		Unchanged: 
 Data sizes:     COMRAM   BANK0   BANK1   BANK2   BANK3   BANK4   BANK5   BANK6   BANK7   BANK8   BANK9  BANK10  BANK11  BANK12  BANK13  BANK14  BANK15
      Params:         6       0       0       0       0       0       0       0       0       0       0       0       0       0       0       0       0
      Locals:         0       0       0       0       0       0       0       0       0       0       0       0       0       0       0       0       0
      Temps:          3       0       0       0       0       0       0       0       0       0       0       0       0       0       0       0       0
      Totals:         9       0       0       0       0       0       0       0       0       0       0       0       0       0       0       0       0
Total ram usage:        9 bytes
 Hardware stack levels used:    1
 This function calls:
		Nothing
 This function is called by:
		_servo_ISR_0
		_servo_ISR_1
		_servo_ISR_3
 This function uses a non-reentrant model



MODULE INFORMATION

Module		Function		Class		Link	Load	Size
/Applications/microchip/xc8/v1.40/sources/common/awtoft.c
		___awtoft      		CODE           	0E72	0000	57

/Applications/microchip/xc8/v1.40/sources/common/awtoft.c estimated size: 57

/Applications/microchip/xc8/v1.40/sources/common/float.c
		___ftpack      		CODE           	0AF4	0000	175

/Applications/microchip/xc8/v1.40/sources/common/float.c estimated size: 175

/Applications/microchip/xc8/v1.40/sources/common/ftmul.c
		___ftmul       		CODE           	06BA	0000	245

/Applications/microchip/xc8/v1.40/sources/common/ftmul.c estimated size: 245

/Applications/microchip/xc8/v1.40/sources/common/awdiv.c
		___awdiv       		CODE           	0A36	0000	191

/Applications/microchip/xc8/v1.40/sources/common/awdiv.c estimated size: 191

/Applications/microchip/xc8/v1.40/sources/common/ftge.c
		___ftge        		CODE           	0C3A	0000	145

/Applications/microchip/xc8/v1.40/sources/common/ftge.c estimated size: 145

shared
		i2_set_external_interrupt3		CODE           	0EE0	0000	55
		i2___awdiv     		CODE           	0CCA	0000	133
		__initialization		CODE           	0EAA	0000	45

shared estimated size: 233

ADC.c
		_readADC       		CODE           	0D4E	0000	111

ADC.c estimated size: 111

main.c
		_set_external_interrupt3		CODE           	0E22	0000	81
		_IRQ           		CODE           	0008	0000	159
		_main          		CODE           	0DBC	0000	103
		_servo_ISR_0   		CODE           	0482	0000	569
		_servo_ISR_1   		CODE           	024A	0000	569
		_servo_ISR_3   		CODE           	0012	0000	569
		_set_external_interrupt1		CODE           	0F16	0000	55
		_open_close_gate_0		CODE           	095E	0000	217
		_open_close_gate_1		CODE           	0886	0000	217
		_open_close_gate_3		CODE           	07AE	0000	217
		_set_external_interrupt0		CODE           	0F4C	0000	55

main.c estimated size: 2811

